Component: ARM Compiler 5.05 update 1 (build 106) Tool: armlink [4d0efa]

==============================================================================

Section Cross References

    main.o(i.Auto_task) refers to function.o(i.delay) for delay
    main.o(i.Control_task) refers to function.o(i.MotoStop) for MotoStop
    main.o(i.Control_task) refers to function.o(i.delay) for delay
    main.o(i.Control_task) refers to modbus_slave.o(.bss) for PLC_Data
    main.o(i.Control_task) refers to function.o(.data) for ld_juli
    main.o(i.Control_task) refers to function.o(.bss) for All_flag
    main.o(i.Control_task) refers to can.o(.data) for Input
    main.o(i.DEMO1_task) refers to tlc5620.o(i.TLC5620_OUTnum) for TLC5620_OUTnum
    main.o(i.DEMO1_task) refers to function.o(i.delay) for delay
    main.o(i.DEMO2_task) refers to iwdg.o(i.IWDG_Feed) for IWDG_Feed
    main.o(i.DEMO2_task) refers to function.o(i.delay) for delay
    main.o(i.DEMO_task) refers to oled_i2c.o(i.OLED_Print) for OLED_Print
    main.o(i.DEMO_task) refers to function.o(i.delay) for delay
    main.o(i.DEMO_task) refers to can.o(.bss) for YaoKong
    main.o(i.Manual_task) refers to function.o(i.CanSend_data) for CanSend_data
    main.o(i.Manual_task) refers to function.o(i.Motor_Zzhuan) for Motor_Zzhuan
    main.o(i.Manual_task) refers to function.o(i.delay) for delay
    main.o(i.Manual_task) refers to function.o(i.MotoStop) for MotoStop
    main.o(i.Manual_task) refers to function.o(i.Motor_Fzhuan) for Motor_Fzhuan
    main.o(i.Manual_task) refers to function.o(.bss) for All_flag
    main.o(i.Manual_task) refers to can.o(.data) for Input
    main.o(i.Manual_task) refers to modbus_slave.o(.bss) for PLC_Data
    main.o(i.PID_task) refers to function.o(i.delay) for delay
    main.o(i.PID_task) refers to main.o(.data) for cy_time
    main.o(i.Screen_task) refers to delay.o(i.osdelay_ms) for osdelay_ms
    main.o(i.Screen_task) refers to route.o(i.GetRouteStationNum) for GetRouteStationNum
    main.o(i.Screen_task) refers to route.o(i.GetRouteData) for GetRouteData
    main.o(i.Screen_task) refers to route.o(i.SetRouteData) for SetRouteData
    main.o(i.Screen_task) refers to route.o(i.UpdataStationToHmi) for UpdataStationToHmi
    main.o(i.Screen_task) refers to route.o(i.ClearStationToHmi) for ClearStationToHmi
    main.o(i.Screen_task) refers to route.o(i.UpdataStationToNow) for UpdataStationToNow
    main.o(i.Screen_task) refers to route.o(i.SetStationData) for SetStationData
    main.o(i.Screen_task) refers to modbus_slave.o(.bss) for PLC_Data
    main.o(i.Screen_task) refers to route.o(.data) for HmiRouteCopiedNumTemp
    main.o(i.Screen_task) refers to function.o(.data) for keynumber
    main.o(i.Screen_task) refers to route.o(.bss) for NowRouteInfor
    main.o(i.Screen_task) refers to function.o(i.delay) for delay
    main.o(i.Screen_task) refers to route.o(i.SetAllParameterToSystem) for SetAllParameterToSystem
    main.o(i.Screen_task) refers to route.o(i.GetProcessData) for GetProcessData
    main.o(i.Screen_task) refers to route.o(i.ClearStepToHmi) for ClearStepToHmi
    main.o(i.Screen_task) refers to route.o(i.UpdataProcessToHmi) for UpdataProcessToHmi
    main.o(i.Screen_task) refers to route.o(i.GetProcessStepNum) for GetProcessStepNum
    main.o(i.Screen_task) refers to route.o(i.GetProcessDataFrom) for GetProcessDataFrom
    main.o(i.Screen_task) refers to route.o(i.SetProcessData) for SetProcessData
    main.o(i.Screen_task) refers to route.o(i.InsertProcessData) for InsertProcessData
    main.o(i.Screen_task) refers to route.o(i.DeleteProcessData) for DeleteProcessData
    main.o(i.Screen_task) refers to os_task.o(i.OSTaskDel) for OSTaskDel
    main.o(i.Screen_task) refers to os_task.o(i.OSTaskCreate) for OSTaskCreate
    main.o(i.Screen_task) refers to route.o(i.SetOneParameterToSystem) for SetOneParameterToSystem
    main.o(i.Screen_task) refers to route.o(i.HmiAutoReload) for HmiAutoReload
    main.o(i.Screen_task) refers to function.o(.bss) for All_flag
    main.o(i.Screen_task) refers to main.o(.bss) for Task5_TaskTCB
    main.o(i.Screen_task) refers to main.o(i.Task5_task) for Task5_task
    main.o(i.Task5_task) refers to function.o(i.delay) for delay
    main.o(i.Transducer_task) refers to function.o(i.delay) for delay
    main.o(i.Transducer_task) refers to modbus_slave.o(.bss) for PLC_OutPut
    main.o(i.WIFI_task) refers to function.o(i.delay) for delay
    main.o(i.float_task) refers to function.o(i.delay) for delay
    main.o(i.float_task) refers to function.o(.bss) for All_flag
    main.o(i.float_task) refers to modbus_slave.o(.bss) for PLC_OutPut
    main.o(i.main) refers to delay.o(i.delay_init) for delay_init
    main.o(i.main) refers to misc.o(i.NVIC_PriorityGroupConfig) for NVIC_PriorityGroupConfig
    main.o(i.main) refers to led.o(i.LED_Init) for LED_Init
    main.o(i.main) refers to dma.o(i.DMA_adc1_Init) for DMA_adc1_Init
    main.o(i.main) refers to dma.o(i.DMA_Uart4_Init) for DMA_Uart4_Init
[...]
    RCC_GetClocksFreq                        0x08008ff1   Thumb Code   214  stm32f4xx_rcc.o(i.RCC_GetClocksFreq)
    Recirve_01                               0x080090d9   Thumb Code   230  modbus_slave.o(i.Recirve_01)
    Recirve_02                               0x080091d5   Thumb Code   296  modbus_slave.o(i.Recirve_02)
    Recirve_03                               0x08009311   Thumb Code   168  modbus_slave.o(i.Recirve_03)
    Recirve_04                               0x080093cd   Thumb Code   226  modbus_slave.o(i.Recirve_04)
    Recirve_05                               0x080094c5   Thumb Code   114  modbus_slave.o(i.Recirve_05)
    Recirve_06                               0x0800954d   Thumb Code   136  modbus_slave.o(i.Recirve_06)
    Recirve_10                               0x080095e9   Thumb Code   164  modbus_slave.o(i.Recirve_10)
    SPI2_ReadWriteByte                       0x080096a1   Thumb Code    78  spi.o(i.SPI2_ReadWriteByte)
    SPI_I2S_GetFlagStatus                    0x080096f5   Thumb Code    18  stm32f4xx_spi.o(i.SPI_I2S_GetFlagStatus)
    SPI_I2S_ReceiveData                      0x08009707   Thumb Code     6  stm32f4xx_spi.o(i.SPI_I2S_ReceiveData)
    SPI_I2S_SendData                         0x0800970d   Thumb Code     4  stm32f4xx_spi.o(i.SPI_I2S_SendData)
    SVC_Handler                              0x08009711   Thumb Code     2  stm32f4xx_it.o(i.SVC_Handler)
    Screen_task                              0x08009715   Thumb Code  2988  main.o(i.Screen_task)
    SetAllParameterToSystem                  0x0800a2e9   Thumb Code    14  route.o(i.SetAllParameterToSystem)
    SetOneParameterToSystem                  0x0800a2fd   Thumb Code    20  route.o(i.SetOneParameterToSystem)
    SetProcessData                           0x0800a311   Thumb Code   178  route.o(i.SetProcessData)
    SetRouteData                             0x0800a3d9   Thumb Code   100  route.o(i.SetRouteData)
    SetStationData                           0x0800a449   Thumb Code    82  route.o(i.SetStationData)
    SysTick_CLKSourceConfig                  0x0800a595   Thumb Code    40  misc.o(i.SysTick_CLKSourceConfig)
    SysTick_Handler                          0x0800a5bd   Thumb Code    24  delay.o(i.SysTick_Handler)
    SystemInit                               0x0800a5d9   Thumb Code    88  system_stm32f4xx.o(i.SystemInit)
    TIM1_BRK_TIM9_IRQHandler                 0x0800a641   Thumb Code    60  capcount9.o(i.TIM1_BRK_TIM9_IRQHandler)
    TIM2_IRQHandler                          0x0800a689   Thumb Code    74  timer2.o(i.TIM2_IRQHandler)
    TIM3_IRQHandler                          0x0800a6f5   Thumb Code    60  capcount3.o(i.TIM3_IRQHandler)
    TIM_ClearITPendingBit                    0x0800a73d   Thumb Code     6  stm32f4xx_tim.o(i.TIM_ClearITPendingBit)
    TIM_GetITStatus                          0x0800a743   Thumb Code    34  stm32f4xx_tim.o(i.TIM_GetITStatus)
    TIM_SetCompare1                          0x0800a765   Thumb Code     4  stm32f4xx_tim.o(i.TIM_SetCompare1)
    TIM_SetCompare2                          0x0800a769   Thumb Code     4  stm32f4xx_tim.o(i.TIM_SetCompare2)
    TIM_SetCompare3                          0x0800a76d   Thumb Code     4  stm32f4xx_tim.o(i.TIM_SetCompare3)
    TIM_SetCompare4                          0x0800a771   Thumb Code     4  stm32f4xx_tim.o(i.TIM_SetCompare4)
    TLC5620_Init                             0x0800a775   Thumb Code   108  tlc5620.o(i.TLC5620_Init)
    TLC5620_OUTnum                           0x0800a7f9   Thumb Code   320  tlc5620.o(i.TLC5620_OUTnum)
    Task5_task                               0x0800a949   Thumb Code    18  main.o(i.Task5_task)
    Transducer_task                          0x0800a95d   Thumb Code    24  main.o(i.Transducer_task)
    UART4_IRQHandler                         0x0800a979   Thumb Code   166  stm32f4xx_it.o(i.UART4_IRQHandler)
    USART1_Configuration                     0x0800aa39   Thumb Code   132  usart.o(i.USART1_Configuration)
    USART2_Configuration                     0x0800aac5   Thumb Code   192  usart.o(i.USART2_Configuration)
    USART2_IRQHandler                        0x0800ab8d   Thumb Code   206  stm32f4xx_it.o(i.USART2_IRQHandler)
    USART3_Configuration                     0x0800ac7d   Thumb Code   194  usart.o(i.USART3_Configuration)
    USART3_IRQHandler                        0x0800ad4d   Thumb Code   182  stm32f4xx_it.o(i.USART3_IRQHandler)
    USART4_Configuration                     0x0800ae21   Thumb Code   228  usart.o(i.USART4_Configuration)
    USART6_IRQHandler                        0x0800af0d   Thumb Code    76  stm32f4xx_it.o(i.USART6_IRQHandler)
    USART_ClearFlag                          0x0800af69   Thumb Code    18  stm32f4xx_usart.o(i.USART_ClearFlag)
    USART_ClearITPendingBit                  0x0800af7b   Thumb Code    30  stm32f4xx_usart.o(i.USART_ClearITPendingBit)
    USART_Cmd                                0x0800af99   Thumb Code    24  stm32f4xx_usart.o(i.USART_Cmd)
    USART_DMACmd                             0x0800afb1   Thumb Code    18  stm32f4xx_usart.o(i.USART_DMACmd)
    USART_GetITStatus                        0x0800afc3   Thumb Code    84  stm32f4xx_usart.o(i.USART_GetITStatus)
    USART_ITConfig                           0x0800b017   Thumb Code    74  stm32f4xx_usart.o(i.USART_ITConfig)
    USART_Init                               0x0800b061   Thumb Code   204  stm32f4xx_usart.o(i.USART_Init)
    Uart3_Start_DMA_Tx                       0x0800b135   Thumb Code    22  dma.o(i.Uart3_Start_DMA_Tx)
    Uart4_Start_DMA_Tx                       0x0800b151   Thumb Code    30  dma.o(i.Uart4_Start_DMA_Tx)
    UpdataProcessToHmi                       0x0800b179   Thumb Code    78  route.o(i.UpdataProcessToHmi)
    UpdataStationToHmi                       0x0800b1d1   Thumb Code   202  route.o(i.UpdataStationToHmi)
    UpdataStationToNow                       0x0800b2a5   Thumb Code   168  route.o(i.UpdataStationToNow)
    UsageFault_Handler                       0x0800b355   Thumb Code     4  stm32f4xx_it.o(i.UsageFault_Handler)
    W25QXX_Erase_Sector                      0x0800b359   Thumb Code    62  w25qxx.o(i.W25QXX_Erase_Sector)
    W25QXX_Read                              0x0800b3a1   Thumb Code    74  w25qxx.o(i.W25QXX_Read)
    W25QXX_ReadSR                            0x0800b3f1   Thumb Code    36  w25qxx.o(i.W25QXX_ReadSR)
    W25QXX_Read_16                           0x0800b41d   Thumb Code    66  w25qxx.o(i.W25QXX_Read_16)
    W25QXX_Wait_Busy                         0x0800b465   Thumb Code    18  w25qxx.o(i.W25QXX_Wait_Busy)
    W25QXX_Write                             0x0800b479   Thumb Code   180  w25qxx.o(i.W25QXX_Write)
    W25QXX_Write_16                          0x0800b531   Thumb Code    70  w25qxx.o(i.W25QXX_Write_16)
    W25QXX_Write_Enable                      0x0800b57d   Thumb Code    24  w25qxx.o(i.W25QXX_Write_Enable)
    W25QXX_Write_NoCheck                     0x0800b59d   Thumb Code    70  w25qxx.o(i.W25QXX_Write_NoCheck)
    W25QXX_Write_Page                        0x0800b5e5   Thumb Code    80  w25qxx.o(i.W25QXX_Write_Page)
    WIFI_task                                0x0800b639   Thumb Code    16  main.o(i.WIFI_task)
    WriteCmd                                 0x0800b649   Thumb Code    44  oled_i2c.o(i.WriteCmd)
    WriteDat                                 0x0800b675   Thumb Code    44  oled_i2c.o(i.WriteDat)
    __ARM_fpclassify                         0x0800b6a1   Thumb Code    48  fpclassify.o(i.__ARM_fpclassify)
    _is_digit                                0x0800b6d1   Thumb Code    14  __printf_wp.o(i._is_digit)
    _sys_exit                                0x0800b6df   Thumb Code     4  usart.o(i._sys_exit)
    delay                                    0x0800b6e3   Thumb Code    32  function.o(i.delay)
    delay_init                               0x0800b705   Thumb Code    94  delay.o(i.delay_init)
    delay_ms                                 0x0800b775   Thumb Code    66  delay.o(i.delay_ms)
    delay_ns                                 0x0800b7c5   Thumb Code    14  oled_i2c.o(i.delay_ns)
    delay_osschedlock                        0x0800b7d3   Thumb Code    10  delay.o(i.delay_osschedlock)
    delay_osschedunlock                      0x0800b7dd   Thumb Code    10  delay.o(i.delay_osschedunlock)
    delay_ostimedly                          0x0800b7e7   Thumb Code    16  delay.o(i.delay_ostimedly)
    delay_us                                 0x0800b7f9   Thumb Code    84  delay.o(i.delay_us)
    errorsend                                0x0800b851   Thumb Code   138  modbus_slave.o(i.errorsend)
    float_task                               0x0800b8e5   Thumb Code    84  main.o(i.float_task)
    main                                     0x0800b94d   Thumb Code   354  main.o(i.main)
    osdelay_ms                               0x0800bad9   Thumb Code    24  delay.o(i.osdelay_ms)
    send_comm                                0x0800baf1   Thumb Code    12  modbus_slave.o(i.send_comm)
    start_task                               0x0800bb01   Thumb Code   752  main.o(i.start_task)
    _get_lc_numeric                          0x0800bf29   Thumb Code    44  lc_numeric_c.o(locale$$code)
    _get_lc_ctype                            0x0800bf55   Thumb Code    44  lc_ctype_c.o(locale$$code)
    __aeabi_i2d                              0x0800bf81   Thumb Code     0  dflt_clz.o(x$fpl$dflt)
    _dflt                                    0x0800bf81   Thumb Code    46  dflt_clz.o(x$fpl$dflt)
    _fp_init                                 0x0800bfaf   Thumb Code    10  fpinit.o(x$fpl$fpinit)
    __fplib_config_fpu_vfp                   0x0800bfb7   Thumb Code     0  fpinit.o(x$fpl$fpinit)
    __fplib_config_pureend_doubles           0x0800bfb7   Thumb Code     0  fpinit.o(x$fpl$fpinit)
    _printf_fp_dec                           0x0800bfb9   Thumb Code     4  printf1.o(x$fpl$printf1)
    F6x8                                     0x0800bfbc   Data         552  oled_i2c.o(.constdata)
    __I$use$fp                               0x0800bfbc   Number         0  usenofp.o(x$fpl$usenofp)
    F8X16                                    0x0800c1e4   Data        1520  oled_i2c.o(.constdata)
    OSCfg_IdleTaskStkBasePtr                 0x0800c7d4   Data           4  os_cfg_app.o(.constdata)
    OSCfg_IdleTaskStkLimit                   0x0800c7d8   Data           4  os_cfg_app.o(.constdata)
    OSCfg_IdleTaskStkSize                    0x0800c7dc   Data           4  os_cfg_app.o(.constdata)
    OSCfg_IdleTaskStkSizeRAM                 0x0800c7e0   Data           4  os_cfg_app.o(.constdata)
    OSCfg_IntQBasePtr                        0x0800c7e4   Data           4  os_cfg_app.o(.constdata)
    OSCfg_IntQSize                           0x0800c7e8   Data           2  os_cfg_app.o(.constdata)
    OSCfg_IntQSizeRAM                        0x0800c7ec   Data           4  os_cfg_app.o(.constdata)
    OSCfg_IntQTaskStkBasePtr                 0x0800c7f0   Data           4  os_cfg_app.o(.constdata)
    OSCfg_IntQTaskStkLimit                   0x0800c7f4   Data           4  os_cfg_app.o(.constdata)
    OSCfg_IntQTaskStkSize                    0x0800c7f8   Data           4  os_cfg_app.o(.constdata)
    OSCfg_IntQTaskStkSizeRAM                 0x0800c7fc   Data           4  os_cfg_app.o(.constdata)
    OSCfg_ISRStkBasePtr                      0x0800c800   Data           4  os_cfg_app.o(.constdata)
    OSCfg_ISRStkSize                         0x0800c804   Data           4  os_cfg_app.o(.constdata)
    OSCfg_ISRStkSizeRAM                      0x0800c808   Data           4  os_cfg_app.o(.constdata)
    OSCfg_MsgPoolSize                        0x0800c80c   Data           2  os_cfg_app.o(.constdata)
    OSCfg_MsgPoolSizeRAM                     0x0800c810   Data           4  os_cfg_app.o(.constdata)
    OSCfg_MsgPoolBasePtr                     0x0800c814   Data           4  os_cfg_app.o(.constdata)
    OSCfg_StatTaskPrio                       0x0800c818   Data           1  os_cfg_app.o(.constdata)
    OSCfg_StatTaskRate_Hz                    0x0800c81c   Data           4  os_cfg_app.o(.constdata)
    OSCfg_StatTaskStkBasePtr                 0x0800c820   Data           4  os_cfg_app.o(.constdata)
    OSCfg_StatTaskStkLimit                   0x0800c824   Data           4  os_cfg_app.o(.constdata)
    OSCfg_StatTaskStkSize                    0x0800c828   Data           4  os_cfg_app.o(.constdata)
    OSCfg_StatTaskStkSizeRAM                 0x0800c82c   Data           4  os_cfg_app.o(.constdata)
    OSCfg_StkSizeMin                         0x0800c830   Data           4  os_cfg_app.o(.constdata)
    OSCfg_TickRate_Hz                        0x0800c834   Data           4  os_cfg_app.o(.constdata)
    OSCfg_TickTaskPrio                       0x0800c838   Data           1  os_cfg_app.o(.constdata)
    OSCfg_TickTaskStkBasePtr                 0x0800c83c   Data           4  os_cfg_app.o(.constdata)
    OSCfg_TickTaskStkLimit                   0x0800c840   Data           4  os_cfg_app.o(.constdata)
    OSCfg_TickTaskStkSize                    0x0800c844   Data           4  os_cfg_app.o(.constdata)
    OSCfg_TickTaskStkSizeRAM                 0x0800c848   Data           4  os_cfg_app.o(.constdata)
    OSCfg_TickWheelSize                      0x0800c84c   Data           2  os_cfg_app.o(.constdata)
    OSCfg_TickWheelSizeRAM                   0x0800c850   Data           4  os_cfg_app.o(.constdata)
    OSCfg_TmrTaskPrio                        0x0800c854   Data           1  os_cfg_app.o(.constdata)
    OSCfg_TmrTaskRate_Hz                     0x0800c858   Data           4  os_cfg_app.o(.constdata)
    OSCfg_TmrTaskStkBasePtr                  0x0800c85c   Data           4  os_cfg_app.o(.constdata)
    OSCfg_TmrTaskStkLimit                    0x0800c860   Data           4  os_cfg_app.o(.constdata)
    OSCfg_TmrTaskStkSize                     0x0800c864   Data           4  os_cfg_app.o(.constdata)
    OSCfg_TmrTaskStkSizeRAM                  0x0800c868   Data           4  os_cfg_app.o(.constdata)
    OSCfg_TmrWheelSize                       0x0800c86c   Data           2  os_cfg_app.o(.constdata)
    OSCfg_TmrWheelSizeRAM                    0x0800c870   Data           4  os_cfg_app.o(.constdata)
    OSCfg_DataSizeRAM                        0x0800c874   Data           4  os_cfg_app.o(.constdata)
    OSDbg_DbgEn                              0x0800c878   Data           2  os_dbg.o(.constdata)
    OSDbg_ArgChkEn                           0x0800c87a   Data           1  os_dbg.o(.constdata)
    OSDbg_AppHooksEn                         0x0800c87b   Data           1  os_dbg.o(.constdata)
    OSDbg_EndiannessTest                     0x0800c87c   Data           4  os_dbg.o(.constdata)
    OSDbg_CalledFromISRChkEn                 0x0800c880   Data           1  os_dbg.o(.constdata)
    OSDbg_FlagEn                             0x0800c881   Data           1  os_dbg.o(.constdata)
    OSDbg_FlagGrp                            0x0800c884   Data          40  os_dbg.o(.constdata)
    OSDbg_FlagDelEn                          0x0800c8ac   Data           1  os_dbg.o(.constdata)
    OSDbg_FlagModeClrEn                      0x0800c8ad   Data           1  os_dbg.o(.constdata)
    OSDbg_FlagPendAbortEn                    0x0800c8ae   Data           1  os_dbg.o(.constdata)
    OSDbg_FlagGrpSize                        0x0800c8b0   Data           2  os_dbg.o(.constdata)
    OSDbg_FlagWidth                          0x0800c8b2   Data           2  os_dbg.o(.constdata)
    OSDbg_IntQ                               0x0800c8b4   Data           2  os_dbg.o(.constdata)
    OSDbg_ISRPostDeferredEn                  0x0800c8b6   Data           1  os_dbg.o(.constdata)
    OSDbg_Mem                                0x0800c8b8   Data          32  os_dbg.o(.constdata)
    OSDbg_MemEn                              0x0800c8d8   Data           1  os_dbg.o(.constdata)
    OSDbg_MemSize                            0x0800c8da   Data           2  os_dbg.o(.constdata)
    OSDbg_MsgEn                              0x0800c8dc   Data           1  os_dbg.o(.constdata)
    OSDbg_MsgSize                            0x0800c8de   Data           2  os_dbg.o(.constdata)
    OSDbg_MsgPoolSize                        0x0800c8e0   Data           2  os_dbg.o(.constdata)
    OSDbg_MsgQSize                           0x0800c8e2   Data           2  os_dbg.o(.constdata)
    OSDbg_Mutex                              0x0800c8e4   Data          44  os_dbg.o(.constdata)
    OSDbg_MutexEn                            0x0800c910   Data           1  os_dbg.o(.constdata)
    OSDbg_MutexDelEn                         0x0800c911   Data           1  os_dbg.o(.constdata)
    OSDbg_MutexPendAbortEn                   0x0800c912   Data           1  os_dbg.o(.constdata)
    OSDbg_MutexSize                          0x0800c914   Data           2  os_dbg.o(.constdata)
    OSDbg_ObjTypeChkEn                       0x0800c916   Data           1  os_dbg.o(.constdata)
    OSDbg_PendMultiEn                        0x0800c917   Data           1  os_dbg.o(.constdata)
    OSDbg_PendDataSize                       0x0800c918   Data           2  os_dbg.o(.constdata)
    OSDbg_PendListSize                       0x0800c91a   Data           2  os_dbg.o(.constdata)
    OSDbg_PendObjSize                        0x0800c91c   Data           2  os_dbg.o(.constdata)
    OSDbg_PrioMax                            0x0800c91e   Data           2  os_dbg.o(.constdata)
    OSDbg_PrioTblSize                        0x0800c920   Data           2  os_dbg.o(.constdata)
    OSDbg_PtrSize                            0x0800c922   Data           2  os_dbg.o(.constdata)
    OSDbg_Q                                  0x0800c924   Data          48  os_dbg.o(.constdata)
    OSDbg_QEn                                0x0800c954   Data           1  os_dbg.o(.constdata)
    OSDbg_QDelEn                             0x0800c955   Data           1  os_dbg.o(.constdata)
    OSDbg_QFlushEn                           0x0800c956   Data           1  os_dbg.o(.constdata)
    OSDbg_QPendAbortEn                       0x0800c957   Data           1  os_dbg.o(.constdata)
    OSDbg_QSize                              0x0800c958   Data           2  os_dbg.o(.constdata)
    OSDbg_SchedRoundRobinEn                  0x0800c95a   Data           1  os_dbg.o(.constdata)
    OSDbg_Sem                                0x0800c95c   Data          40  os_dbg.o(.constdata)
    OSDbg_SemEn                              0x0800c984   Data           1  os_dbg.o(.constdata)
    OSDbg_SemDelEn                           0x0800c985   Data           1  os_dbg.o(.constdata)
    OSDbg_SemPendAbortEn                     0x0800c986   Data           1  os_dbg.o(.constdata)
    OSDbg_SemSetEn                           0x0800c987   Data           1  os_dbg.o(.constdata)
    OSDbg_SemSize                            0x0800c988   Data           2  os_dbg.o(.constdata)
    OSDbg_RdyList                            0x0800c98a   Data           2  os_dbg.o(.constdata)
    OSDbg_RdyListSize                        0x0800c98c   Data           4  os_dbg.o(.constdata)
    OSDbg_StkWidth                           0x0800c990   Data           1  os_dbg.o(.constdata)
    OSDbg_StatTaskEn                         0x0800c991   Data           1  os_dbg.o(.constdata)
    OSDbg_StatTaskStkChkEn                   0x0800c992   Data           1  os_dbg.o(.constdata)
    OSDbg_TaskChangePrioEn                   0x0800c993   Data           1  os_dbg.o(.constdata)
    OSDbg_TaskDelEn                          0x0800c994   Data           1  os_dbg.o(.constdata)
    OSDbg_TaskQEn                            0x0800c995   Data           1  os_dbg.o(.constdata)
    OSDbg_TaskQPendAbortEn                   0x0800c996   Data           1  os_dbg.o(.constdata)
    OSDbg_TaskProfileEn                      0x0800c997   Data           1  os_dbg.o(.constdata)
    OSDbg_TaskRegTblSize                     0x0800c998   Data           2  os_dbg.o(.constdata)
    OSDbg_TaskSemPendAbortEn                 0x0800c99a   Data           1  os_dbg.o(.constdata)
    OSDbg_TaskSuspendEn                      0x0800c99b   Data           1  os_dbg.o(.constdata)
    OSDbg_TCBSize                            0x0800c99c   Data           2  os_dbg.o(.constdata)
    OSDbg_TickSpokeSize                      0x0800c99e   Data           2  os_dbg.o(.constdata)
    OSDbg_TimeDlyHMSMEn                      0x0800c9a0   Data           1  os_dbg.o(.constdata)
    OSDbg_TimeDlyResumeEn                    0x0800c9a1   Data           1  os_dbg.o(.constdata)
    OSDbg_TLS_TblSize                        0x0800c9a2   Data           2  os_dbg.o(.constdata)
    OSDbg_Tmr                                0x0800c9a4   Data          52  os_dbg.o(.constdata)
    OSDbg_TmrEn                              0x0800c9d8   Data           1  os_dbg.o(.constdata)
    OSDbg_TmrDelEn                           0x0800c9d9   Data           1  os_dbg.o(.constdata)
    OSDbg_TmrSize                            0x0800c9da   Data           2  os_dbg.o(.constdata)
    OSDbg_TmrSpokeSize                       0x0800c9dc   Data           2  os_dbg.o(.constdata)
    OSDbg_VersionNbr                         0x0800c9de   Data           2  os_dbg.o(.constdata)
    OSDbg_DataSize                           0x0800c9e0   Data           4  os_dbg.o(.constdata)
    Region$$Table$$Base                      0x0800cabc   Number         0  anon$$obj.o(Region$$Table)
    Region$$Table$$Limit                     0x0800cadc   Number         0  anon$$obj.o(Region$$Table)
    __ctype                                  0x0800cb05   Data           0  lc_ctype_c.o(locale$$data)
    cy_time                                  0x20000000   Data           1  main.o(.data)
    rece_index                               0x20000001   Data           1  dma.o(.data)
    rece2_index                              0x20000002   Data           1  dma.o(.data)
    rece6_index                              0x20000003   Data           1  dma.o(.data)
    rece3_index                              0x20000004   Data           1  dma.o(.data)
    tim31_count                              0x20000008   Data           4  timer2.o(.data)
    tim32_count                              0x2000000c   Data           4  timer2.o(.data)
    tim91_count                              0x20000010   Data           4  timer2.o(.data)
    tim92_count                              0x20000014   Data           4  timer2.o(.data)
    can_Sebuf                                0x20000018   Data           4  can.o(.data)
    can_Rebuf                                0x2000001c   Data           2  can.o(.data)
    OutPut                                   0x2000001e   Data          10  can.o(.data)
    Input                                    0x20000028   Data          12  can.o(.data)
    count31                                  0x20000034   Data           4  capcount3.o(.data)
    count32                                  0x20000038   Data           4  capcount3.o(.data)
    count91                                  0x2000003c   Data           4  capcount9.o(.data)
    count92                                  0x20000040   Data           4  capcount9.o(.data)
    reclength                                0x20000044   Data           2  modbus_slave.o(.data)
    sendlength                               0x20000046   Data           2  modbus_slave.o(.data)
    car_statu                                0x20000048   Data           1  function.o(.data)
    dir                                      0x20000049   Data           1  function.o(.data)
    CAN1_Sebuf                               0x2000004a   Data           5  function.o(.data)
    fencha_dir                               0x2000004f   Data           1  function.o(.data)
    tubian_num                               0x20000050   Data           1  function.o(.data)
    XuanZhuanNUM                             0x20000051   Data           1  function.o(.data)
    PingYiNum                                0x20000052   Data           1  function.o(.data)
    keynumber                                0x20000054   Data           2  function.o(.data)
    ld_juli                                  0x20000056   Data           1  function.o(.data)
    Manual_juli                              0x20000057   Data           1  function.o(.data)
    Jhwai_switch                             0x20000058   Data           1  function.o(.data)
    Cdh1_Inc                                 0x2000005c   Data           4  function.o(.data)
    ADC_POWER                                0x20000060   Data           4  function.o(.data)
    lidian                                   0x20000064   Data           6  function.o(.data)
    speed                                    0x2000006c   Data          24  function.o(.data)
    HmiRouteNumFlag                          0x20000084   Data           2  route.o(.data)
    HmiRouteCopiedNumTemp                    0x20000086   Data           2  route.o(.data)
    HmiProcessNumFlag                        0x20000088   Data           2  route.o(.data)
    HmiProcessCopiedNumTemp                  0x2000008a   Data           2  route.o(.data)
    send_ok                                  0x2000008c   Data           1  read.o(.data)
    receive_ok                               0x2000008d   Data           1  read.o(.data)
    readstate                                0x2000008e   Data           1  read.o(.data)
    lujing_readstate                         0x2000008f   Data           1  read.o(.data)
    zhandian_readstate                       0x20000090   Data           1  read.o(.data)
    liucheng_readstate                       0x20000091   Data           1  read.o(.data)
    xuhao_readstate                          0x20000092   Data           1  read.o(.data)
    sum                                      0x20000094   Data           2  read.o(.data)
    parment_number                           0x20000096   Data           2  read.o(.data)
    lujing_number                            0x20000098   Data           2  read.o(.data)
    liucheng_number                          0x2000009a   Data           2  read.o(.data)
    zhandian_number                          0x2000009c   Data           2  read.o(.data)
    xuhao_number                             0x2000009e   Data           2  read.o(.data)
    zhandian_sum                             0x200000a0   Data           2  read.o(.data)
    xuhao_sum                                0x200000a2   Data           2  read.o(.data)
    rout_number                              0x200000a4   Data           2  read.o(.data)
    length                                   0x200000a6   Data           2  read.o(.data)
    CPU_TS_TmrFreq_Hz                        0x200000bc   Data           4  cpu_core.o(.data)
    OSPrioTbl                                0x200000c0   Data           8  os_prio.o(.data)
    OS_AppTaskCreateHookPtr                  0x200000c8   Data           4  os_var.o(.data)
    OS_AppTaskDelHookPtr                     0x200000cc   Data           4  os_var.o(.data)
    OS_AppTaskReturnHookPtr                  0x200000d0   Data           4  os_var.o(.data)
    OS_AppIdleTaskHookPtr                    0x200000d4   Data           4  os_var.o(.data)
    OS_AppStatTaskHookPtr                    0x200000d8   Data           4  os_var.o(.data)
    OS_AppTaskSwHookPtr                      0x200000dc   Data           4  os_var.o(.data)
    OS_AppTimeTickHookPtr                    0x200000e0   Data           4  os_var.o(.data)
    OSIdleTaskCtr                            0x200000e4   Data           4  os_var.o(.data)
    OSIntNestingCtr                          0x200000e8   Data           1  os_var.o(.data)
    OSRunning                                0x200000e9   Data           1  os_var.o(.data)
    OSIntQInPtr                              0x200000ec   Data           4  os_var.o(.data)
    OSIntQOutPtr                             0x200000f0   Data           4  os_var.o(.data)
    OSIntQNbrEntries                         0x200000f4   Data           2  os_var.o(.data)
    OSIntQNbrEntriesMax                      0x200000f6   Data           2  os_var.o(.data)
    OSIntQOvfCtr                             0x200000f8   Data           2  os_var.o(.data)
    OSIntQTaskTimeMax                        0x200000fc   Data           4  os_var.o(.data)
    OSFlagDbgListPtr                         0x20000100   Data           4  os_var.o(.data)
    OSFlagQty                                0x20000104   Data           2  os_var.o(.data)
    OSMemDbgListPtr                          0x20000108   Data           4  os_var.o(.data)
    OSMemQty                                 0x2000010c   Data           2  os_var.o(.data)
    OSMutexDbgListPtr                        0x20000110   Data           4  os_var.o(.data)
    OSMutexQty                               0x20000114   Data           2  os_var.o(.data)
    OSPrioCur                                0x20000116   Data           1  os_var.o(.data)
    OSPrioHighRdy                            0x20000117   Data           1  os_var.o(.data)
    OSPrioSaved                              0x20000118   Data           1  os_var.o(.data)
    OSQDbgListPtr                            0x2000011c   Data           4  os_var.o(.data)
    OSQQty                                   0x20000120   Data           2  os_var.o(.data)
    OSSchedLockTimeBegin                     0x20000124   Data           4  os_var.o(.data)
    OSSchedLockTimeMax                       0x20000128   Data           4  os_var.o(.data)
    OSSchedLockTimeMaxCur                    0x2000012c   Data           4  os_var.o(.data)
    OSSchedLockNestingCtr                    0x20000130   Data           1  os_var.o(.data)
    OSSchedRoundRobinDfltTimeQuanta          0x20000134   Data           4  os_var.o(.data)
    OSSchedRoundRobinEn                      0x20000138   Data           1  os_var.o(.data)
    OSSemDbgListPtr                          0x2000013c   Data           4  os_var.o(.data)
    OSSemQty                                 0x20000140   Data           2  os_var.o(.data)
    OSStatResetFlag                          0x20000142   Data           1  os_var.o(.data)
    OSStatTaskCPUUsage                       0x20000144   Data           2  os_var.o(.data)
    OSStatTaskCPUUsageMax                    0x20000146   Data           2  os_var.o(.data)
    OSStatTaskCtr                            0x20000148   Data           4  os_var.o(.data)
    OSStatTaskCtrMax                         0x2000014c   Data           4  os_var.o(.data)
    OSStatTaskCtrRun                         0x20000150   Data           4  os_var.o(.data)
    OSStatTaskRdy                            0x20000154   Data           1  os_var.o(.data)
    OSStatTaskTimeMax                        0x20000158   Data           4  os_var.o(.data)
    OSTaskCtxSwCtr                           0x2000015c   Data           4  os_var.o(.data)
    OSTaskDbgListPtr                         0x20000160   Data           4  os_var.o(.data)
    OSTaskQty                                0x20000164   Data           2  os_var.o(.data)
    OSTaskRegNextAvailID                     0x20000166   Data           1  os_var.o(.data)
    OSTickCtr                                0x20000168   Data           4  os_var.o(.data)
    OSTickTaskTimeMax                        0x2000016c   Data           4  os_var.o(.data)
    OSTmrDbgListPtr                          0x20000170   Data           4  os_var.o(.data)
    OSTmrQty                                 0x20000174   Data           2  os_var.o(.data)
    OSTmrTaskTimeMax                         0x20000178   Data           4  os_var.o(.data)
    OSTmrTickCtr                             0x2000017c   Data           4  os_var.o(.data)
    OSTmrUpdateCnt                           0x20000180   Data           4  os_var.o(.data)
    OSTmrUpdateCtr                           0x20000184   Data           4  os_var.o(.data)
    OSTCBCurPtr                              0x20000188   Data           4  os_var.o(.data)
    OSTCBHighRdyPtr                          0x2000018c   Data           4  os_var.o(.data)
    OS_CPU_ExceptStkBase                     0x20000190   Data           4  os_cpu_c.o(.data)
    StartTaskTCB                             0x20000194   Data         196  main.o(.bss)
    START_TASK_STK                           0x20000258   Data        2048  main.o(.bss)
    TransducerTaskTCB                        0x20000a58   Data         196  main.o(.bss)
    Transducer_TASK_STK                      0x20000b1c   Data        2048  main.o(.bss)
    AutoTaskTCB                              0x2000131c   Data         196  main.o(.bss)
    Auto_TASK_STK                            0x200013e0   Data        2048  main.o(.bss)
    ManualTaskTCB                            0x20001be0   Data         196  main.o(.bss)
    Manual_TASK_STK                          0x20001ca4   Data        2048  main.o(.bss)
    FloatTaskTCB                             0x200024a4   Data         196  main.o(.bss)
    FLOAT_TASK_STK                           0x20002568   Data        2048  main.o(.bss)
    DEMOTaskTCB                              0x20002d68   Data         196  main.o(.bss)
    DEMO_TASK_STK                            0x20002e2c   Data        2048  main.o(.bss)
    Task5_TaskTCB                            0x2000362c   Data         196  main.o(.bss)
    Task5_TASK_STK                           0x200036f0   Data        2048  main.o(.bss)
    ControlTaskTCB                           0x20003ef0   Data         196  main.o(.bss)
    Control_TASK_STK                         0x20003fb4   Data        2048  main.o(.bss)
    WIFITaskTCB                              0x200047b4   Data         196  main.o(.bss)
    WIFI_TASK_STK                            0x20004878   Data        2048  main.o(.bss)
    ScreenTaskTCB                            0x20005078   Data         196  main.o(.bss)
    Screen_TASK_STK                          0x2000513c   Data        2048  main.o(.bss)
    DEMO1TaskTCB                             0x2000593c   Data         196  main.o(.bss)
    DEMO1_TASK_STK                           0x20005a00   Data        2048  main.o(.bss)
    DEMO2TaskTCB                             0x20006200   Data         196  main.o(.bss)
    DEMO2_TASK_STK                           0x200062c4   Data        2048  main.o(.bss)
    PIDTaskTCB                               0x20006ac4   Data         196  main.o(.bss)
    PID_TASK_STK                             0x20006b88   Data        2048  main.o(.bss)
    AD_Value                                 0x20007388   Data         180  dma.o(.bss)
    After_filter                             0x20007440   Data          24  dma.o(.bss)
    sendBuf                                  0x20007458   Data         250  dma.o(.bss)
    receBuf                                  0x20007552   Data         250  dma.o(.bss)
    rece2_buf                                0x2000764c   Data         250  dma.o(.bss)
    send2_buf                                0x20007746   Data         250  dma.o(.bss)
    rece6_buf                                0x20007840   Data         250  dma.o(.bss)
    send6_buf                                0x2000793a   Data         250  dma.o(.bss)
    rece3_buf                                0x20007a34   Data         130  dma.o(.bss)
    send3_buf                                0x20007ab6   Data         130  dma.o(.bss)
    W25QXX_BUFFER                            0x20007b38   Data        4096  w25qxx.o(.bss)
    Buffer_Read                              0x20008b38   Data        2000  w25qxx.o(.bss)
    Buffer_Write                             0x20009308   Data        2000  w25qxx.o(.bss)
    RxMessage                                0x20009ad8   Data          20  can.o(.bss)
    YaoKong                                  0x20009aec   Data          14  can.o(.bss)
    PLC_InPut                                0x20009afa   Data          64  modbus_slave.o(.bss)
    PLC_OutPut                               0x20009b3a   Data         128  modbus_slave.o(.bss)
    PLC_Data                                 0x20009bba   Data         256  modbus_slave.o(.bss)
    USART6_TX_BUF                            0x20009cba   Data         100  function.o(.bss)
    All_flag                                 0x20009d1e   Data          13  function.o(.bss)
    SystemParameter                          0x20009d2c   Data         202  route.o(.bss)
    RouteStationNum                          0x20009df6   Data        1000  route.o(.bss)
    NowRouteInfor                            0x2000a1de   Data        4000  route.o(.bss)
    StationInfor                             0x2000b17e   Data          40  route.o(.bss)
    ProcessStepNum                           0x2000b1a6   Data        1000  route.o(.bss)
    NowProcessInfor                          0x2000b58e   Data         600  route.o(.bss)
    src                                      0x2000b7e6   Data          90  oled_i2c.o(.bss)
    CPU_Name                                 0x2000b840   Data          16  cpu_core.o(.bss)
    OSCfg_IdleTaskStk                        0x2000b850   Data         512  os_cfg_app.o(.bss)
    OSCfg_IntQ                               0x2000ba50   Data         320  os_cfg_app.o(.bss)
    OSCfg_IntQTaskStk                        0x2000bb90   Data         512  os_cfg_app.o(.bss)
    OSCfg_ISRStk                             0x2000bd90   Data         512  os_cfg_app.o(.bss)
    OSCfg_MsgPool                            0x2000bf90   Data        1600  os_cfg_app.o(.bss)
    OSCfg_StatTaskStk                        0x2000c5d0   Data         512  os_cfg_app.o(.bss)
    OSCfg_TickTaskStk                        0x2000c7d0   Data         512  os_cfg_app.o(.bss)
    OSCfg_TickWheel                          0x2000c9d0   Data         136  os_cfg_app.o(.bss)
    OSCfg_TmrTaskStk                         0x2000ca58   Data         512  os_cfg_app.o(.bss)
    OSCfg_TmrWheel                           0x2000cc58   Data         136  os_cfg_app.o(.bss)
    OSIdleTaskTCB                            0x2000cce0   Data         196  os_var.o(.bss)
    OSIntQTaskTCB                            0x2000cda4   Data         196  os_var.o(.bss)
    OSMsgPool                                0x2000ce68   Data          12  os_var.o(.bss)
    OSRdyList                                0x2000ce74   Data         768  os_var.o(.bss)
    OSStatTaskTCB                            0x2000d174   Data         196  os_var.o(.bss)
    OSTickTaskTCB                            0x2000d238   Data         196  os_var.o(.bss)
    OSTmrTaskTCB                             0x2000d2fc   Data         196  os_var.o(.bss)
    __libspace_start                         0x2000d3c0   Data          96  libspace.o(.bss)
    __temporary_stack_top$libspace           0x2000d420   Data           0  libspace.o(.bss)



==============================================================================

Memory Map of the image

  Image Entry point : 0x08000189

  Load Region LR_IROM1 (Base: 0x08000000, Size: 0x0000cd9c, Max: 0x00080000, ABSOLUTE, COMPRESSED[0x0000cc3c])

    Execution Region ER_IROM1 (Base: 0x08000000, Size: 0x0000cc08, Max: 0x00080000, ABSOLUTE)

    Base Addr    Size         Type   Attr      Idx    E Section Name        Object

    0x08000000   0x00000188   Data   RO         1836    RESET               startup_stm32f40_41xxx.o
    0x08000188   0x00000008   Code   RO         6015  * !!!main             c_w.l(__main.o)
    0x08000190   0x00000034   Code   RO         6356    !!!scatter          c_w.l(__scatter.o)
    0x080001c4   0x0000005a   Code   RO         6354    !!dczerorl2         c_w.l(__dczerorl2.o)
    0x0800021e   0x00000002   PAD
    0x08000220   0x0000001c   Code   RO         6358    !!handler_zi        c_w.l(__scatter_zi.o)
    0x0800023c   0x00000000   Code   RO         6121    .ARM.Collect$$_printf_percent$$00000000  c_w.l(_printf_percent.o)
    0x0800023c   0x00000006   Code   RO         6110    .ARM.Collect$$_printf_percent$$00000001  c_w.l(_printf_n.o)
    0x08000242   0x00000006   Code   RO         6112    .ARM.Collect$$_printf_percent$$00000002  c_w.l(_printf_p.o)
    0x08000248   0x00000006   Code   RO         6117    .ARM.Collect$$_printf_percent$$00000003  c_w.l(_printf_f.o)
    0x0800024e   0x00000006   Code   RO         6118    .ARM.Collect$$_printf_percent$$00000004  c_w.l(_printf_e.o)
    0x08000254   0x00000006   Code   RO         6119    .ARM.Collect$$_printf_percent$$00000005  c_w.l(_printf_g.o)
    0x0800025a   0x00000006   Code   RO         6120    .ARM.Collect$$_printf_percent$$00000006  c_w.l(_printf_a.o)
    0x08000260   0x0000000a   Code   RO         6125    .ARM.Collect$$_printf_percent$$00000007  c_w.l(_printf_ll.o)
    0x0800026a   0x00000006   Code   RO         6114    .ARM.Collect$$_printf_percent$$00000008  c_w.l(_printf_i.o)
    0x08000270   0x00000006   Code   RO         6115    .ARM.Collect$$_printf_percent$$00000009  c_w.l(_printf_d.o)
    0x08000276   0x00000006   Code   RO         6116    .ARM.Collect$$_printf_percent$$0000000A  c_w.l(_printf_u.o)
    0x0800027c   0x00000006   Code   RO         6113    .ARM.Collect$$_printf_percent$$0000000B  c_w.l(_printf_o.o)
    0x08000282   0x00000006   Code   RO         6111    .ARM.Collect$$_printf_percent$$0000000C  c_w.l(_printf_x.o)
    0x08000288   0x00000006   Code   RO         6122    .ARM.Collect$$_printf_percent$$0000000D  c_w.l(_printf_lli.o)
    0x0800028e   0x00000006   Code   RO         6123    .ARM.Collect$$_printf_percent$$0000000E  c_w.l(_printf_lld.o)
    0x08000294   0x00000006   Code   RO         6124    .ARM.Collect$$_printf_percent$$0000000F  c_w.l(_printf_llu.o)
    0x0800029a   0x00000006   Code   RO         6129    .ARM.Collect$$_printf_percent$$00000010  c_w.l(_printf_llo.o)
    0x080002a0   0x00000006   Code   RO         6130    .ARM.Collect$$_printf_percent$$00000011  c_w.l(_printf_llx.o)
    0x080002a6   0x0000000a   Code   RO         6126    .ARM.Collect$$_printf_percent$$00000012  c_w.l(_printf_l.o)
    0x080002b0   0x00000006   Code   RO         6108    .ARM.Collect$$_printf_percent$$00000013  c_w.l(_printf_c.o)
    0x080002b6   0x00000006   Code   RO         6109    .ARM.Collect$$_printf_percent$$00000014  c_w.l(_printf_s.o)
    0x080002bc   0x00000006   Code   RO         6127    .ARM.Collect$$_printf_percent$$00000015  c_w.l(_printf_lc.o)
    0x080002c2   0x00000006   Code   RO         6128    .ARM.Collect$$_printf_percent$$00000016  c_w.l(_printf_ls.o)
    0x080002c8   0x00000004   Code   RO         6167    .ARM.Collect$$_printf_percent$$00000017  c_w.l(_printf_percent_end.o)
    0x080002cc   0x00000002   Code   RO         6220    .ARM.Collect$$libinit$$00000000  c_w.l(libinit.o)
    0x080002ce   0x00000004   Code   RO         6241    .ARM.Collect$$libinit$$00000001  c_w.l(libinit2.o)
    0x080002d2   0x00000000   Code   RO         6244    .ARM.Collect$$libinit$$00000004  c_w.l(libinit2.o)
    0x080002d2   0x00000000   Code   RO         6247    .ARM.Collect$$libinit$$0000000A  c_w.l(libinit2.o)
    0x080002d2   0x00000000   Code   RO         6249    .ARM.Collect$$libinit$$0000000C  c_w.l(libinit2.o)
    0x080002d2   0x00000000   Code   RO         6251    .ARM.Collect$$libinit$$0000000E  c_w.l(libinit2.o)
    0x080002d2   0x00000006   Code   RO         6252    .ARM.Collect$$libinit$$0000000F  c_w.l(libinit2.o)
    0x080002d8   0x00000000   Code   RO         6254    .ARM.Collect$$libinit$$00000011  c_w.l(libinit2.o)
    0x080002d8   0x0000000c   Code   RO         6255    .ARM.Collect$$libinit$$00000012  c_w.l(libinit2.o)
    0x080002e4   0x00000000   Code   RO         6256    .ARM.Collect$$libinit$$00000013  c_w.l(libinit2.o)
    0x080002e4   0x00000000   Code   RO         6258    .ARM.Collect$$libinit$$00000015  c_w.l(libinit2.o)
    0x080002e4   0x0000000a   Code   RO         6259    .ARM.Collect$$libinit$$00000016  c_w.l(libinit2.o)
    0x080002ee   0x00000000   Code   RO         6260    .ARM.Collect$$libinit$$00000017  c_w.l(libinit2.o)
    0x080002ee   0x00000000   Code   RO         6262    .ARM.Collect$$libinit$$00000019  c_w.l(libinit2.o)
    0x080002ee   0x00000000   Code   RO         6264    .ARM.Collect$$libinit$$0000001B  c_w.l(libinit2.o)
    0x080002ee   0x00000000   Code   RO         6266    .ARM.Collect$$libinit$$0000001D  c_w.l(libinit2.o)
    0x080002ee   0x00000000   Code   RO         6268    .ARM.Collect$$libinit$$0000001F  c_w.l(libinit2.o)
    0x080002ee   0x00000000   Code   RO         6270    .ARM.Collect$$libinit$$00000021  c_w.l(libinit2.o)
    0x080002ee   0x00000000   Code   RO         6272    .ARM.Collect$$libinit$$00000023  c_w.l(libinit2.o)
    0x080002ee   0x00000000   Code   RO         6274    .ARM.Collect$$libinit$$00000025  c_w.l(libinit2.o)
    0x080002ee   0x00000000   Code   RO         6278    .ARM.Collect$$libinit$$0000002C  c_w.l(libinit2.o)
    0x080002ee   0x00000000   Code   RO         6280    .ARM.Collect$$libinit$$0000002E  c_w.l(libinit2.o)
    0x080002ee   0x00000000   Code   RO         6282    .ARM.Collect$$libinit$$00000030  c_w.l(libinit2.o)
    0x080002ee   0x00000000   Code   RO         6284    .ARM.Collect$$libinit$$00000032  c_w.l(libinit2.o)
    0x080002ee   0x00000002   Code   RO         6285    .ARM.Collect$$libinit$$00000033  c_w.l(libinit2.o)
    0x080002f0   0x00000002   Code   RO         6311    .ARM.Collect$$libshutdown$$00000000  c_w.l(libshutdown.o)
    0x080002f2   0x00000000   Code   RO         6339    .ARM.Collect$$libshutdown$$00000003  c_w.l(libshutdown2.o)
    0x080002f2   0x00000000   Code   RO         6342    .ARM.Collect$$libshutdown$$00000006  c_w.l(libshutdown2.o)
    0x080002f2   0x00000000   Code   RO         6345    .ARM.Collect$$libshutdown$$00000009  c_w.l(libshutdown2.o)
    0x080002f2   0x00000000   Code   RO         6347    .ARM.Collect$$libshutdown$$0000000B  c_w.l(libshutdown2.o)
    0x080002f2   0x00000000   Code   RO         6350    .ARM.Collect$$libshutdown$$0000000E  c_w.l(libshutdown2.o)
    0x080002f2   0x00000002   Code   RO         6351    .ARM.Collect$$libshutdown$$0000000F  c_w.l(libshutdown2.o)
    0x080002f4   0x00000000   Code   RO         6035    .ARM.Collect$$rtentry$$00000000  c_w.l(__rtentry.o)
    0x080002f4   0x00000000   Code   RO         6139    .ARM.Collect$$rtentry$$00000002  c_w.l(__rtentry2.o)
    0x080002f4   0x00000006   Code   RO         6151    .ARM.Collect$$rtentry$$00000004  c_w.l(__rtentry4.o)
    0x080002fa   0x00000000   Code   RO         6141    .ARM.Collect$$rtentry$$00000009  c_w.l(__rtentry2.o)
    0x080002fa   0x00000004   Code   RO         6142    .ARM.Collect$$rtentry$$0000000A  c_w.l(__rtentry2.o)
    0x080002fe   0x00000000   Code   RO         6144    .ARM.Collect$$rtentry$$0000000C  c_w.l(__rtentry2.o)
    0x080002fe   0x00000008   Code   RO         6145    .ARM.Collect$$rtentry$$0000000D  c_w.l(__rtentry2.o)
    0x08000306   0x00000002   Code   RO         6228    .ARM.Collect$$rtexit$$00000000  c_w.l(rtexit.o)
    0x08000308   0x00000000   Code   RO         6287    .ARM.Collect$$rtexit$$00000002  c_w.l(rtexit2.o)
    0x08000308   0x00000004   Code   RO         6288    .ARM.Collect$$rtexit$$00000003  c_w.l(rtexit2.o)
    0x0800030c   0x00000006   Code   RO         6289    .ARM.Collect$$rtexit$$00000004  c_w.l(rtexit2.o)
    0x08000312   0x00000002   PAD
    0x08000314   0x00000040   Code   RO         1837    .text               startup_stm32f40_41xxx.o
    0x08000354   0x00000034   Code   RO         4310    .text               cpu_a.o
    0x08000388   0x00000002   Code   RO         5995    .text               c_w.l(use_no_semi_2.o)
    0x0800038a   0x00000002   PAD
    0x0800038c   0x00000024   Code   RO         5999    .text               c_w.l(c89vsprintf.o)
    0x080003b0   0x00000024   Code   RO         6001    .text               c_w.l(strstr.o)
    0x080003d4   0x00000006   Code   RO         6013    .text               c_w.l(heapauxi.o)
    0x080003da   0x00000002   Code   RO         6033    .text               c_w.l(use_no_semi.o)
    0x080003dc   0x0000004e   Code   RO         6042    .text               c_w.l(_printf_pad.o)
    0x0800042a   0x00000024   Code   RO         6044    .text               c_w.l(_printf_truncate.o)
    0x0800044e   0x00000052   Code   RO         6046    .text               c_w.l(_printf_str.o)
    0x080004a0   0x00000078   Code   RO         6048    .text               c_w.l(_printf_dec.o)
    0x08000518   0x00000028   Code   RO         6050    .text               c_w.l(_printf_charcount.o)
    0x08000540   0x00000030   Code   RO         6052    .text               c_w.l(_printf_char_common.o)
    0x08000570   0x0000000a   Code   RO         6054    .text               c_w.l(_sputc.o)
    0x0800057a   0x00000002   PAD
    0x0800057c   0x000000bc   Code   RO         6056    .text               c_w.l(_printf_wctomb.o)
    0x08000638   0x0000007c   Code   RO         6059    .text               c_w.l(_printf_longlong_dec.o)
    0x080006b4   0x00000070   Code   RO         6065    .text               c_w.l(_printf_oct_int_ll.o)
    0x08000724   0x00000094   Code   RO         6085    .text               c_w.l(_printf_hex_int_ll_ptr.o)
    0x080007b8   0x00000188   Code   RO         6105    .text               c_w.l(__printf_flags_ss_wp.o)
    0x08000940   0x0000008a   Code   RO         6155    .text               c_w.l(lludiv10.o)
    0x080009ca   0x000000b2   Code   RO         6157    .text               c_w.l(_printf_intcommon.o)
    0x08000a7c   0x0000041a   Code   RO         6159    .text               c_w.l(_printf_fp_dec.o)
    0x08000e96   0x0000002c   Code   RO         6163    .text               c_w.l(_printf_char.o)
    0x08000ec2   0x0000002c   Code   RO         6165    .text               c_w.l(_printf_wchar.o)
    0x08000eee   0x00000040   Code   RO         6168    .text               c_w.l(_wcrtomb.o)
    0x08000f2e   0x0000004a   Code   RO         6170    .text               c_w.l(sys_stackheap_outer.o)
    0x08000f78   0x00000010   Code   RO         6172    .text               c_w.l(rt_ctype_table.o)
    0x08000f88   0x00000008   Code   RO         6177    .text               c_w.l(rt_locale_intlibspace.o)
    0x08000f90   0x00000080   Code   RO         6179    .text               c_w.l(_printf_fp_infnan.o)
    0x08001010   0x000000dc   Code   RO         6181    .text               c_w.l(bigflt0.o)
    0x080010ec   0x0000000c   Code   RO         6209    .text               c_w.l(exit.o)
    0x080010f8   0x00000008   Code   RO         6225    .text               c_w.l(libspace.o)
    0x08001100   0x00000080   Code   RO         6239    .text               c_w.l(strcmpv7m.o)
    0x08001180   0x0000003e   Code   RO         6184    CL$$btod_d2e        c_w.l(btod.o)
    0x080011be   0x00000046   Code   RO         6186    CL$$btod_d2e_denorm_low  c_w.l(btod.o)
    0x08001204   0x00000060   Code   RO         6185    CL$$btod_d2e_norm_op1  c_w.l(btod.o)
    0x08001264   0x00000338   Code   RO         6194    CL$$btod_div_common  c_w.l(btod.o)
    0x0800159c   0x000000c6   Code   RO         6191    CL$$btod_e2e        c_w.l(btod.o)
    0x08001662   0x00000028   Code   RO         6188    CL$$btod_ediv       c_w.l(btod.o)
    0x0800168a   0x00000028   Code   RO         6187    CL$$btod_emul       c_w.l(btod.o)
    0x080016b2   0x00000244   Code   RO         6193    CL$$btod_mult_common  c_w.l(btod.o)
    0x080018f6   0x00000002   PAD
    0x080018f8   0x000000ac   Code   RO         5924    CODE                os_cpu_a.o
    0x080019a4   0x000000b0   Code   RO          569    i.ADC1_Configuration  adc.o
    0x08001a54   0x00000016   Code   RO         2569    i.ADC_Cmd           stm32f4xx_adc.o
    0x08001a6a   0x00000002   PAD
    0x08001a6c   0x00000030   Code   RO         2570    i.ADC_CommonInit    stm32f4xx_adc.o
    0x08001a9c   0x00000016   Code   RO         2573    i.ADC_DMACmd        stm32f4xx_adc.o
    0x08001ab2   0x00000016   Code   RO         2574    i.ADC_DMARequestAfterLastTransferCmd  stm32f4xx_adc.o
    0x08001ac8   0x00000054   Code   RO         2589    i.ADC_Init          stm32f4xx_adc.o
    0x08001b1c   0x000000b8   Code   RO         2594    i.ADC_RegularChannelConfig  stm32f4xx_adc.o
    0x08001bd4   0x0000000a   Code   RO         2596    i.ADC_SoftwareStartConv  stm32f4xx_adc.o
    0x08001bde   0x00000002   PAD
    0x08001be0   0x00000108   Code   RO         1033    i.AnalyzeRecieve    modbus_slave.o
    0x08001ce8   0x00000012   Code   RO            3    i.Auto_task         main.o
    0x08001cfa   0x0000000e   Code   RO         4091    i.BSP_CPU_ClkFreq   bsp.o
    0x08001d08   0x00000004   Code   RO          376    i.BusFault_Handler  stm32f4xx_it.o
    0x08001d0c   0x00000100   Code   RO          860    i.CAN1_Mode_Init    can.o
    0x08001e0c   0x00000064   Code   RO          861    i.CAN1_RX0_IRQHandler  can.o
    0x08001e70   0x0000006c   Code   RO          863    i.CAN1_Send_Msg     can.o
    0x08001edc   0x00000104   Code   RO          864    i.CAN2_Mode_Init    can.o
    0x08001fe0   0x00000194   Code   RO          865    i.CAN2_RX0_IRQHandler  can.o
    0x08002174   0x00000070   Code   RO          867    i.CAN2_Send_Msg     can.o
    0x080021e4   0x00000108   Code   RO         3796    i.CAN_FilterInit    stm32f4xx_can.o
    0x080022ec   0x00000012   Code   RO         3802    i.CAN_ITConfig      stm32f4xx_can.o
    0x080022fe   0x00000114   Code   RO         3803    i.CAN_Init          stm32f4xx_can.o
    0x08002412   0x000000f0   Code   RO         3806    i.CAN_Receive       stm32f4xx_can.o
    0x08002502   0x00000126   Code   RO         3811    i.CAN_Transmit      stm32f4xx_can.o
    0x08002628   0x000000a0   Code   RO         3812    i.CAN_TransmitStatus  stm32f4xx_can.o
    0x080026c8   0x0000000c   Code   RO         4186    i.CPU_Init          cpu_core.o
    0x080026d4   0x00000030   Code   RO         4187    i.CPU_NameClr       cpu_core.o
    0x08002704   0x00000008   Code   RO         4189    i.CPU_NameInit      cpu_core.o
    0x0800270c   0x00000014   Code   RO         4193    i.CPU_TS_Init       cpu_core.o
    0x08002720   0x0000000c   Code   RO         4195    i.CPU_TS_TmrFreqSet  cpu_core.o
    0x0800272c   0x00000034   Code   RO         4093    i.CPU_TS_TmrInit    bsp.o
    0x08002760   0x0000000c   Code   RO         4094    i.CPU_TS_TmrRd      bsp.o
    0x0800276c   0x0000003a   Code   RO         1034    i.CalcCrc           modbus_slave.o
    0x080027a6   0x00000002   PAD
    0x080027a8   0x0000012c   Code   RO         1321    i.CanSend_data      function.o
    0x080028d4   0x00000024   Code   RO         1493    i.ClearStationToHmi  route.o
    0x080028f8   0x00000018   Code   RO         1494    i.ClearStepToHmi    route.o
    0x08002910   0x0000082e   Code   RO            4    i.Control_task      main.o
    0x0800313e   0x00000018   Code   RO            5    i.DEMO1_task        main.o
    0x08003156   0x00000020   Code   RO            6    i.DEMO2_task        main.o
    0x08003176   0x00000002   PAD
    0x08003178   0x000000dc   Code   RO            7    i.DEMO_task         main.o
    0x08003254   0x00000028   Code   RO          377    i.DMA1_Stream3_IRQHandler  stm32f4xx_it.o
    0x0800327c   0x00000038   Code   RO          378    i.DMA1_Stream4_IRQHandler  stm32f4xx_it.o
    0x080032b4   0x00000028   Code   RO          379    i.DMA1_Stream6_IRQHandler  stm32f4xx_it.o
    0x080032dc   0x0000006c   Code   RO          380    i.DMA2_Stream0_IRQHandler  stm32f4xx_it.o
    0x08003348   0x00000030   Code   RO          381    i.DMA2_Stream7_IRQHandler  stm32f4xx_it.o
    0x08003378   0x00000034   Code   RO         2806    i.DMA_ClearITPendingBit  stm32f4xx_dma.o
    0x080033ac   0x00000016   Code   RO         2807    i.DMA_Cmd           stm32f4xx_dma.o
    0x080033c2   0x00000002   PAD
    0x080033c4   0x00000158   Code   RO         2808    i.DMA_DeInit        stm32f4xx_dma.o
    0x0800351c   0x00000008   Code   RO         2813    i.DMA_GetCurrDataCounter  stm32f4xx_dma.o
    0x08003524   0x00000064   Code   RO         2817    i.DMA_GetITStatus   stm32f4xx_dma.o
    0x08003588   0x0000003a   Code   RO         2818    i.DMA_ITConfig      stm32f4xx_dma.o
    0x080035c2   0x00000002   PAD
    0x080035c4   0x00000058   Code   RO         2819    i.DMA_Init          stm32f4xx_dma.o
    0x0800361c   0x00000004   Code   RO         2822    i.DMA_SetCurrDataCounter  stm32f4xx_dma.o
    0x08003620   0x00000108   Code   RO          589    i.DMA_Uart2_Init    dma.o
    0x08003728   0x00000108   Code   RO          590    i.DMA_Uart3_Init    dma.o
    0x08003830   0x00000108   Code   RO          591    i.DMA_Uart4_Init    dma.o
    0x08003938   0x0000009c   Code   RO          593    i.DMA_adc1_Init     dma.o
    0x080039d4   0x00000002   Code   RO          382    i.DebugMon_Handler  stm32f4xx_it.o
    0x080039d6   0x00000002   PAD
    0x080039d8   0x0000012c   Code   RO         1495    i.DeleteProcessData  route.o
    0x08003b04   0x00000090   Code   RO         1888    i.GPIO_Init         stm32f4xx_gpio.o
    0x08003b94   0x00000046   Code   RO         1889    i.GPIO_PinAFConfig  stm32f4xx_gpio.o
    0x08003bda   0x00000004   Code   RO         1895    i.GPIO_ResetBits    stm32f4xx_gpio.o
    0x08003bde   0x00000004   Code   RO         1896    i.GPIO_SetBits      stm32f4xx_gpio.o
    0x08003be2   0x00000002   PAD
    0x08003be4   0x000000ec   Code   RO         1498    i.GetProcessData    route.o
    0x08003cd0   0x000000d8   Code   RO         1499    i.GetProcessDataFrom  route.o
    0x08003da8   0x00000028   Code   RO         1500    i.GetProcessStepNum  route.o
    0x08003dd0   0x00000054   Code   RO         1501    i.GetRouteData      route.o
    0x08003e24   0x0000003c   Code   RO         1502    i.GetRouteStationNum  route.o
    0x08003e60   0x00000004   Code   RO          383    i.HardFault_Handler  stm32f4xx_it.o
    0x08003e64   0x00000044   Code   RO         1503    i.HmiAutoReload     route.o
    0x08003ea8   0x00000024   Code   RO         1711    i.I2CStart          oled_i2c.o
    0x08003ecc   0x00000028   Code   RO         1712    i.I2CStop           oled_i2c.o
    0x08003ef4   0x00000090   Code   RO         1713    i.I2C_WriteByte     oled_i2c.o
    0x08003f84   0x00000060   Code   RO         1714    i.I2Cask            oled_i2c.o
    0x08003fe4   0x00000010   Code   RO         3953    i.IWDG_Enable       stm32f4xx_iwdg.o
    0x08003ff4   0x00000008   Code   RO         1646    i.IWDG_Feed         iwdg.o
    0x08003ffc   0x00000024   Code   RO         1647    i.IWDG_Init         iwdg.o
    0x08004020   0x00000010   Code   RO         3955    i.IWDG_ReloadCounter  stm32f4xx_iwdg.o
    0x08004030   0x0000000c   Code   RO         3956    i.IWDG_SetPrescaler  stm32f4xx_iwdg.o
    0x0800403c   0x0000000c   Code   RO         3957    i.IWDG_SetReload    stm32f4xx_iwdg.o
    0x08004048   0x0000000c   Code   RO         3958    i.IWDG_WriteAccessCmd  stm32f4xx_iwdg.o
    0x08004054   0x00000108   Code   RO         1504    i.InsertProcessData  route.o
    0x0800415c   0x0000029c   Code   RO          549    i.LED_Init          led.o
    0x080043f8   0x00000380   Code   RO            8    i.Manual_task       main.o
    0x08004778   0x00000004   Code   RO          384    i.MemManage_Handler  stm32f4xx_it.o
    0x0800477c   0x00000012   Code   RO         4454    i.Mem_Clr           lib_mem.o
    0x0800478e   0x00000054   Code   RO         4470    i.Mem_Set           lib_mem.o
    0x080047e2   0x00000002   PAD
    0x080047e4   0x000000a8   Code   RO         1329    i.MotoStop          function.o
    0x0800488c   0x00000074   Code   RO         1330    i.Motor_Fzhuan      function.o
    0x08004900   0x00000074   Code   RO         1332    i.Motor_Zzhuan      function.o
    0x08004974   0x00000002   Code   RO          385    i.NMI_Handler       stm32f4xx_it.o
    0x08004976   0x00000002   PAD
    0x08004978   0x00000078   Code   RO         1843    i.NVIC_Init         misc.o
    0x080049f0   0x00000014   Code   RO         1844    i.NVIC_PriorityGroupConfig  misc.o
    0x08004a04   0x0000000a   Code   RO         1715    i.OLED_CLS          oled_i2c.o
    0x08004a0e   0x0000003a   Code   RO         1717    i.OLED_Fill         oled_i2c.o
    0x08004a48   0x000000b2   Code   RO         1718    i.OLED_Init         oled_i2c.o
    0x08004afa   0x00000002   PAD
    0x08004afc   0x00000034   Code   RO         1721    i.OLED_Print        oled_i2c.o
    0x08004b30   0x00000028   Code   RO         1722    i.OLED_SetPos       oled_i2c.o
    0x08004b58   0x000000ec   Code   RO         1724    i.OLED_ShowStr      oled_i2c.o
    0x08004c44   0x000000fc   Code   RO         4723    i.OSCfg_Init        os_cfg_app.o
    0x08004d40   0x00000014   Code   RO         5840    i.OSIdleTaskHook    os_cpu_c.o
    0x08004d54   0x0000018c   Code   RO         4746    i.OSInit            os_core.o
    0x08004ee0   0x00000028   Code   RO         5841    i.OSInitHook        os_cpu_c.o
    0x08004f08   0x0000002c   Code   RO         4747    i.OSIntEnter        os_core.o
    0x08004f34   0x000000dc   Code   RO         4748    i.OSIntExit         os_core.o
    0x08005010   0x000000a0   Code   RO         4749    i.OSSched           os_core.o
    0x080050b0   0x00000074   Code   RO         4750    i.OSSchedLock       os_core.o
    0x08005124   0x00000064   Code   RO         4751    i.OSSchedRoundRobinCfg  os_core.o
    0x08005188   0x00000094   Code   RO         4753    i.OSSchedUnlock     os_core.o
    0x0800521c   0x00000068   Code   RO         4754    i.OSStart           os_core.o
    0x08005284   0x00000138   Code   RO         5446    i.OSStatReset       os_stat.o
    0x080053bc   0x000000f0   Code   RO         5447    i.OSStatTaskCPUUsageInit  os_stat.o
    0x080054ac   0x00000014   Code   RO         5842    i.OSStatTaskHook    os_cpu_c.o
    0x080054c0   0x0000025c   Code   RO         5477    i.OSTaskCreate      os_task.o
    0x0800571c   0x00000018   Code   RO         5843    i.OSTaskCreateHook  os_cpu_c.o
    0x08005734   0x000001c4   Code   RO         5478    i.OSTaskDel         os_task.o
    0x080058f8   0x00000018   Code   RO         5844    i.OSTaskDelHook     os_cpu_c.o
    0x08005910   0x0000007c   Code   RO         5486    i.OSTaskResume      os_task.o
    0x0800598c   0x00000018   Code   RO         5845    i.OSTaskReturnHook  os_cpu_c.o
    0x080059a4   0x00000214   Code   RO         5487    i.OSTaskSemPend     os_task.o
    0x08005bb8   0x000000d4   Code   RO         5491    i.OSTaskStkChk      os_task.o
    0x08005c8c   0x0000025c   Code   RO         5846    i.OSTaskStkInit     os_cpu_c.o
    0x08005ee8   0x00000060   Code   RO         5492    i.OSTaskSuspend     os_task.o
    0x08005f48   0x00000088   Code   RO         5847    i.OSTaskSwHook      os_cpu_c.o
    0x08005fd0   0x00000118   Code   RO         5692    i.OSTimeDly         os_time.o
    0x080060e8   0x000001f0   Code   RO         5693    i.OSTimeDlyHMSM     os_time.o
    0x080062d8   0x00000044   Code   RO         5697    i.OSTimeTick        os_time.o
    0x0800631c   0x00000014   Code   RO         5848    i.OSTimeTickHook    os_cpu_c.o
    0x08006330   0x000001b0   Code   RO         4992    i.OS_Dbg_Init       os_dbg.o
    0x080064e0   0x00000018   Code   RO         5017    i.OS_FlagInit       os_flag.o
    0x080064f8   0x00000230   Code   RO         5018    i.OS_FlagPost       os_flag.o
    0x08006728   0x00000056   Code   RO         5019    i.OS_FlagTaskRdy    os_flag.o
    0x0800677e   0x00000002   PAD
    0x08006780   0x00000044   Code   RO         4756    i.OS_IdleTask       os_core.o
    0x080067c4   0x00000070   Code   RO         4757    i.OS_IdleTaskInit   os_core.o
    0x08006834   0x000000fc   Code   RO         5091    i.OS_IntQPost       os_int.o
    0x08006930   0x000001a4   Code   RO         5092    i.OS_IntQRePost     os_int.o
    0x08006ad4   0x000000b4   Code   RO         5093    i.OS_IntQTask       os_int.o
    0x08006b88   0x00000128   Code   RO         5094    i.OS_IntQTaskInit   os_int.o
    0x08006cb0   0x00000018   Code   RO         5125    i.OS_MemInit        os_mem.o
    0x08006cc8   0x00000036   Code   RO         5157    i.OS_MsgPoolCreate  os_msg.o
    0x08006cfe   0x00000002   PAD
    0x08006d00   0x00000054   Code   RO         5158    i.OS_MsgPoolInit    os_msg.o
    0x08006d54   0x00000044   Code   RO         5159    i.OS_MsgQFreeAll    os_msg.o
    0x08006d98   0x0000000e   Code   RO         5161    i.OS_MsgQInit       os_msg.o
    0x08006da6   0x00000002   PAD
    0x08006da8   0x000000fc   Code   RO         5162    i.OS_MsgQPut        os_msg.o
    0x08006ea4   0x00000018   Code   RO         5207    i.OS_MutexInit      os_mutex.o
    0x08006ebc   0x00000068   Code   RO         4758    i.OS_Pend           os_core.o
    0x08006f24   0x00000026   Code   RO         4761    i.OS_PendDataInit   os_core.o
    0x08006f4a   0x00000002   PAD
    0x08006f4c   0x0000005c   Code   RO         4762    i.OS_PendDbgNameAdd  os_core.o
    0x08006fa8   0x00000024   Code   RO         4763    i.OS_PendDbgNameRemove  os_core.o
    0x08006fcc   0x00000066   Code   RO         4767    i.OS_PendListInsertPrio  os_core.o
    0x08007032   0x00000030   Code   RO         4768    i.OS_PendListRemove  os_core.o
    0x08007062   0x00000042   Code   RO         4769    i.OS_PendListRemove1  os_core.o
    0x080070a4   0x000000c0   Code   RO         4772    i.OS_Post           os_core.o
    0x08007164   0x0000002a   Code   RO         4773    i.OS_Post1          os_core.o
    0x0800718e   0x00000002   PAD
    0x08007190   0x00000028   Code   RO         5265    i.OS_PrioGetHighest  os_prio.o
    0x080071b8   0x00000018   Code   RO         5266    i.OS_PrioInit       os_prio.o
    0x080071d0   0x00000024   Code   RO         5267    i.OS_PrioInsert     os_prio.o
    0x080071f4   0x00000024   Code   RO         5268    i.OS_PrioRemove     os_prio.o
    0x08007218   0x00000018   Code   RO         5311    i.OS_QInit          os_q.o
    0x08007230   0x0000014c   Code   RO         5312    i.OS_QPost          os_q.o
    0x0800737c   0x00000024   Code   RO         4774    i.OS_RdyListInit    os_core.o
    0x080073a0   0x0000002c   Code   RO         4775    i.OS_RdyListInsert  os_core.o
    0x080073cc   0x00000040   Code   RO         4776    i.OS_RdyListInsertHead  os_core.o
    0x0800740c   0x0000003c   Code   RO         4777    i.OS_RdyListInsertTail  os_core.o
    0x08007448   0x00000044   Code   RO         4778    i.OS_RdyListMoveHeadToTail  os_core.o
    0x0800748c   0x0000005c   Code   RO         4779    i.OS_RdyListRemove  os_core.o
    0x080074e8   0x00000054   Code   RO         4780    i.OS_Sched0         os_core.o
    0x0800753c   0x0000001c   Code   RO         4781    i.OS_SchedLockTimeMeasStart  os_core.o
    0x08007558   0x0000003c   Code   RO         4782    i.OS_SchedLockTimeMeasStop  os_core.o
    0x08007594   0x000000d0   Code   RO         4783    i.OS_SchedRoundRobin  os_core.o
    0x08007664   0x00000018   Code   RO         5383    i.OS_SemInit        os_sem.o
    0x0800767c   0x00000164   Code   RO         5384    i.OS_SemPost        os_sem.o
    0x080077e0   0x0000035c   Code   RO         5448    i.OS_StatTask       os_stat.o
    0x08007b3c   0x000000cc   Code   RO         5449    i.OS_StatTaskInit   os_stat.o
    0x08007c08   0x00000038   Code   RO         4784    i.OS_TaskBlock      os_core.o
    0x08007c40   0x00000030   Code   RO         5494    i.OS_TaskDbgListAdd  os_task.o
    0x08007c70   0x00000044   Code   RO         5495    i.OS_TaskDbgListRemove  os_task.o
    0x08007cb4   0x00000020   Code   RO         5496    i.OS_TaskInit       os_task.o
    0x08007cd4   0x000000c8   Code   RO         5497    i.OS_TaskInitTCB    os_task.o
    0x08007d9c   0x0000020c   Code   RO         5498    i.OS_TaskQPost      os_task.o
    0x08007fa8   0x0000001c   Code   RO         4785    i.OS_TaskRdy        os_core.o
    0x08007fc4   0x00000140   Code   RO         5499    i.OS_TaskResume     os_task.o
    0x08008104   0x00000018   Code   RO         5500    i.OS_TaskReturn     os_task.o
    0x0800811c   0x000004c4   Code   RO         5501    i.OS_TaskSemPost    os_task.o
    0x080085e0   0x00000150   Code   RO         5502    i.OS_TaskSuspend    os_task.o
    0x08008730   0x00000028   Code   RO         5644    i.OS_TickListInit   os_tick.o
    0x08008758   0x000001bc   Code   RO         5645    i.OS_TickListInsert  os_tick.o
    0x08008914   0x00000038   Code   RO         5646    i.OS_TickListRemove  os_tick.o
    0x0800894c   0x00000024   Code   RO         5647    i.OS_TickListResetPeak  os_tick.o
    0x08008970   0x000001f8   Code   RO         5648    i.OS_TickListUpdate  os_tick.o
    0x08008b68   0x0000002c   Code   RO         5649    i.OS_TickTask       os_tick.o
    0x08008b94   0x000000b8   Code   RO         5650    i.OS_TickTaskInit   os_tick.o
    0x08008c4c   0x00000128   Code   RO         5743    i.OS_TmrInit        os_tmr.o
    0x08008d74   0x000000d0   Code   RO         5744    i.OS_TmrLink        os_tmr.o
    0x08008e44   0x00000024   Code   RO         5745    i.OS_TmrResetPeak   os_tmr.o
    0x08008e68   0x000000c0   Code   RO         5746    i.OS_TmrTask        os_tmr.o
    0x08008f28   0x00000050   Code   RO         5747    i.OS_TmrUnlink      os_tmr.o
    0x08008f78   0x00000018   Code   RO            9    i.PID_task          main.o
    0x08008f90   0x00000020   Code   RO         1985    i.RCC_AHB1PeriphClockCmd  stm32f4xx_rcc.o
    0x08008fb0   0x00000020   Code   RO         1994    i.RCC_APB1PeriphClockCmd  stm32f4xx_rcc.o
    0x08008fd0   0x00000020   Code   RO         1997    i.RCC_APB2PeriphClockCmd  stm32f4xx_rcc.o
    0x08008ff0   0x000000e8   Code   RO         2006    i.RCC_GetClocksFreq  stm32f4xx_rcc.o
    0x080090d8   0x000000fc   Code   RO         1035    i.Recirve_01        modbus_slave.o
    0x080091d4   0x0000013c   Code   RO         1036    i.Recirve_02        modbus_slave.o
    0x08009310   0x000000bc   Code   RO         1037    i.Recirve_03        modbus_slave.o
    0x080093cc   0x000000f8   Code   RO         1038    i.Recirve_04        modbus_slave.o
    0x080094c4   0x00000088   Code   RO         1039    i.Recirve_05        modbus_slave.o
    0x0800954c   0x0000009c   Code   RO         1040    i.Recirve_06        modbus_slave.o
    0x080095e8   0x000000b8   Code   RO         1041    i.Recirve_10        modbus_slave.o
    0x080096a0   0x00000054   Code   RO          797    i.SPI2_ReadWriteByte  spi.o
    0x080096f4   0x00000012   Code   RO         3640    i.SPI_I2S_GetFlagStatus  stm32f4xx_spi.o
    0x08009706   0x00000006   Code   RO         3643    i.SPI_I2S_ReceiveData  stm32f4xx_spi.o
    0x0800970c   0x00000004   Code   RO         3644    i.SPI_I2S_SendData  stm32f4xx_spi.o
    0x08009710   0x00000002   Code   RO          386    i.SVC_Handler       stm32f4xx_it.o
    0x08009712   0x00000002   PAD
    0x08009714   0x00000bd4   Code   RO           10    i.Screen_task       main.o
    0x0800a2e8   0x00000014   Code   RO         1505    i.SetAllParameterToSystem  route.o
    0x0800a2fc   0x00000014   Code   RO         1508    i.SetOneParameterToSystem  route.o
    0x0800a310   0x000000c8   Code   RO         1509    i.SetProcessData    route.o
    0x0800a3d8   0x00000070   Code   RO         1510    i.SetRouteData      route.o
    0x0800a448   0x00000060   Code   RO         1511    i.SetStationData    route.o
    0x0800a4a8   0x000000ec   Code   RO          490    i.SetSysClock       system_stm32f4xx.o
    0x0800a594   0x00000028   Code   RO         1847    i.SysTick_CLKSourceConfig  misc.o
    0x0800a5bc   0x0000001c   Code   RO         4003    i.SysTick_Handler   delay.o
    0x0800a5d8   0x00000068   Code   RO          492    i.SystemInit        system_stm32f4xx.o
    0x0800a640   0x00000048   Code   RO          968    i.TIM1_BRK_TIM9_IRQHandler  capcount9.o
    0x0800a688   0x0000006c   Code   RO          828    i.TIM2_IRQHandler   timer2.o
    0x0800a6f4   0x00000048   Code   RO          937    i.TIM3_IRQHandler   capcount3.o
    0x0800a73c   0x00000006   Code   RO         3075    i.TIM_ClearITPendingBit  stm32f4xx_tim.o
    0x0800a742   0x00000022   Code   RO         3101    i.TIM_GetITStatus   stm32f4xx_tim.o
    0x0800a764   0x00000004   Code   RO         3142    i.TIM_SetCompare1   stm32f4xx_tim.o
    0x0800a768   0x00000004   Code   RO         3143    i.TIM_SetCompare2   stm32f4xx_tim.o
    0x0800a76c   0x00000004   Code   RO         3144    i.TIM_SetCompare3   stm32f4xx_tim.o
    0x0800a770   0x00000004   Code   RO         3145    i.TIM_SetCompare4   stm32f4xx_tim.o
    0x0800a774   0x00000084   Code   RO         1158    i.TLC5620_Init      tlc5620.o
    0x0800a7f8   0x00000150   Code   RO         1160    i.TLC5620_OUTnum    tlc5620.o
    0x0800a948   0x00000012   Code   RO           11    i.Task5_task        main.o
    0x0800a95a   0x00000002   PAD
    0x0800a95c   0x0000001c   Code   RO           12    i.Transducer_task   main.o
    0x0800a978   0x000000c0   Code   RO          387    i.UART4_IRQHandler  stm32f4xx_it.o
    0x0800aa38   0x0000008c   Code   RO         1190    i.USART1_Configuration  usart.o
    0x0800aac4   0x000000c8   Code   RO         1191    i.USART2_Configuration  usart.o
    0x0800ab8c   0x000000f0   Code   RO          388    i.USART2_IRQHandler  stm32f4xx_it.o
    0x0800ac7c   0x000000d0   Code   RO         1192    i.USART3_Configuration  usart.o
    0x0800ad4c   0x000000d4   Code   RO          389    i.USART3_IRQHandler  stm32f4xx_it.o
    0x0800ae20   0x000000ec   Code   RO         1193    i.USART4_Configuration  usart.o
    0x0800af0c   0x0000005c   Code   RO          390    i.USART6_IRQHandler  stm32f4xx_it.o
    0x0800af68   0x00000012   Code   RO         2375    i.USART_ClearFlag   stm32f4xx_usart.o
    0x0800af7a   0x0000001e   Code   RO         2376    i.USART_ClearITPendingBit  stm32f4xx_usart.o
    0x0800af98   0x00000018   Code   RO         2379    i.USART_Cmd         stm32f4xx_usart.o
    0x0800afb0   0x00000012   Code   RO         2380    i.USART_DMACmd      stm32f4xx_usart.o
    0x0800afc2   0x00000054   Code   RO         2383    i.USART_GetITStatus  stm32f4xx_usart.o
    0x0800b016   0x0000004a   Code   RO         2385    i.USART_ITConfig    stm32f4xx_usart.o
    0x0800b060   0x000000d4   Code   RO         2386    i.USART_Init        stm32f4xx_usart.o
    0x0800b134   0x0000001c   Code   RO          594    i.Uart3_Start_DMA_Tx  dma.o
    0x0800b150   0x00000028   Code   RO          595    i.Uart4_Start_DMA_Tx  dma.o
    0x0800b178   0x00000058   Code   RO         1512    i.UpdataProcessToHmi  route.o
    0x0800b1d0   0x000000d4   Code   RO         1513    i.UpdataStationToHmi  route.o
    0x0800b2a4   0x000000b0   Code   RO         1514    i.UpdataStationToNow  route.o
    0x0800b354   0x00000004   Code   RO          391    i.UsageFault_Handler  stm32f4xx_it.o
    0x0800b358   0x00000048   Code   RO          686    i.W25QXX_Erase_Sector  w25qxx.o
    0x0800b3a0   0x00000050   Code   RO          688    i.W25QXX_Read       w25qxx.o
    0x0800b3f0   0x0000002c   Code   RO          690    i.W25QXX_ReadSR     w25qxx.o
    0x0800b41c   0x00000048   Code   RO          691    i.W25QXX_Read_16    w25qxx.o
    0x0800b464   0x00000012   Code   RO          692    i.W25QXX_Wait_Busy  w25qxx.o
    0x0800b476   0x00000002   PAD
    0x0800b478   0x000000b8   Code   RO          693    i.W25QXX_Write      w25qxx.o
    0x0800b530   0x0000004c   Code   RO          694    i.W25QXX_Write_16   w25qxx.o
    0x0800b57c   0x00000020   Code   RO          696    i.W25QXX_Write_Enable  w25qxx.o
    0x0800b59c   0x00000046   Code   RO          697    i.W25QXX_Write_NoCheck  w25qxx.o
    0x0800b5e2   0x00000002   PAD
    0x0800b5e4   0x00000054   Code   RO          698    i.W25QXX_Write_Page  w25qxx.o
    0x0800b638   0x00000010   Code   RO           13    i.WIFI_task         main.o
    0x0800b648   0x0000002c   Code   RO         1725    i.WriteCmd          oled_i2c.o
    0x0800b674   0x0000002c   Code   RO         1726    i.WriteDat          oled_i2c.o
    0x0800b6a0   0x00000030   Code   RO         6223    i.__ARM_fpclassify  m_wm.l(fpclassify.o)
    0x0800b6d0   0x0000000e   Code   RO         6098    i._is_digit         c_w.l(__printf_wp.o)
    0x0800b6de   0x00000004   Code   RO         1195    i._sys_exit         usart.o
    0x0800b6e2   0x00000020   Code   RO         1341    i.delay             function.o
    0x0800b702   0x00000002   PAD
    0x0800b704   0x00000070   Code   RO         4004    i.delay_init        delay.o
    0x0800b774   0x00000050   Code   RO         4005    i.delay_ms          delay.o
    0x0800b7c4   0x0000000e   Code   RO         1727    i.delay_ns          oled_i2c.o
    0x0800b7d2   0x0000000a   Code   RO         4006    i.delay_osschedlock  delay.o
    0x0800b7dc   0x0000000a   Code   RO         4007    i.delay_osschedunlock  delay.o
    0x0800b7e6   0x00000010   Code   RO         4008    i.delay_ostimedly   delay.o
    0x0800b7f6   0x00000002   PAD
    0x0800b7f8   0x00000058   Code   RO         4009    i.delay_us          delay.o
    0x0800b850   0x00000094   Code   RO         1042    i.errorsend         modbus_slave.o
    0x0800b8e4   0x00000068   Code   RO           14    i.float_task        main.o
    0x0800b94c   0x0000018c   Code   RO           15    i.main              main.o
    0x0800bad8   0x00000018   Code   RO         4010    i.osdelay_ms        delay.o
    0x0800baf0   0x00000010   Code   RO         1043    i.send_comm         modbus_slave.o
    0x0800bb00   0x00000428   Code   RO           16    i.start_task        main.o
    0x0800bf28   0x0000002c   Code   RO         6207    locale$$code        c_w.l(lc_numeric_c.o)
    0x0800bf54   0x0000002c   Code   RO         6233    locale$$code        c_w.l(lc_ctype_c.o)
    0x0800bf80   0x0000002e   Code   RO         6026    x$fpl$dflt          fz_wm.l(dflt_clz.o)
    0x0800bfae   0x0000000a   Code   RO         6299    x$fpl$fpinit        fz_wm.l(fpinit.o)
    0x0800bfb8   0x00000004   Code   RO         6135    x$fpl$printf1       fz_wm.l(printf1.o)
    0x0800bfbc   0x00000000   Code   RO         6137    x$fpl$usenofp       fz_wm.l(usenofp.o)
    0x0800bfbc   0x00000818   Data   RO         1729    .constdata          oled_i2c.o
    0x0800c7d4   0x000000a4   Data   RO         4725    .constdata          os_cfg_app.o
    0x0800c878   0x0000016c   Data   RO         4993    .constdata          os_dbg.o
    0x0800c9e4   0x00000008   Data   RO         6057    .constdata          c_w.l(_printf_wctomb.o)
    0x0800c9ec   0x00000028   Data   RO         6086    .constdata          c_w.l(_printf_hex_int_ll_ptr.o)
    0x0800ca14   0x00000011   Data   RO         6106    .constdata          c_w.l(__printf_flags_ss_wp.o)
    0x0800ca25   0x00000003   PAD
    0x0800ca28   0x00000094   Data   RO         6182    .constdata          c_w.l(bigflt0.o)
    0x0800cabc   0x00000020   Data   RO         6352    Region$$Table       anon$$obj.o
    0x0800cadc   0x0000001c   Data   RO         6206    locale$$data        c_w.l(lc_numeric_c.o)
    0x0800caf8   0x00000110   Data   RO         6232    locale$$data        c_w.l(lc_ctype_c.o)


    Execution Region RW_IRAM1 (Base: 0x20000000, Size: 0x0000e220, Max: 0x00020000, ABSOLUTE, COMPRESSED[0x00000034])

    Base Addr    Size         Type   Attr      Idx    E Section Name        Object

    0x20000000   0x00000001   Data   RW           18    .data               main.o
    0x20000001   0x00000004   Data   RW          598    .data               dma.o
    0x20000005   0x00000003   PAD
    0x20000008   0x00000010   Data   RW          830    .data               timer2.o
    0x20000018   0x0000001c   Data   RW          870    .data               can.o
    0x20000034   0x00000008   Data   RW          938    .data               capcount3.o
    0x2000003c   0x00000008   Data   RW          970    .data               capcount9.o
    0x20000044   0x00000004   Data   RW         1045    .data               modbus_slave.o
    0x20000048   0x0000003c   Data   RW         1346    .data               function.o
    0x20000084   0x00000008   Data   RW         1516    .data               route.o
    0x2000008c   0x0000001c   Data   RW         1676    .data               read.o
    0x200000a8   0x00000010   Data   RW         2038    .data               stm32f4xx_rcc.o
    0x200000b8   0x00000004   Data   RW         4012    .data               delay.o
    0x200000bc   0x00000004   Data   RW         4199    .data               cpu_core.o
    0x200000c0   0x00000008   Data   RW         5269    .data               os_prio.o
    0x200000c8   0x000000c8   Data   RW         5825    .data               os_var.o
    0x20000190   0x00000004   Data   RW         5851    .data               os_cpu_c.o
    0x20000194   0x000071f4   Zero   RW           17    .bss                main.o
    0x20007388   0x000007b0   Zero   RW          597    .bss                dma.o
    0x20007b38   0x00001fa0   Zero   RW          700    .bss                w25qxx.o
    0x20009ad8   0x00000022   Zero   RW          869    .bss                can.o
    0x20009afa   0x000001c0   Zero   RW         1044    .bss                modbus_slave.o
    0x20009cba   0x00000071   Zero   RW         1345    .bss                function.o
    0x20009d2b   0x00000001   PAD
    0x20009d2c   0x00001aba   Zero   RW         1515    .bss                route.o
    0x2000b7e6   0x0000005a   Zero   RW         1728    .bss                oled_i2c.o
    0x2000b840   0x00000010   Zero   RW         4197    .bss                cpu_core.o
    0x2000b850   0x00001490   Zero   RW         4724    .bss                os_cfg_app.o
    0x2000cce0   0x000006e0   Zero   RW         5824    .bss                os_var.o
    0x2000d3c0   0x00000060   Zero   RW         6226    .bss                c_w.l(libspace.o)
    0x2000d420   0x00000200   Zero   RW         1835    HEAP                startup_stm32f40_41xxx.o
    0x2000d620   0x00000c00   Zero   RW         1834    STACK               startup_stm32f40_41xxx.o


==============================================================================

Image component sizes


      Code (inc. data)   RO Data    RW Data    ZI Data      Debug   Object Name

       176          8          0          0          0        705   adc.o
        78         14          0          0          0       1618   bsp.o
      1240         78          0         28         34       6543   can.o
        72         12          0          8          0        812   capcount3.o
        72         12          0          8          0        833   capcount9.o
        52          0          0          0          0        340   cpu_a.o
       100         18          0          4         16      12297   cpu_core.o
       368         40          0          4          0       4682   delay.o
      1016         76          0          4       1968       5244   dma.o
       732         36          0         60        113       5986   function.o
        44          0          0          0          0       1064   iwdg.o
       668         86          0          0          0        951   led.o
       102          0          0          0          0       1808   lib_mem.o
      7962        662          0          1      29172     377459   main.o
       180         24          0          0          0       2329   misc.o
      1966        180          0          4        448      10283   modbus_slave.o
       992         56       2072          0         90       8995   oled_i2c.o
       252        166        164          0       5264      20946   os_cfg_app.o
      3016        412          0          0          0      21400   os_core.o
       172         32          0          0          0        408   os_cpu_a.o
       912         56          0          4          0       7232   os_cpu_c.o
       432        286        364          0          0       4797   os_dbg.o
       670         26          0          0          0       3049   os_flag.o
      1148        204          0          0          0       3522   os_int.o
        24         10          0          0          0        897   os_mem.o
       472         26          0          0          0       3840   os_msg.o
        24         10          0          0          0        899   os_mutex.o
       136         16          0          8          0       2946   os_prio.o
       356         18          0          0          0       2174   os_q.o
       380         16          0          0          0       2198   os_sem.o
      1616        208          0          0          0       4011   os_stat.o
      4792        256          0          0          0      13432   os_task.o
      1308        124          0          0          0       5605   os_tick.o
       844         44          0          0          0       3041   os_time.o
       812        134          0          0          0       4268   os_tmr.o
         0          0          0        200       1760      19357   os_var.o
         0          0          0         28          0       1350   read.o
      2252        214          0          8       6842      11271   route.o
        84          6          0          0          0        689   spi.o
        64         26        392          0       3584        848   startup_stm32f40_41xxx.o
       392         24          0          0          0       5943   stm32f4xx_adc.o
      1252         28          0          0          0       5545   stm32f4xx_can.o
       676         58          0          0          0       6817   stm32f4xx_dma.o
       222          0          0          0          0       3175   stm32f4xx_gpio.o
      1050        170          0          0          0      34723   stm32f4xx_it.o
        68         30          0          0          0       2850   stm32f4xx_iwdg.o
       328         36          0         16          0       4951   stm32f4xx_rcc.o
        28          0          0          0          0       2561   stm32f4xx_spi.o
        56          0          0          0          0       4474   stm32f4xx_tim.o
       460          8          0          0          0       5969   stm32f4xx_usart.o
       340         32          0          0          0       1485   system_stm32f4xx.o
       108         34          0         16          0        912   timer2.o
       468         40          0          0          0       1452   tlc5620.o
       788         38          0          0          0       3560   usart.o
       732         52          0          0       8096       7307   w25qxx.o

    ----------------------------------------------------------------------
     42598       4142       3024        404      57388     671853   Object Totals
         0          0         32          0          0          0   (incl. Generated)
        44          0          0          3          1          0   (incl. Padding)

    ----------------------------------------------------------------------

      Code (inc. data)   RO Data    RW Data    ZI Data      Debug   Library Member Name

        90          0          0          0          0          0   __dczerorl2.o
         8          0          0          0          0         68   __main.o
       392          4         17          0          0         92   __printf_flags_ss_wp.o
        14          0          0          0          0         68   __printf_wp.o
         0          0          0          0          0          0   __rtentry.o
        12          0          0          0          0          0   __rtentry2.o
         6          0          0          0          0          0   __rtentry4.o
        52          8          0          0          0          0   __scatter.o
        28          0          0          0          0          0   __scatter_zi.o
         6          0          0          0          0          0   _printf_a.o
         6          0          0          0          0          0   _printf_c.o
        44          0          0          0          0        108   _printf_char.o
        48          6          0          0          0         96   _printf_char_common.o
        40          0          0          0          0         68   _printf_charcount.o
         6          0          0          0          0          0   _printf_d.o
       120         16          0          0          0         92   _printf_dec.o
         6          0          0          0          0          0   _printf_e.o
         6          0          0          0          0          0   _printf_f.o
      1050          0          0          0          0        216   _printf_fp_dec.o
       128         16          0          0          0         84   _printf_fp_infnan.o
         6          0          0          0          0          0   _printf_g.o
       148          4         40          0          0        160   _printf_hex_int_ll_ptr.o
         6          0          0          0          0          0   _printf_i.o
       178          0          0          0          0         88   _printf_intcommon.o
        10          0          0          0          0          0   _printf_l.o
         6          0          0          0          0          0   _printf_lc.o
        10          0          0          0          0          0   _printf_ll.o
         6          0          0          0          0          0   _printf_lld.o
         6          0          0          0          0          0   _printf_lli.o
         6          0          0          0          0          0   _printf_llo.o
         6          0          0          0          0          0   _printf_llu.o
         6          0          0          0          0          0   _printf_llx.o
       124         16          0          0          0         92   _printf_longlong_dec.o
         6          0          0          0          0          0   _printf_ls.o
         6          0          0          0          0          0   _printf_n.o
         6          0          0          0          0          0   _printf_o.o
       112          8          0          0          0        124   _printf_oct_int_ll.o
         6          0          0          0          0          0   _printf_p.o
        78          0          0          0          0        108   _printf_pad.o
         0          0          0          0          0          0   _printf_percent.o
         4          0          0          0          0          0   _printf_percent_end.o
         6          0          0          0          0          0   _printf_s.o
        82          0          0          0          0         80   _printf_str.o
        36          0          0          0          0         84   _printf_truncate.o
         6          0          0          0          0          0   _printf_u.o
        44          0          0          0          0        108   _printf_wchar.o
       188          6          8          0          0         92   _printf_wctomb.o
         6          0          0          0          0          0   _printf_x.o
        10          0          0          0          0         68   _sputc.o
        64          0          0          0          0         92   _wcrtomb.o
       220          4        148          0          0         96   bigflt0.o
      1910        128          0          0          0        672   btod.o
        36          4          0          0          0         76   c89vsprintf.o
        12          0          0          0          0         72   exit.o
         6          0          0          0          0        152   heapauxi.o
        44         10        272          0          0         76   lc_ctype_c.o
        44         10         28          0          0         76   lc_numeric_c.o
         2          0          0          0          0          0   libinit.o
        34          0          0          0          0          0   libinit2.o
         2          0          0          0          0          0   libshutdown.o
         2          0          0          0          0          0   libshutdown2.o
         8          4          0          0         96         68   libspace.o
       138          0          0          0          0         80   lludiv10.o
        16          4          0          0          0         76   rt_ctype_table.o
         8          4          0          0          0         68   rt_locale_intlibspace.o
         2          0          0          0          0          0   rtexit.o
        10          0          0          0          0          0   rtexit2.o
       128          0          0          0          0         68   strcmpv7m.o
        36          0          0          0          0         80   strstr.o
        74          0          0          0          0         80   sys_stackheap_outer.o
         2          0          0          0          0         68   use_no_semi.o
         2          0          0          0          0         68   use_no_semi_2.o
        46          0          0          0          0        116   dflt_clz.o
        10          0          0          0          0        116   fpinit.o
         4          0          0          0          0        116   printf1.o
         0          0          0          0          0          0   usenofp.o
        48          0          0          0          0        124   fpclassify.o

    ----------------------------------------------------------------------
      6094        252        516          0         96       4336   Library Totals
        10          0          3          0          0          0   (incl. Padding)

    ----------------------------------------------------------------------

      Code (inc. data)   RO Data    RW Data    ZI Data      Debug   Library Name

      5976        252        513          0         96       3864   c_w.l
        60          0          0          0          0        348   fz_wm.l
        48          0          0          0          0        124   m_wm.l

    ----------------------------------------------------------------------
      6094        252        516          0         96       4336   Library Totals

    ----------------------------------------------------------------------

==============================================================================


      Code (inc. data)   RO Data    RW Data    ZI Data      Debug   

     48692       4394       3540        404      57484     645909   Grand Totals
     48692       4394       3540         52      57484     645909   ELF Image Totals (compressed)
     48692       4394       3540         52          0          0   ROM Totals

==============================================================================

    Total RO  Size (Code + RO Data)                52232 (  51.01kB)
    Total RW  Size (RW Data + ZI Data)             57888 (  56.53kB)
    Total ROM Size (Code + RO Data + RW Data)      52284 (  51.06kB)

==============================================================================

