Component: ARM Compiler 5.05 update 1 (build 106) Tool: armlink [4d0efa]

==============================================================================

Section Cross References

    main.o(i.Auto_task) refers to function.o(i.delay) for delay
    main.o(i.Control_task) refers to function.o(i.MotoStop) for MotoStop
    main.o(i.Control_task) refers to function.o(i.delay) for delay
    main.o(i.Control_task) refers to modbus_slave.o(.bss) for PLC_Data
    main.o(i.Control_task) refers to function.o(.data) for ld_juli
    main.o(i.Control_task) refers to function.o(.bss) for All_flag
    main.o(i.Control_task) refers to can.o(.data) for Input
    main.o(i.DEMO1_task) refers to tlc5620.o(i.TLC5620_OUTnum) for TLC5620_OUTnum
    main.o(i.DEMO1_task) refers to function.o(i.delay) for delay
    main.o(i.DEMO2_task) refers to iwdg.o(i.IWDG_Feed) for IWDG_Feed
    main.o(i.DEMO2_task) refers to function.o(i.delay) for delay
    main.o(i.DEMO_task) refers to function.o(i.delay) for delay
    main.o(i.Manual_task) refers to function.o(i.CanSend_data) for CanSend_data
    main.o(i.Manual_task) refers to function.o(i.Motor_Zzhuan) for Motor_Zzhuan
    main.o(i.Manual_task) refers to function.o(i.delay) for delay
    main.o(i.Manual_task) refers to function.o(i.MotoStop) for MotoStop
    main.o(i.Manual_task) refers to function.o(i.Motor_Fzhuan) for Motor_Fzhuan
    main.o(i.Manual_task) refers to function.o(.bss) for All_flag
    main.o(i.Manual_task) refers to can.o(.data) for Input
    main.o(i.Manual_task) refers to modbus_slave.o(.bss) for PLC_Data
    main.o(i.PID_task) refers to function.o(i.delay) for delay
    main.o(i.PID_task) refers to main.o(.data) for cy_time
    main.o(i.Screen_task) refers to delay.o(i.osdelay_ms) for osdelay_ms
    main.o(i.Screen_task) refers to route.o(i.GetRouteStationNum) for GetRouteStationNum
    main.o(i.Screen_task) refers to route.o(i.GetRouteData) for GetRouteData
    main.o(i.Screen_task) refers to route.o(i.SetRouteData) for SetRouteData
    main.o(i.Screen_task) refers to route.o(i.UpdataStationToHmi) for UpdataStationToHmi
    main.o(i.Screen_task) refers to route.o(i.ClearStationToHmi) for ClearStationToHmi
    main.o(i.Screen_task) refers to route.o(i.UpdataStationToNow) for UpdataStationToNow
    main.o(i.Screen_task) refers to route.o(i.SetStationData) for SetStationData
    main.o(i.Screen_task) refers to modbus_slave.o(.bss) for PLC_Data
    main.o(i.Screen_task) refers to route.o(.data) for HmiRouteCopiedNumTemp
    main.o(i.Screen_task) refers to function.o(.data) for keynumber
    main.o(i.Screen_task) refers to route.o(.bss) for NowRouteInfor
    main.o(i.Screen_task) refers to function.o(i.delay) for delay
    main.o(i.Screen_task) refers to route.o(i.SetAllParameterToSystem) for SetAllParameterToSystem
    main.o(i.Screen_task) refers to route.o(i.GetProcessData) for GetProcessData
    main.o(i.Screen_task) refers to route.o(i.ClearStepToHmi) for ClearStepToHmi
    main.o(i.Screen_task) refers to route.o(i.UpdataProcessToHmi) for UpdataProcessToHmi
    main.o(i.Screen_task) refers to route.o(i.GetProcessStepNum) for GetProcessStepNum
    main.o(i.Screen_task) refers to route.o(i.GetProcessDataFrom) for GetProcessDataFrom
    main.o(i.Screen_task) refers to route.o(i.SetProcessData) for SetProcessData
    main.o(i.Screen_task) refers to route.o(i.InsertProcessData) for InsertProcessData
    main.o(i.Screen_task) refers to route.o(i.DeleteProcessData) for DeleteProcessData
    main.o(i.Screen_task) refers to os_task.o(i.OSTaskDel) for OSTaskDel
    main.o(i.Screen_task) refers to os_task.o(i.OSTaskCreate) for OSTaskCreate
    main.o(i.Screen_task) refers to route.o(i.SetOneParameterToSystem) for SetOneParameterToSystem
    main.o(i.Screen_task) refers to route.o(i.HmiAutoReload) for HmiAutoReload
    main.o(i.Screen_task) refers to function.o(.bss) for All_flag
    main.o(i.Screen_task) refers to main.o(.bss) for Task5_TaskTCB
    main.o(i.Screen_task) refers to main.o(i.Task5_task) for Task5_task
    main.o(i.Task5_task) refers to function.o(i.delay) for delay
    main.o(i.Transducer_task) refers to function.o(i.delay) for delay
    main.o(i.Transducer_task) refers to modbus_slave.o(.bss) for PLC_OutPut
    main.o(i.WIFI_task) refers to function.o(i.delay) for delay
    main.o(i.float_task) refers to function.o(i.delay) for delay
    main.o(i.float_task) refers to function.o(.bss) for All_flag
    main.o(i.float_task) refers to modbus_slave.o(.bss) for PLC_OutPut
    main.o(i.main) refers to delay.o(i.delay_init) for delay_init
    main.o(i.main) refers to misc.o(i.NVIC_PriorityGroupConfig) for NVIC_PriorityGroupConfig
    main.o(i.main) refers to led.o(i.LED_Init) for LED_Init
    main.o(i.main) refers to dma.o(i.DMA_adc1_Init) for DMA_adc1_Init
    main.o(i.main) refers to dma.o(i.DMA_Uart4_Init) for DMA_Uart4_Init
    main.o(i.main) refers to dma.o(i.DMA_Uart2_Init) for DMA_Uart2_Init
    main.o(i.main) refers to dma.o(i.DMA_Uart6_Init) for DMA_Uart6_Init
[...]
    DMA_ITConfig                             0x08001f21   Thumb Code    58  stm32f4xx_dma.o(i.DMA_ITConfig)
    DMA_Init                                 0x08001f5d   Thumb Code    82  stm32f4xx_dma.o(i.DMA_Init)
    DMA_SetCurrDataCounter                   0x08001fb5   Thumb Code     4  stm32f4xx_dma.o(i.DMA_SetCurrDataCounter)
    DMA_Uart2_Init                           0x08001fb9   Thumb Code   248  dma.o(i.DMA_Uart2_Init)
    DMA_Uart3_Init                           0x080020c1   Thumb Code   248  dma.o(i.DMA_Uart3_Init)
    DMA_Uart4_Init                           0x080021c9   Thumb Code   248  dma.o(i.DMA_Uart4_Init)
    DMA_Uart6_Init                           0x080022d1   Thumb Code   248  dma.o(i.DMA_Uart6_Init)
    DMA_adc1_Init                            0x080023d9   Thumb Code   144  dma.o(i.DMA_adc1_Init)
    DebugMon_Handler                         0x08002475   Thumb Code     2  stm32f4xx_it.o(i.DebugMon_Handler)
    DeleteProcessData                        0x08002479   Thumb Code   280  route.o(i.DeleteProcessData)
    GPIO_Init                                0x080025a5   Thumb Code   144  stm32f4xx_gpio.o(i.GPIO_Init)
    GPIO_PinAFConfig                         0x08002635   Thumb Code    70  stm32f4xx_gpio.o(i.GPIO_PinAFConfig)
    GPIO_ResetBits                           0x0800267b   Thumb Code     4  stm32f4xx_gpio.o(i.GPIO_ResetBits)
    GPIO_SetBits                             0x0800267f   Thumb Code     4  stm32f4xx_gpio.o(i.GPIO_SetBits)
    GetProcessData                           0x08002685   Thumb Code   216  route.o(i.GetProcessData)
    GetProcessDataFrom                       0x08002771   Thumb Code   194  route.o(i.GetProcessDataFrom)
    GetProcessStepNum                        0x08002849   Thumb Code    32  route.o(i.GetProcessStepNum)
    GetRouteData                             0x08002871   Thumb Code    70  route.o(i.GetRouteData)
    GetRouteStationNum                       0x080028c5   Thumb Code    54  route.o(i.GetRouteStationNum)
    HardFault_Handler                        0x08002901   Thumb Code     4  stm32f4xx_it.o(i.HardFault_Handler)
    HmiAutoReload                            0x08002905   Thumb Code    56  route.o(i.HmiAutoReload)
    IWDG_Enable                              0x08002949   Thumb Code    10  stm32f4xx_iwdg.o(i.IWDG_Enable)
    IWDG_Feed                                0x08002959   Thumb Code     8  iwdg.o(i.IWDG_Feed)
    IWDG_Init                                0x08002961   Thumb Code    36  iwdg.o(i.IWDG_Init)
    IWDG_ReloadCounter                       0x08002985   Thumb Code    10  stm32f4xx_iwdg.o(i.IWDG_ReloadCounter)
    IWDG_SetPrescaler                        0x08002995   Thumb Code     6  stm32f4xx_iwdg.o(i.IWDG_SetPrescaler)
    IWDG_SetReload                           0x080029a1   Thumb Code     6  stm32f4xx_iwdg.o(i.IWDG_SetReload)
    IWDG_WriteAccessCmd                      0x080029ad   Thumb Code     6  stm32f4xx_iwdg.o(i.IWDG_WriteAccessCmd)
    InsertProcessData                        0x080029b9   Thumb Code   242  route.o(i.InsertProcessData)
    LED_Init                                 0x08002ac1   Thumb Code   582  led.o(i.LED_Init)
    Manual_task                              0x08002d5d   Thumb Code   884  main.o(i.Manual_task)
    MemManage_Handler                        0x080030dd   Thumb Code     4  stm32f4xx_it.o(i.MemManage_Handler)
    Mem_Clr                                  0x080030e1   Thumb Code    18  lib_mem.o(i.Mem_Clr)
    Mem_Set                                  0x080030f3   Thumb Code    84  lib_mem.o(i.Mem_Set)
    MotoStop                                 0x08003149   Thumb Code   152  function.o(i.MotoStop)
    Motor_Fzhuan                             0x080031f1   Thumb Code   108  function.o(i.Motor_Fzhuan)
    Motor_Zzhuan                             0x08003265   Thumb Code   108  function.o(i.Motor_Zzhuan)
    NMI_Handler                              0x080032d9   Thumb Code     2  stm32f4xx_it.o(i.NMI_Handler)
    NVIC_Init                                0x080032dd   Thumb Code   106  misc.o(i.NVIC_Init)
    NVIC_PriorityGroupConfig                 0x08003355   Thumb Code    10  misc.o(i.NVIC_PriorityGroupConfig)
    OSCfg_Init                               0x08003369   Thumb Code    86  os_cfg_app.o(i.OSCfg_Init)
    OSIdleTaskHook                           0x08003465   Thumb Code    16  os_cpu_c.o(i.OSIdleTaskHook)
    OSInit                                   0x08003479   Thumb Code   300  os_core.o(i.OSInit)
    OSInitHook                               0x08003605   Thumb Code    28  os_cpu_c.o(i.OSInitHook)
    OSIntEnter                               0x0800362d   Thumb Code    34  os_core.o(i.OSIntEnter)
    OSIntExit                                0x08003659   Thumb Code   188  os_core.o(i.OSIntExit)
    OSSched                                  0x08003735   Thumb Code   130  os_core.o(i.OSSched)
    OSSchedLock                              0x080037d5   Thumb Code   104  os_core.o(i.OSSchedLock)
    OSSchedRoundRobinCfg                     0x08003849   Thumb Code    88  os_core.o(i.OSSchedRoundRobinCfg)
    OSSchedUnlock                            0x080038ad   Thumb Code   136  os_core.o(i.OSSchedUnlock)
    OSStart                                  0x08003941   Thumb Code    78  os_core.o(i.OSStart)
    OSStatReset                              0x080039a9   Thumb Code   270  os_stat.o(i.OSStatReset)
    OSStatTaskCPUUsageInit                   0x08003ae1   Thumb Code   212  os_stat.o(i.OSStatTaskCPUUsageInit)
    OSStatTaskHook                           0x08003bd1   Thumb Code    16  os_cpu_c.o(i.OSStatTaskHook)
    OSTaskCreate                             0x08003be5   Thumb Code   566  os_task.o(i.OSTaskCreate)
    OSTaskCreateHook                         0x08003e41   Thumb Code    20  os_cpu_c.o(i.OSTaskCreateHook)
    OSTaskDel                                0x08003e59   Thumb Code   424  os_task.o(i.OSTaskDel)
    OSTaskDelHook                            0x0800401d   Thumb Code    20  os_cpu_c.o(i.OSTaskDelHook)
    OSTaskResume                             0x08004035   Thumb Code   112  os_task.o(i.OSTaskResume)
    OSTaskReturnHook                         0x080040b1   Thumb Code    20  os_cpu_c.o(i.OSTaskReturnHook)
    OSTaskSemPend                            0x080040c9   Thumb Code   520  os_task.o(i.OSTaskSemPend)
    OSTaskStkChk                             0x080042dd   Thumb Code   204  os_task.o(i.OSTaskStkChk)
    OSTaskStkInit                            0x080043b1   Thumb Code   600  os_cpu_c.o(i.OSTaskStkInit)
    OSTaskSuspend                            0x0800460d   Thumb Code    78  os_task.o(i.OSTaskSuspend)
    OSTaskSwHook                             0x0800466d   Thumb Code   120  os_cpu_c.o(i.OSTaskSwHook)
    OSTimeDly                                0x080046f5   Thumb Code   266  os_time.o(i.OSTimeDly)
    OSTimeDlyHMSM                            0x0800480d   Thumb Code   480  os_time.o(i.OSTimeDlyHMSM)
    OSTimeTick                               0x080049fd   Thumb Code    54  os_time.o(i.OSTimeTick)
    OSTimeTickHook                           0x08004a41   Thumb Code    16  os_cpu_c.o(i.OSTimeTickHook)
    OS_Dbg_Init                              0x08004a55   Thumb Code   146  os_dbg.o(i.OS_Dbg_Init)
    OS_FlagInit                              0x08004c05   Thumb Code    14  os_flag.o(i.OS_FlagInit)
    OS_FlagPost                              0x08004c1d   Thumb Code   552  os_flag.o(i.OS_FlagPost)
    OS_FlagTaskRdy                           0x08004e4d   Thumb Code    86  os_flag.o(i.OS_FlagTaskRdy)
    OS_IdleTask                              0x08004ea5   Thumb Code    60  os_core.o(i.OS_IdleTask)
    OS_IdleTaskInit                          0x08004ee9   Thumb Code    66  os_core.o(i.OS_IdleTaskInit)
    OS_IntQPost                              0x08004f59   Thumb Code   216  os_int.o(i.OS_IntQPost)
    OS_IntQRePost                            0x08005055   Thumb Code   360  os_int.o(i.OS_IntQRePost)
    OS_IntQTask                              0x080051f9   Thumb Code   162  os_int.o(i.OS_IntQTask)
    OS_IntQTaskInit                          0x080052ad   Thumb Code   206  os_int.o(i.OS_IntQTaskInit)
    OS_MemInit                               0x080053d5   Thumb Code    14  os_mem.o(i.OS_MemInit)
    OS_MsgPoolCreate                         0x080053ed   Thumb Code    54  os_msg.o(i.OS_MsgPoolCreate)
    OS_MsgPoolInit                           0x08005425   Thumb Code    70  os_msg.o(i.OS_MsgPoolInit)
    OS_MsgQFreeAll                           0x08005479   Thumb Code    62  os_msg.o(i.OS_MsgQFreeAll)
    OS_MsgQInit                              0x080054bd   Thumb Code    14  os_msg.o(i.OS_MsgQInit)
    OS_MsgQPut                               0x080054cd   Thumb Code   246  os_msg.o(i.OS_MsgQPut)
    OS_MutexInit                             0x080055c9   Thumb Code    14  os_mutex.o(i.OS_MutexInit)
    OS_Pend                                  0x080055e1   Thumb Code    98  os_core.o(i.OS_Pend)
    OS_PendDataInit                          0x08005649   Thumb Code    38  os_core.o(i.OS_PendDataInit)
    OS_PendDbgNameAdd                        0x08005671   Thumb Code    66  os_core.o(i.OS_PendDbgNameAdd)
    OS_PendDbgNameRemove                     0x080056cd   Thumb Code    30  os_core.o(i.OS_PendDbgNameRemove)
    OS_PendListInsertPrio                    0x080056f1   Thumb Code   102  os_core.o(i.OS_PendListInsertPrio)
    OS_PendListRemove                        0x08005757   Thumb Code    48  os_core.o(i.OS_PendListRemove)
    OS_PendListRemove1                       0x08005787   Thumb Code    66  os_core.o(i.OS_PendListRemove1)
    OS_Post                                  0x080057c9   Thumb Code   192  os_core.o(i.OS_Post)
    OS_Post1                                 0x08005889   Thumb Code    42  os_core.o(i.OS_Post1)
    OS_PrioGetHighest                        0x080058b5   Thumb Code    36  os_prio.o(i.OS_PrioGetHighest)
    OS_PrioInit                              0x080058dd   Thumb Code    20  os_prio.o(i.OS_PrioInit)
    OS_PrioInsert                            0x080058f5   Thumb Code    32  os_prio.o(i.OS_PrioInsert)
    OS_PrioRemove                            0x08005919   Thumb Code    32  os_prio.o(i.OS_PrioRemove)
    OS_QInit                                 0x0800593d   Thumb Code    14  os_q.o(i.OS_QInit)
    OS_QPost                                 0x08005955   Thumb Code   324  os_q.o(i.OS_QPost)
    OS_RdyListInit                           0x08005aa1   Thumb Code    32  os_core.o(i.OS_RdyListInit)
    OS_RdyListInsert                         0x08005ac5   Thumb Code    40  os_core.o(i.OS_RdyListInsert)
    OS_RdyListInsertHead                     0x08005af1   Thumb Code    58  os_core.o(i.OS_RdyListInsertHead)
    OS_RdyListInsertTail                     0x08005b31   Thumb Code    56  os_core.o(i.OS_RdyListInsertTail)
    OS_RdyListMoveHeadToTail                 0x08005b6d   Thumb Code    68  os_core.o(i.OS_RdyListMoveHeadToTail)
    OS_RdyListRemove                         0x08005bb1   Thumb Code    86  os_core.o(i.OS_RdyListRemove)
    OS_Sched0                                0x08005c0d   Thumb Code    68  os_core.o(i.OS_Sched0)
    OS_SchedLockTimeMeasStart                0x08005c61   Thumb Code    20  os_core.o(i.OS_SchedLockTimeMeasStart)
    OS_SchedLockTimeMeasStop                 0x08005c7d   Thumb Code    44  os_core.o(i.OS_SchedLockTimeMeasStop)
    OS_SchedRoundRobin                       0x08005cb9   Thumb Code   190  os_core.o(i.OS_SchedRoundRobin)
    OS_SemInit                               0x08005d89   Thumb Code    14  os_sem.o(i.OS_SemInit)
    OS_SemPost                               0x08005da1   Thumb Code   350  os_sem.o(i.OS_SemPost)
    OS_StatTask                              0x08005f05   Thumb Code   790  os_stat.o(i.OS_StatTask)
    OS_StatTaskInit                          0x08006261   Thumb Code   136  os_stat.o(i.OS_StatTaskInit)
    OS_TaskBlock                             0x0800632d   Thumb Code    56  os_core.o(i.OS_TaskBlock)
    OS_TaskDbgListAdd                        0x08006365   Thumb Code    42  os_task.o(i.OS_TaskDbgListAdd)
    OS_TaskDbgListRemove                     0x08006395   Thumb Code    64  os_task.o(i.OS_TaskDbgListRemove)
    OS_TaskInit                              0x080063d9   Thumb Code    18  os_task.o(i.OS_TaskInit)
    OS_TaskInitTCB                           0x080063f9   Thumb Code   186  os_task.o(i.OS_TaskInitTCB)
    OS_TaskQPost                             0x080064c1   Thumb Code   510  os_task.o(i.OS_TaskQPost)
    OS_TaskRdy                               0x080066cd   Thumb Code    28  os_core.o(i.OS_TaskRdy)
    OS_TaskResume                            0x080066e9   Thumb Code   314  os_task.o(i.OS_TaskResume)
    OS_TaskReturn                            0x08006829   Thumb Code    20  os_task.o(i.OS_TaskReturn)
    OS_TaskSemPost                           0x08006841   Thumb Code  1210  os_task.o(i.OS_TaskSemPost)
    OS_TaskSuspend                           0x08006d05   Thumb Code   328  os_task.o(i.OS_TaskSuspend)
    OS_TickListInit                          0x08006e55   Thumb Code    32  os_tick.o(i.OS_TickListInit)
    OS_TickListInsert                        0x08006e7d   Thumb Code   430  os_tick.o(i.OS_TickListInsert)
    OS_TickListRemove                        0x08007039   Thumb Code    56  os_tick.o(i.OS_TickListRemove)
    OS_TickListResetPeak                     0x08007071   Thumb Code    28  os_tick.o(i.OS_TickListResetPeak)
    OS_TickListUpdate                        0x08007095   Thumb Code   480  os_tick.o(i.OS_TickListUpdate)
    OS_TickTask                              0x0800728d   Thumb Code    38  os_tick.o(i.OS_TickTask)
    OS_TickTaskInit                          0x080072b9   Thumb Code   128  os_tick.o(i.OS_TickTaskInit)
    OS_TmrInit                               0x08007371   Thumb Code   206  os_tmr.o(i.OS_TmrInit)
    OS_TmrLink                               0x08007499   Thumb Code   196  os_tmr.o(i.OS_TmrLink)
    OS_TmrResetPeak                          0x08007569   Thumb Code    28  os_tmr.o(i.OS_TmrResetPeak)
    OS_TmrTask                               0x0800758d   Thumb Code   176  os_tmr.o(i.OS_TmrTask)
    OS_TmrUnlink                             0x0800764d   Thumb Code    72  os_tmr.o(i.OS_TmrUnlink)
    PID_task                                 0x0800769d   Thumb Code    18  main.o(i.PID_task)
    RCC_AHB1PeriphClockCmd                   0x080076b5   Thumb Code    26  stm32f4xx_rcc.o(i.RCC_AHB1PeriphClockCmd)
    RCC_APB1PeriphClockCmd                   0x080076d5   Thumb Code    26  stm32f4xx_rcc.o(i.RCC_APB1PeriphClockCmd)
    RCC_APB2PeriphClockCmd                   0x080076f5   Thumb Code    26  stm32f4xx_rcc.o(i.RCC_APB2PeriphClockCmd)
    RCC_GetClocksFreq                        0x08007715   Thumb Code   214  stm32f4xx_rcc.o(i.RCC_GetClocksFreq)
    Recirve_01                               0x080077fd   Thumb Code   230  modbus_slave.o(i.Recirve_01)
    Recirve_02                               0x080078f9   Thumb Code   296  modbus_slave.o(i.Recirve_02)
    Recirve_03                               0x08007a35   Thumb Code   168  modbus_slave.o(i.Recirve_03)
    Recirve_04                               0x08007af1   Thumb Code   226  modbus_slave.o(i.Recirve_04)
    Recirve_05                               0x08007be9   Thumb Code   114  modbus_slave.o(i.Recirve_05)
    Recirve_06                               0x08007c71   Thumb Code   136  modbus_slave.o(i.Recirve_06)
    Recirve_10                               0x08007d0d   Thumb Code   164  modbus_slave.o(i.Recirve_10)
    SPI2_ReadWriteByte                       0x08007dc5   Thumb Code    78  spi.o(i.SPI2_ReadWriteByte)
    SPI_I2S_GetFlagStatus                    0x08007e19   Thumb Code    18  stm32f4xx_spi.o(i.SPI_I2S_GetFlagStatus)
    SPI_I2S_ReceiveData                      0x08007e2b   Thumb Code     6  stm32f4xx_spi.o(i.SPI_I2S_ReceiveData)
    SPI_I2S_SendData                         0x08007e31   Thumb Code     4  stm32f4xx_spi.o(i.SPI_I2S_SendData)
    SVC_Handler                              0x08007e35   Thumb Code     2  stm32f4xx_it.o(i.SVC_Handler)
    Screen_task                              0x08007e39   Thumb Code  2988  main.o(i.Screen_task)
    SetAllParameterToSystem                  0x08008a0d   Thumb Code    14  route.o(i.SetAllParameterToSystem)
    SetOneParameterToSystem                  0x08008a21   Thumb Code    20  route.o(i.SetOneParameterToSystem)
    SetProcessData                           0x08008a35   Thumb Code   178  route.o(i.SetProcessData)
    SetRouteData                             0x08008afd   Thumb Code   100  route.o(i.SetRouteData)
    SetStationData                           0x08008b6d   Thumb Code    82  route.o(i.SetStationData)
    SysTick_CLKSourceConfig                  0x08008cb9   Thumb Code    40  misc.o(i.SysTick_CLKSourceConfig)
    SysTick_Handler                          0x08008ce1   Thumb Code    24  delay.o(i.SysTick_Handler)
    SystemInit                               0x08008cfd   Thumb Code    88  system_stm32f4xx.o(i.SystemInit)
    TIM1_BRK_TIM9_IRQHandler                 0x08008d65   Thumb Code    60  capcount9.o(i.TIM1_BRK_TIM9_IRQHandler)
    TIM2_IRQHandler                          0x08008dad   Thumb Code    74  timer2.o(i.TIM2_IRQHandler)
    TIM3_IRQHandler                          0x08008e19   Thumb Code    60  capcount3.o(i.TIM3_IRQHandler)
    TIM_ClearITPendingBit                    0x08008e61   Thumb Code     6  stm32f4xx_tim.o(i.TIM_ClearITPendingBit)
    TIM_GetITStatus                          0x08008e67   Thumb Code    34  stm32f4xx_tim.o(i.TIM_GetITStatus)
    TIM_SetCompare1                          0x08008e89   Thumb Code     4  stm32f4xx_tim.o(i.TIM_SetCompare1)
    TIM_SetCompare2                          0x08008e8d   Thumb Code     4  stm32f4xx_tim.o(i.TIM_SetCompare2)
    TIM_SetCompare3                          0x08008e91   Thumb Code     4  stm32f4xx_tim.o(i.TIM_SetCompare3)
    TIM_SetCompare4                          0x08008e95   Thumb Code     4  stm32f4xx_tim.o(i.TIM_SetCompare4)
    TLC5620_Init                             0x08008e99   Thumb Code   108  tlc5620.o(i.TLC5620_Init)
    TLC5620_OUTnum                           0x08008f1d   Thumb Code   320  tlc5620.o(i.TLC5620_OUTnum)
    Task5_task                               0x0800906d   Thumb Code    18  main.o(i.Task5_task)
    Transducer_task                          0x08009081   Thumb Code    24  main.o(i.Transducer_task)
    UART4_IRQHandler                         0x0800909d   Thumb Code   166  stm32f4xx_it.o(i.UART4_IRQHandler)
    USART1_Configuration                     0x0800915d   Thumb Code   132  usart.o(i.USART1_Configuration)
    USART2_Configuration                     0x080091e9   Thumb Code   192  usart.o(i.USART2_Configuration)
    USART2_IRQHandler                        0x080092b1   Thumb Code   206  stm32f4xx_it.o(i.USART2_IRQHandler)
    USART3_Configuration                     0x080093a1   Thumb Code   194  usart.o(i.USART3_Configuration)
    USART3_IRQHandler                        0x08009471   Thumb Code   172  stm32f4xx_it.o(i.USART3_IRQHandler)
    USART4_Configuration                     0x08009535   Thumb Code   228  usart.o(i.USART4_Configuration)
    USART6_Configuration                     0x08009621   Thumb Code   190  usart.o(i.USART6_Configuration)
    USART6_IRQHandler                        0x080096e9   Thumb Code    76  stm32f4xx_it.o(i.USART6_IRQHandler)
    USART_ClearFlag                          0x08009745   Thumb Code    18  stm32f4xx_usart.o(i.USART_ClearFlag)
    USART_ClearITPendingBit                  0x08009757   Thumb Code    30  stm32f4xx_usart.o(i.USART_ClearITPendingBit)
    USART_Cmd                                0x08009775   Thumb Code    24  stm32f4xx_usart.o(i.USART_Cmd)
    USART_DMACmd                             0x0800978d   Thumb Code    18  stm32f4xx_usart.o(i.USART_DMACmd)
    USART_GetITStatus                        0x0800979f   Thumb Code    84  stm32f4xx_usart.o(i.USART_GetITStatus)
    USART_ITConfig                           0x080097f3   Thumb Code    74  stm32f4xx_usart.o(i.USART_ITConfig)
    USART_Init                               0x0800983d   Thumb Code   204  stm32f4xx_usart.o(i.USART_Init)
    Uart3_Start_DMA_Tx                       0x08009911   Thumb Code    22  dma.o(i.Uart3_Start_DMA_Tx)
    Uart4_Start_DMA_Tx                       0x0800992d   Thumb Code    30  dma.o(i.Uart4_Start_DMA_Tx)
    UpdataProcessToHmi                       0x08009955   Thumb Code    78  route.o(i.UpdataProcessToHmi)
    UpdataStationToHmi                       0x080099ad   Thumb Code   202  route.o(i.UpdataStationToHmi)
    UpdataStationToNow                       0x08009a81   Thumb Code   168  route.o(i.UpdataStationToNow)
    UsageFault_Handler                       0x08009b31   Thumb Code     4  stm32f4xx_it.o(i.UsageFault_Handler)
    W25QXX_Erase_Sector                      0x08009b35   Thumb Code    62  w25qxx.o(i.W25QXX_Erase_Sector)
    W25QXX_Read                              0x08009b7d   Thumb Code    74  w25qxx.o(i.W25QXX_Read)
    W25QXX_ReadSR                            0x08009bcd   Thumb Code    36  w25qxx.o(i.W25QXX_ReadSR)
    W25QXX_Read_16                           0x08009bf9   Thumb Code    66  w25qxx.o(i.W25QXX_Read_16)
    W25QXX_Wait_Busy                         0x08009c41   Thumb Code    18  w25qxx.o(i.W25QXX_Wait_Busy)
    W25QXX_Write                             0x08009c55   Thumb Code   180  w25qxx.o(i.W25QXX_Write)
    W25QXX_Write_16                          0x08009d0d   Thumb Code    70  w25qxx.o(i.W25QXX_Write_16)
    W25QXX_Write_Enable                      0x08009d59   Thumb Code    24  w25qxx.o(i.W25QXX_Write_Enable)
    W25QXX_Write_NoCheck                     0x08009d79   Thumb Code    70  w25qxx.o(i.W25QXX_Write_NoCheck)
    W25QXX_Write_Page                        0x08009dc1   Thumb Code    80  w25qxx.o(i.W25QXX_Write_Page)
    WIFI_task                                0x08009e15   Thumb Code    16  main.o(i.WIFI_task)
    _sys_exit                                0x08009e25   Thumb Code     4  usart.o(i._sys_exit)
    delay                                    0x08009e29   Thumb Code    32  function.o(i.delay)
    delay_init                               0x08009e49   Thumb Code    94  delay.o(i.delay_init)
    delay_osschedlock                        0x08009eb9   Thumb Code    10  delay.o(i.delay_osschedlock)
    delay_osschedunlock                      0x08009ec3   Thumb Code    10  delay.o(i.delay_osschedunlock)
    delay_us                                 0x08009ecd   Thumb Code    84  delay.o(i.delay_us)
    errorsend                                0x08009f25   Thumb Code   138  modbus_slave.o(i.errorsend)
    float_task                               0x08009fb9   Thumb Code    84  main.o(i.float_task)
    main                                     0x0800a021   Thumb Code   358  main.o(i.main)
    osdelay_ms                               0x0800a1b1   Thumb Code    24  delay.o(i.osdelay_ms)
    send_comm                                0x0800a1c9   Thumb Code    12  modbus_slave.o(i.send_comm)
    start_task                               0x0800a1d9   Thumb Code   752  main.o(i.start_task)
    __aeabi_i2d                              0x0800a601   Thumb Code     0  dflt_clz.o(x$fpl$dflt)
    _dflt                                    0x0800a601   Thumb Code    46  dflt_clz.o(x$fpl$dflt)
    _fp_init                                 0x0800a62f   Thumb Code    10  fpinit.o(x$fpl$fpinit)
    __fplib_config_fpu_vfp                   0x0800a637   Thumb Code     0  fpinit.o(x$fpl$fpinit)
    __fplib_config_pureend_doubles           0x0800a637   Thumb Code     0  fpinit.o(x$fpl$fpinit)
    OSCfg_IdleTaskStkBasePtr                 0x0800a638   Data           4  os_cfg_app.o(.constdata)
    __I$use$fp                               0x0800a638   Number         0  usenofp.o(x$fpl$usenofp)
    OSCfg_IdleTaskStkLimit                   0x0800a63c   Data           4  os_cfg_app.o(.constdata)
    OSCfg_IdleTaskStkSize                    0x0800a640   Data           4  os_cfg_app.o(.constdata)
    OSCfg_IdleTaskStkSizeRAM                 0x0800a644   Data           4  os_cfg_app.o(.constdata)
    OSCfg_IntQBasePtr                        0x0800a648   Data           4  os_cfg_app.o(.constdata)
    OSCfg_IntQSize                           0x0800a64c   Data           2  os_cfg_app.o(.constdata)
    OSCfg_IntQSizeRAM                        0x0800a650   Data           4  os_cfg_app.o(.constdata)
    OSCfg_IntQTaskStkBasePtr                 0x0800a654   Data           4  os_cfg_app.o(.constdata)
    OSCfg_IntQTaskStkLimit                   0x0800a658   Data           4  os_cfg_app.o(.constdata)
    OSCfg_IntQTaskStkSize                    0x0800a65c   Data           4  os_cfg_app.o(.constdata)
    OSCfg_IntQTaskStkSizeRAM                 0x0800a660   Data           4  os_cfg_app.o(.constdata)
    OSCfg_ISRStkBasePtr                      0x0800a664   Data           4  os_cfg_app.o(.constdata)
    OSCfg_ISRStkSize                         0x0800a668   Data           4  os_cfg_app.o(.constdata)
    OSCfg_ISRStkSizeRAM                      0x0800a66c   Data           4  os_cfg_app.o(.constdata)
    OSCfg_MsgPoolSize                        0x0800a670   Data           2  os_cfg_app.o(.constdata)
    OSCfg_MsgPoolSizeRAM                     0x0800a674   Data           4  os_cfg_app.o(.constdata)
    OSCfg_MsgPoolBasePtr                     0x0800a678   Data           4  os_cfg_app.o(.constdata)
    OSCfg_StatTaskPrio                       0x0800a67c   Data           1  os_cfg_app.o(.constdata)
    OSCfg_StatTaskRate_Hz                    0x0800a680   Data           4  os_cfg_app.o(.constdata)
    OSCfg_StatTaskStkBasePtr                 0x0800a684   Data           4  os_cfg_app.o(.constdata)
    OSCfg_StatTaskStkLimit                   0x0800a688   Data           4  os_cfg_app.o(.constdata)
    OSCfg_StatTaskStkSize                    0x0800a68c   Data           4  os_cfg_app.o(.constdata)
    OSCfg_StatTaskStkSizeRAM                 0x0800a690   Data           4  os_cfg_app.o(.constdata)
    OSCfg_StkSizeMin                         0x0800a694   Data           4  os_cfg_app.o(.constdata)
    OSCfg_TickRate_Hz                        0x0800a698   Data           4  os_cfg_app.o(.constdata)
    OSCfg_TickTaskPrio                       0x0800a69c   Data           1  os_cfg_app.o(.constdata)
    OSCfg_TickTaskStkBasePtr                 0x0800a6a0   Data           4  os_cfg_app.o(.constdata)
    OSCfg_TickTaskStkLimit                   0x0800a6a4   Data           4  os_cfg_app.o(.constdata)
    OSCfg_TickTaskStkSize                    0x0800a6a8   Data           4  os_cfg_app.o(.constdata)
    OSCfg_TickTaskStkSizeRAM                 0x0800a6ac   Data           4  os_cfg_app.o(.constdata)
    OSCfg_TickWheelSize                      0x0800a6b0   Data           2  os_cfg_app.o(.constdata)
    OSCfg_TickWheelSizeRAM                   0x0800a6b4   Data           4  os_cfg_app.o(.constdata)
    OSCfg_TmrTaskPrio                        0x0800a6b8   Data           1  os_cfg_app.o(.constdata)
    OSCfg_TmrTaskRate_Hz                     0x0800a6bc   Data           4  os_cfg_app.o(.constdata)
    OSCfg_TmrTaskStkBasePtr                  0x0800a6c0   Data           4  os_cfg_app.o(.constdata)
    OSCfg_TmrTaskStkLimit                    0x0800a6c4   Data           4  os_cfg_app.o(.constdata)
    OSCfg_TmrTaskStkSize                     0x0800a6c8   Data           4  os_cfg_app.o(.constdata)
    OSCfg_TmrTaskStkSizeRAM                  0x0800a6cc   Data           4  os_cfg_app.o(.constdata)
    OSCfg_TmrWheelSize                       0x0800a6d0   Data           2  os_cfg_app.o(.constdata)
    OSCfg_TmrWheelSizeRAM                    0x0800a6d4   Data           4  os_cfg_app.o(.constdata)
    OSCfg_DataSizeRAM                        0x0800a6d8   Data           4  os_cfg_app.o(.constdata)
    OSDbg_DbgEn                              0x0800a6dc   Data           2  os_dbg.o(.constdata)
    OSDbg_ArgChkEn                           0x0800a6de   Data           1  os_dbg.o(.constdata)
    OSDbg_AppHooksEn                         0x0800a6df   Data           1  os_dbg.o(.constdata)
    OSDbg_EndiannessTest                     0x0800a6e0   Data           4  os_dbg.o(.constdata)
    OSDbg_CalledFromISRChkEn                 0x0800a6e4   Data           1  os_dbg.o(.constdata)
    OSDbg_FlagEn                             0x0800a6e5   Data           1  os_dbg.o(.constdata)
    OSDbg_FlagGrp                            0x0800a6e8   Data          40  os_dbg.o(.constdata)
    OSDbg_FlagDelEn                          0x0800a710   Data           1  os_dbg.o(.constdata)
    OSDbg_FlagModeClrEn                      0x0800a711   Data           1  os_dbg.o(.constdata)
    OSDbg_FlagPendAbortEn                    0x0800a712   Data           1  os_dbg.o(.constdata)
    OSDbg_FlagGrpSize                        0x0800a714   Data           2  os_dbg.o(.constdata)
    OSDbg_FlagWidth                          0x0800a716   Data           2  os_dbg.o(.constdata)
    OSDbg_IntQ                               0x0800a718   Data           2  os_dbg.o(.constdata)
    OSDbg_ISRPostDeferredEn                  0x0800a71a   Data           1  os_dbg.o(.constdata)
    OSDbg_Mem                                0x0800a71c   Data          32  os_dbg.o(.constdata)
    OSDbg_MemEn                              0x0800a73c   Data           1  os_dbg.o(.constdata)
    OSDbg_MemSize                            0x0800a73e   Data           2  os_dbg.o(.constdata)
    OSDbg_MsgEn                              0x0800a740   Data           1  os_dbg.o(.constdata)
    OSDbg_MsgSize                            0x0800a742   Data           2  os_dbg.o(.constdata)
    OSDbg_MsgPoolSize                        0x0800a744   Data           2  os_dbg.o(.constdata)
    OSDbg_MsgQSize                           0x0800a746   Data           2  os_dbg.o(.constdata)
    OSDbg_Mutex                              0x0800a748   Data          44  os_dbg.o(.constdata)
    OSDbg_MutexEn                            0x0800a774   Data           1  os_dbg.o(.constdata)
    OSDbg_MutexDelEn                         0x0800a775   Data           1  os_dbg.o(.constdata)
    OSDbg_MutexPendAbortEn                   0x0800a776   Data           1  os_dbg.o(.constdata)
    OSDbg_MutexSize                          0x0800a778   Data           2  os_dbg.o(.constdata)
    OSDbg_ObjTypeChkEn                       0x0800a77a   Data           1  os_dbg.o(.constdata)
    OSDbg_PendMultiEn                        0x0800a77b   Data           1  os_dbg.o(.constdata)
    OSDbg_PendDataSize                       0x0800a77c   Data           2  os_dbg.o(.constdata)
    OSDbg_PendListSize                       0x0800a77e   Data           2  os_dbg.o(.constdata)
    OSDbg_PendObjSize                        0x0800a780   Data           2  os_dbg.o(.constdata)
    OSDbg_PrioMax                            0x0800a782   Data           2  os_dbg.o(.constdata)
    OSDbg_PrioTblSize                        0x0800a784   Data           2  os_dbg.o(.constdata)
    OSDbg_PtrSize                            0x0800a786   Data           2  os_dbg.o(.constdata)
    OSDbg_Q                                  0x0800a788   Data          48  os_dbg.o(.constdata)
    OSDbg_QEn                                0x0800a7b8   Data           1  os_dbg.o(.constdata)
    OSDbg_QDelEn                             0x0800a7b9   Data           1  os_dbg.o(.constdata)
    OSDbg_QFlushEn                           0x0800a7ba   Data           1  os_dbg.o(.constdata)
    OSDbg_QPendAbortEn                       0x0800a7bb   Data           1  os_dbg.o(.constdata)
    OSDbg_QSize                              0x0800a7bc   Data           2  os_dbg.o(.constdata)
    OSDbg_SchedRoundRobinEn                  0x0800a7be   Data           1  os_dbg.o(.constdata)
    OSDbg_Sem                                0x0800a7c0   Data          40  os_dbg.o(.constdata)
    OSDbg_SemEn                              0x0800a7e8   Data           1  os_dbg.o(.constdata)
    OSDbg_SemDelEn                           0x0800a7e9   Data           1  os_dbg.o(.constdata)
    OSDbg_SemPendAbortEn                     0x0800a7ea   Data           1  os_dbg.o(.constdata)
    OSDbg_SemSetEn                           0x0800a7eb   Data           1  os_dbg.o(.constdata)
    OSDbg_SemSize                            0x0800a7ec   Data           2  os_dbg.o(.constdata)
    OSDbg_RdyList                            0x0800a7ee   Data           2  os_dbg.o(.constdata)
    OSDbg_RdyListSize                        0x0800a7f0   Data           4  os_dbg.o(.constdata)
    OSDbg_StkWidth                           0x0800a7f4   Data           1  os_dbg.o(.constdata)
    OSDbg_StatTaskEn                         0x0800a7f5   Data           1  os_dbg.o(.constdata)
    OSDbg_StatTaskStkChkEn                   0x0800a7f6   Data           1  os_dbg.o(.constdata)
    OSDbg_TaskChangePrioEn                   0x0800a7f7   Data           1  os_dbg.o(.constdata)
    OSDbg_TaskDelEn                          0x0800a7f8   Data           1  os_dbg.o(.constdata)
    OSDbg_TaskQEn                            0x0800a7f9   Data           1  os_dbg.o(.constdata)
    OSDbg_TaskQPendAbortEn                   0x0800a7fa   Data           1  os_dbg.o(.constdata)
    OSDbg_TaskProfileEn                      0x0800a7fb   Data           1  os_dbg.o(.constdata)
    OSDbg_TaskRegTblSize                     0x0800a7fc   Data           2  os_dbg.o(.constdata)
    OSDbg_TaskSemPendAbortEn                 0x0800a7fe   Data           1  os_dbg.o(.constdata)
    OSDbg_TaskSuspendEn                      0x0800a7ff   Data           1  os_dbg.o(.constdata)
    OSDbg_TCBSize                            0x0800a800   Data           2  os_dbg.o(.constdata)
    OSDbg_TickSpokeSize                      0x0800a802   Data           2  os_dbg.o(.constdata)
    OSDbg_TimeDlyHMSMEn                      0x0800a804   Data           1  os_dbg.o(.constdata)
    OSDbg_TimeDlyResumeEn                    0x0800a805   Data           1  os_dbg.o(.constdata)
    OSDbg_TLS_TblSize                        0x0800a806   Data           2  os_dbg.o(.constdata)
    OSDbg_Tmr                                0x0800a808   Data          52  os_dbg.o(.constdata)
    OSDbg_TmrEn                              0x0800a83c   Data           1  os_dbg.o(.constdata)
    OSDbg_TmrDelEn                           0x0800a83d   Data           1  os_dbg.o(.constdata)
    OSDbg_TmrSize                            0x0800a83e   Data           2  os_dbg.o(.constdata)
    OSDbg_TmrSpokeSize                       0x0800a840   Data           2  os_dbg.o(.constdata)
    OSDbg_VersionNbr                         0x0800a842   Data           2  os_dbg.o(.constdata)
    OSDbg_DataSize                           0x0800a844   Data           4  os_dbg.o(.constdata)
    Region$$Table$$Base                      0x0800a848   Number         0  anon$$obj.o(Region$$Table)
    Region$$Table$$Limit                     0x0800a868   Number         0  anon$$obj.o(Region$$Table)
    cy_time                                  0x20000000   Data           1  main.o(.data)
    rece_index                               0x20000001   Data           1  dma.o(.data)
    rece2_index                              0x20000002   Data           1  dma.o(.data)
    rece6_index                              0x20000003   Data           1  dma.o(.data)
    rece3_index                              0x20000004   Data           1  dma.o(.data)
    tim31_count                              0x20000008   Data           4  timer2.o(.data)
    tim32_count                              0x2000000c   Data           4  timer2.o(.data)
    tim91_count                              0x20000010   Data           4  timer2.o(.data)
    tim92_count                              0x20000014   Data           4  timer2.o(.data)
    can_Sebuf                                0x20000018   Data           4  can.o(.data)
    can_Rebuf                                0x2000001c   Data           2  can.o(.data)
    OutPut                                   0x2000001e   Data          10  can.o(.data)
    Input                                    0x20000028   Data          12  can.o(.data)
    count31                                  0x20000034   Data           4  capcount3.o(.data)
    count32                                  0x20000038   Data           4  capcount3.o(.data)
    count91                                  0x2000003c   Data           4  capcount9.o(.data)
    count92                                  0x20000040   Data           4  capcount9.o(.data)
    reclength                                0x20000044   Data           2  modbus_slave.o(.data)
    sendlength                               0x20000046   Data           2  modbus_slave.o(.data)
    car_statu                                0x20000048   Data           1  function.o(.data)
    dir                                      0x20000049   Data           1  function.o(.data)
    CAN1_Sebuf                               0x2000004a   Data           5  function.o(.data)
    fencha_dir                               0x2000004f   Data           1  function.o(.data)
    tubian_num                               0x20000050   Data           1  function.o(.data)
    XuanZhuanNUM                             0x20000051   Data           1  function.o(.data)
    PingYiNum                                0x20000052   Data           1  function.o(.data)
    keynumber                                0x20000054   Data           2  function.o(.data)
    ld_juli                                  0x20000056   Data           1  function.o(.data)
    Manual_juli                              0x20000057   Data           1  function.o(.data)
    Jhwai_switch                             0x20000058   Data           1  function.o(.data)
    Cdh1_Inc                                 0x2000005c   Data           4  function.o(.data)
    ADC_POWER                                0x20000060   Data           4  function.o(.data)
    lidian                                   0x20000064   Data           6  function.o(.data)
    speed                                    0x2000006c   Data          24  function.o(.data)
    HmiRouteNumFlag                          0x20000084   Data           2  route.o(.data)
    HmiRouteCopiedNumTemp                    0x20000086   Data           2  route.o(.data)
    HmiProcessNumFlag                        0x20000088   Data           2  route.o(.data)
    HmiProcessCopiedNumTemp                  0x2000008a   Data           2  route.o(.data)
    send_ok                                  0x2000008c   Data           1  read.o(.data)
    receive_ok                               0x2000008d   Data           1  read.o(.data)
    readstate                                0x2000008e   Data           1  read.o(.data)
    lujing_readstate                         0x2000008f   Data           1  read.o(.data)
    zhandian_readstate                       0x20000090   Data           1  read.o(.data)
    liucheng_readstate                       0x20000091   Data           1  read.o(.data)
    xuhao_readstate                          0x20000092   Data           1  read.o(.data)
    sum                                      0x20000094   Data           2  read.o(.data)
    parment_number                           0x20000096   Data           2  read.o(.data)
    lujing_number                            0x20000098   Data           2  read.o(.data)
    liucheng_number                          0x2000009a   Data           2  read.o(.data)
    zhandian_number                          0x2000009c   Data           2  read.o(.data)
    xuhao_number                             0x2000009e   Data           2  read.o(.data)
    zhandian_sum                             0x200000a0   Data           2  read.o(.data)
    xuhao_sum                                0x200000a2   Data           2  read.o(.data)
    rout_number                              0x200000a4   Data           2  read.o(.data)
    length                                   0x200000a6   Data           2  read.o(.data)
    CPU_TS_TmrFreq_Hz                        0x200000bc   Data           4  cpu_core.o(.data)
    OSPrioTbl                                0x200000c0   Data           8  os_prio.o(.data)
    OS_AppTaskCreateHookPtr                  0x200000c8   Data           4  os_var.o(.data)
    OS_AppTaskDelHookPtr                     0x200000cc   Data           4  os_var.o(.data)
    OS_AppTaskReturnHookPtr                  0x200000d0   Data           4  os_var.o(.data)
    OS_AppIdleTaskHookPtr                    0x200000d4   Data           4  os_var.o(.data)
    OS_AppStatTaskHookPtr                    0x200000d8   Data           4  os_var.o(.data)
    OS_AppTaskSwHookPtr                      0x200000dc   Data           4  os_var.o(.data)
    OS_AppTimeTickHookPtr                    0x200000e0   Data           4  os_var.o(.data)
    OSIdleTaskCtr                            0x200000e4   Data           4  os_var.o(.data)
    OSIntNestingCtr                          0x200000e8   Data           1  os_var.o(.data)
    OSRunning                                0x200000e9   Data           1  os_var.o(.data)
    OSIntQInPtr                              0x200000ec   Data           4  os_var.o(.data)
    OSIntQOutPtr                             0x200000f0   Data           4  os_var.o(.data)
    OSIntQNbrEntries                         0x200000f4   Data           2  os_var.o(.data)
    OSIntQNbrEntriesMax                      0x200000f6   Data           2  os_var.o(.data)
    OSIntQOvfCtr                             0x200000f8   Data           2  os_var.o(.data)
    OSIntQTaskTimeMax                        0x200000fc   Data           4  os_var.o(.data)
    OSFlagDbgListPtr                         0x20000100   Data           4  os_var.o(.data)
    OSFlagQty                                0x20000104   Data           2  os_var.o(.data)
    OSMemDbgListPtr                          0x20000108   Data           4  os_var.o(.data)
    OSMemQty                                 0x2000010c   Data           2  os_var.o(.data)
    OSMutexDbgListPtr                        0x20000110   Data           4  os_var.o(.data)
    OSMutexQty                               0x20000114   Data           2  os_var.o(.data)
    OSPrioCur                                0x20000116   Data           1  os_var.o(.data)
    OSPrioHighRdy                            0x20000117   Data           1  os_var.o(.data)
    OSPrioSaved                              0x20000118   Data           1  os_var.o(.data)
    OSQDbgListPtr                            0x2000011c   Data           4  os_var.o(.data)
    OSQQty                                   0x20000120   Data           2  os_var.o(.data)
    OSSchedLockTimeBegin                     0x20000124   Data           4  os_var.o(.data)
    OSSchedLockTimeMax                       0x20000128   Data           4  os_var.o(.data)
    OSSchedLockTimeMaxCur                    0x2000012c   Data           4  os_var.o(.data)
    OSSchedLockNestingCtr                    0x20000130   Data           1  os_var.o(.data)
    OSSchedRoundRobinDfltTimeQuanta          0x20000134   Data           4  os_var.o(.data)
    OSSchedRoundRobinEn                      0x20000138   Data           1  os_var.o(.data)
    OSSemDbgListPtr                          0x2000013c   Data           4  os_var.o(.data)
    OSSemQty                                 0x20000140   Data           2  os_var.o(.data)
    OSStatResetFlag                          0x20000142   Data           1  os_var.o(.data)
    OSStatTaskCPUUsage                       0x20000144   Data           2  os_var.o(.data)
    OSStatTaskCPUUsageMax                    0x20000146   Data           2  os_var.o(.data)
    OSStatTaskCtr                            0x20000148   Data           4  os_var.o(.data)
    OSStatTaskCtrMax                         0x2000014c   Data           4  os_var.o(.data)
    OSStatTaskCtrRun                         0x20000150   Data           4  os_var.o(.data)
    OSStatTaskRdy                            0x20000154   Data           1  os_var.o(.data)
    OSStatTaskTimeMax                        0x20000158   Data           4  os_var.o(.data)
    OSTaskCtxSwCtr                           0x2000015c   Data           4  os_var.o(.data)
    OSTaskDbgListPtr                         0x20000160   Data           4  os_var.o(.data)
    OSTaskQty                                0x20000164   Data           2  os_var.o(.data)
    OSTaskRegNextAvailID                     0x20000166   Data           1  os_var.o(.data)
    OSTickCtr                                0x20000168   Data           4  os_var.o(.data)
    OSTickTaskTimeMax                        0x2000016c   Data           4  os_var.o(.data)
    OSTmrDbgListPtr                          0x20000170   Data           4  os_var.o(.data)
    OSTmrQty                                 0x20000174   Data           2  os_var.o(.data)
    OSTmrTaskTimeMax                         0x20000178   Data           4  os_var.o(.data)
    OSTmrTickCtr                             0x2000017c   Data           4  os_var.o(.data)
    OSTmrUpdateCnt                           0x20000180   Data           4  os_var.o(.data)
    OSTmrUpdateCtr                           0x20000184   Data           4  os_var.o(.data)
    OSTCBCurPtr                              0x20000188   Data           4  os_var.o(.data)
    OSTCBHighRdyPtr                          0x2000018c   Data           4  os_var.o(.data)
    OS_CPU_ExceptStkBase                     0x20000190   Data           4  os_cpu_c.o(.data)
    StartTaskTCB                             0x20000194   Data         196  main.o(.bss)
    START_TASK_STK                           0x20000258   Data        2048  main.o(.bss)
    TransducerTaskTCB                        0x20000a58   Data         196  main.o(.bss)
    Transducer_TASK_STK                      0x20000b1c   Data        2048  main.o(.bss)
    AutoTaskTCB                              0x2000131c   Data         196  main.o(.bss)
    Auto_TASK_STK                            0x200013e0   Data        2048  main.o(.bss)
    ManualTaskTCB                            0x20001be0   Data         196  main.o(.bss)
    Manual_TASK_STK                          0x20001ca4   Data        2048  main.o(.bss)
    FloatTaskTCB                             0x200024a4   Data         196  main.o(.bss)
    FLOAT_TASK_STK                           0x20002568   Data        2048  main.o(.bss)
    DEMOTaskTCB                              0x20002d68   Data         196  main.o(.bss)
    DEMO_TASK_STK                            0x20002e2c   Data        2048  main.o(.bss)
    Task5_TaskTCB                            0x2000362c   Data         196  main.o(.bss)
    Task5_TASK_STK                           0x200036f0   Data        2048  main.o(.bss)
    ControlTaskTCB                           0x20003ef0   Data         196  main.o(.bss)
    Control_TASK_STK                         0x20003fb4   Data        2048  main.o(.bss)
    WIFITaskTCB                              0x200047b4   Data         196  main.o(.bss)
    WIFI_TASK_STK                            0x20004878   Data        2048  main.o(.bss)
    ScreenTaskTCB                            0x20005078   Data         196  main.o(.bss)
    Screen_TASK_STK                          0x2000513c   Data        2048  main.o(.bss)
    DEMO1TaskTCB                             0x2000593c   Data         196  main.o(.bss)
    DEMO1_TASK_STK                           0x20005a00   Data        2048  main.o(.bss)
    DEMO2TaskTCB                             0x20006200   Data         196  main.o(.bss)
    DEMO2_TASK_STK                           0x200062c4   Data        2048  main.o(.bss)
    PIDTaskTCB                               0x20006ac4   Data         196  main.o(.bss)
    PID_TASK_STK                             0x20006b88   Data        2048  main.o(.bss)
    AD_Value                                 0x20007388   Data         180  dma.o(.bss)
    After_filter                             0x20007440   Data          24  dma.o(.bss)
    sendBuf                                  0x20007458   Data         250  dma.o(.bss)
    receBuf                                  0x20007552   Data         250  dma.o(.bss)
    rece2_buf                                0x2000764c   Data         250  dma.o(.bss)
    send2_buf                                0x20007746   Data         250  dma.o(.bss)
    rece6_buf                                0x20007840   Data         250  dma.o(.bss)
    send6_buf                                0x2000793a   Data         250  dma.o(.bss)
    rece3_buf                                0x20007a34   Data         130  dma.o(.bss)
    send3_buf                                0x20007ab6   Data         130  dma.o(.bss)
    W25QXX_BUFFER                            0x20007b38   Data        4096  w25qxx.o(.bss)
    Buffer_Read                              0x20008b38   Data        2000  w25qxx.o(.bss)
    Buffer_Write                             0x20009308   Data        2000  w25qxx.o(.bss)
    RxMessage                                0x20009ad8   Data          20  can.o(.bss)
    YaoKong                                  0x20009aec   Data          12  can.o(.bss)
    PLC_InPut                                0x20009af8   Data          64  modbus_slave.o(.bss)
    PLC_OutPut                               0x20009b38   Data         128  modbus_slave.o(.bss)
    PLC_Data                                 0x20009bb8   Data         256  modbus_slave.o(.bss)
    USART6_TX_BUF                            0x20009cb8   Data         100  function.o(.bss)
    All_flag                                 0x20009d1c   Data          13  function.o(.bss)
    SystemParameter                          0x20009d2a   Data         202  route.o(.bss)
    RouteStationNum                          0x20009df4   Data        1000  route.o(.bss)
    NowRouteInfor                            0x2000a1dc   Data        4000  route.o(.bss)
    StationInfor                             0x2000b17c   Data          40  route.o(.bss)
    ProcessStepNum                           0x2000b1a4   Data        1000  route.o(.bss)
    NowProcessInfor                          0x2000b58c   Data         600  route.o(.bss)
    CPU_Name                                 0x2000b7e4   Data          16  cpu_core.o(.bss)
    OSCfg_IdleTaskStk                        0x2000b7f4   Data         512  os_cfg_app.o(.bss)
    OSCfg_IntQ                               0x2000b9f4   Data         320  os_cfg_app.o(.bss)
    OSCfg_IntQTaskStk                        0x2000bb34   Data         512  os_cfg_app.o(.bss)
    OSCfg_ISRStk                             0x2000bd34   Data         512  os_cfg_app.o(.bss)
    OSCfg_MsgPool                            0x2000bf34   Data        1600  os_cfg_app.o(.bss)
    OSCfg_StatTaskStk                        0x2000c574   Data         512  os_cfg_app.o(.bss)
    OSCfg_TickTaskStk                        0x2000c774   Data         512  os_cfg_app.o(.bss)
    OSCfg_TickWheel                          0x2000c974   Data         136  os_cfg_app.o(.bss)
    OSCfg_TmrTaskStk                         0x2000c9fc   Data         512  os_cfg_app.o(.bss)
    OSCfg_TmrWheel                           0x2000cbfc   Data         136  os_cfg_app.o(.bss)
    OSIdleTaskTCB                            0x2000cc84   Data         196  os_var.o(.bss)
    OSIntQTaskTCB                            0x2000cd48   Data         196  os_var.o(.bss)
    OSMsgPool                                0x2000ce0c   Data          12  os_var.o(.bss)
    OSRdyList                                0x2000ce18   Data         768  os_var.o(.bss)
    OSStatTaskTCB                            0x2000d118   Data         196  os_var.o(.bss)
    OSTickTaskTCB                            0x2000d1dc   Data         196  os_var.o(.bss)
    OSTmrTaskTCB                             0x2000d2a0   Data         196  os_var.o(.bss)
    __libspace_start                         0x2000d364   Data          96  libspace.o(.bss)
    __temporary_stack_top$libspace           0x2000d3c4   Data           0  libspace.o(.bss)



==============================================================================

Memory Map of the image

  Image Entry point : 0x08000189

  Load Region LR_IROM1 (Base: 0x08000000, Size: 0x0000a9fc, Max: 0x00080000, ABSOLUTE, COMPRESSED[0x0000a89c])

    Execution Region ER_IROM1 (Base: 0x08000000, Size: 0x0000a868, Max: 0x00080000, ABSOLUTE)

    Base Addr    Size         Type   Attr      Idx    E Section Name        Object

    0x08000000   0x00000188   Data   RO         1707    RESET               startup_stm32f40_41xxx.o
    0x08000188   0x00000008   Code   RO         5886  * !!!main             c_w.l(__main.o)
    0x08000190   0x00000034   Code   RO         6227    !!!scatter          c_w.l(__scatter.o)
    0x080001c4   0x0000005a   Code   RO         6225    !!dczerorl2         c_w.l(__dczerorl2.o)
    0x0800021e   0x00000002   PAD
    0x08000220   0x0000001c   Code   RO         6229    !!handler_zi        c_w.l(__scatter_zi.o)
    0x0800023c   0x00000002   Code   RO         6091    .ARM.Collect$$libinit$$00000000  c_w.l(libinit.o)
    0x0800023e   0x00000004   Code   RO         6112    .ARM.Collect$$libinit$$00000001  c_w.l(libinit2.o)
    0x08000242   0x00000000   Code   RO         6115    .ARM.Collect$$libinit$$00000004  c_w.l(libinit2.o)
    0x08000242   0x00000000   Code   RO         6118    .ARM.Collect$$libinit$$0000000A  c_w.l(libinit2.o)
    0x08000242   0x00000000   Code   RO         6120    .ARM.Collect$$libinit$$0000000C  c_w.l(libinit2.o)
    0x08000242   0x00000000   Code   RO         6122    .ARM.Collect$$libinit$$0000000E  c_w.l(libinit2.o)
    0x08000242   0x00000000   Code   RO         6125    .ARM.Collect$$libinit$$00000011  c_w.l(libinit2.o)
    0x08000242   0x00000000   Code   RO         6127    .ARM.Collect$$libinit$$00000013  c_w.l(libinit2.o)
    0x08000242   0x00000000   Code   RO         6129    .ARM.Collect$$libinit$$00000015  c_w.l(libinit2.o)
    0x08000242   0x00000000   Code   RO         6131    .ARM.Collect$$libinit$$00000017  c_w.l(libinit2.o)
    0x08000242   0x00000000   Code   RO         6133    .ARM.Collect$$libinit$$00000019  c_w.l(libinit2.o)
    0x08000242   0x00000000   Code   RO         6135    .ARM.Collect$$libinit$$0000001B  c_w.l(libinit2.o)
    0x08000242   0x00000000   Code   RO         6137    .ARM.Collect$$libinit$$0000001D  c_w.l(libinit2.o)
    0x08000242   0x00000000   Code   RO         6139    .ARM.Collect$$libinit$$0000001F  c_w.l(libinit2.o)
    0x08000242   0x00000000   Code   RO         6141    .ARM.Collect$$libinit$$00000021  c_w.l(libinit2.o)
    0x08000242   0x00000000   Code   RO         6143    .ARM.Collect$$libinit$$00000023  c_w.l(libinit2.o)
    0x08000242   0x00000000   Code   RO         6145    .ARM.Collect$$libinit$$00000025  c_w.l(libinit2.o)
    0x08000242   0x00000000   Code   RO         6149    .ARM.Collect$$libinit$$0000002C  c_w.l(libinit2.o)
    0x08000242   0x00000000   Code   RO         6151    .ARM.Collect$$libinit$$0000002E  c_w.l(libinit2.o)
    0x08000242   0x00000000   Code   RO         6153    .ARM.Collect$$libinit$$00000030  c_w.l(libinit2.o)
    0x08000242   0x00000000   Code   RO         6155    .ARM.Collect$$libinit$$00000032  c_w.l(libinit2.o)
    0x08000242   0x00000002   Code   RO         6156    .ARM.Collect$$libinit$$00000033  c_w.l(libinit2.o)
    0x08000244   0x00000002   Code   RO         6182    .ARM.Collect$$libshutdown$$00000000  c_w.l(libshutdown.o)
    0x08000246   0x00000000   Code   RO         6210    .ARM.Collect$$libshutdown$$00000003  c_w.l(libshutdown2.o)
    0x08000246   0x00000000   Code   RO         6213    .ARM.Collect$$libshutdown$$00000006  c_w.l(libshutdown2.o)
    0x08000246   0x00000000   Code   RO         6216    .ARM.Collect$$libshutdown$$00000009  c_w.l(libshutdown2.o)
    0x08000246   0x00000000   Code   RO         6218    .ARM.Collect$$libshutdown$$0000000B  c_w.l(libshutdown2.o)
    0x08000246   0x00000000   Code   RO         6221    .ARM.Collect$$libshutdown$$0000000E  c_w.l(libshutdown2.o)
    0x08000246   0x00000002   Code   RO         6222    .ARM.Collect$$libshutdown$$0000000F  c_w.l(libshutdown2.o)
    0x08000248   0x00000000   Code   RO         5906    .ARM.Collect$$rtentry$$00000000  c_w.l(__rtentry.o)
    0x08000248   0x00000000   Code   RO         6010    .ARM.Collect$$rtentry$$00000002  c_w.l(__rtentry2.o)
    0x08000248   0x00000006   Code   RO         6022    .ARM.Collect$$rtentry$$00000004  c_w.l(__rtentry4.o)
    0x0800024e   0x00000000   Code   RO         6012    .ARM.Collect$$rtentry$$00000009  c_w.l(__rtentry2.o)
    0x0800024e   0x00000004   Code   RO         6013    .ARM.Collect$$rtentry$$0000000A  c_w.l(__rtentry2.o)
    0x08000252   0x00000000   Code   RO         6015    .ARM.Collect$$rtentry$$0000000C  c_w.l(__rtentry2.o)
    0x08000252   0x00000008   Code   RO         6016    .ARM.Collect$$rtentry$$0000000D  c_w.l(__rtentry2.o)
    0x0800025a   0x00000002   Code   RO         6099    .ARM.Collect$$rtexit$$00000000  c_w.l(rtexit.o)
    0x0800025c   0x00000000   Code   RO         6158    .ARM.Collect$$rtexit$$00000002  c_w.l(rtexit2.o)
    0x0800025c   0x00000004   Code   RO         6159    .ARM.Collect$$rtexit$$00000003  c_w.l(rtexit2.o)
    0x08000260   0x00000006   Code   RO         6160    .ARM.Collect$$rtexit$$00000004  c_w.l(rtexit2.o)
    0x08000266   0x00000002   PAD
    0x08000268   0x00000040   Code   RO         1708    .text               startup_stm32f40_41xxx.o
    0x080002a8   0x00000034   Code   RO         4181    .text               cpu_a.o
    0x080002dc   0x00000002   Code   RO         5866    .text               c_w.l(use_no_semi_2.o)
    0x080002de   0x00000024   Code   RO         5872    .text               c_w.l(strstr.o)
    0x08000302   0x00000006   Code   RO         5884    .text               c_w.l(heapauxi.o)
    0x08000308   0x00000002   Code   RO         5904    .text               c_w.l(use_no_semi.o)
    0x0800030a   0x0000004a   Code   RO         6041    .text               c_w.l(sys_stackheap_outer.o)
    0x08000354   0x0000000c   Code   RO         6080    .text               c_w.l(exit.o)
    0x08000360   0x00000008   Code   RO         6096    .text               c_w.l(libspace.o)
    0x08000368   0x000000ac   Code   RO         5795    CODE                os_cpu_a.o
    0x08000414   0x000000b0   Code   RO          565    i.ADC1_Configuration  adc.o
    0x080004c4   0x00000016   Code   RO         2440    i.ADC_Cmd           stm32f4xx_adc.o
    0x080004da   0x00000002   PAD
    0x080004dc   0x00000030   Code   RO         2441    i.ADC_CommonInit    stm32f4xx_adc.o
    0x0800050c   0x00000016   Code   RO         2444    i.ADC_DMACmd        stm32f4xx_adc.o
    0x08000522   0x00000016   Code   RO         2445    i.ADC_DMARequestAfterLastTransferCmd  stm32f4xx_adc.o
    0x08000538   0x00000054   Code   RO         2460    i.ADC_Init          stm32f4xx_adc.o
    0x0800058c   0x000000b8   Code   RO         2465    i.ADC_RegularChannelConfig  stm32f4xx_adc.o
    0x08000644   0x0000000a   Code   RO         2467    i.ADC_SoftwareStartConv  stm32f4xx_adc.o
    0x0800064e   0x00000002   PAD
    0x08000650   0x00000108   Code   RO         1029    i.AnalyzeRecieve    modbus_slave.o
    0x08000758   0x00000012   Code   RO            3    i.Auto_task         main.o
    0x0800076a   0x0000000e   Code   RO         3962    i.BSP_CPU_ClkFreq   bsp.o
    0x08000778   0x00000004   Code   RO          372    i.BusFault_Handler  stm32f4xx_it.o
    0x0800077c   0x00000100   Code   RO          856    i.CAN1_Mode_Init    can.o
    0x0800087c   0x00000064   Code   RO          857    i.CAN1_RX0_IRQHandler  can.o
    0x080008e0   0x0000006c   Code   RO          859    i.CAN1_Send_Msg     can.o
    0x0800094c   0x00000104   Code   RO          860    i.CAN2_Mode_Init    can.o
    0x08000a50   0x00000188   Code   RO          861    i.CAN2_RX0_IRQHandler  can.o
    0x08000bd8   0x00000070   Code   RO          863    i.CAN2_Send_Msg     can.o
    0x08000c48   0x00000108   Code   RO         3667    i.CAN_FilterInit    stm32f4xx_can.o
    0x08000d50   0x00000012   Code   RO         3673    i.CAN_ITConfig      stm32f4xx_can.o
    0x08000d62   0x00000114   Code   RO         3674    i.CAN_Init          stm32f4xx_can.o
    0x08000e76   0x000000f0   Code   RO         3677    i.CAN_Receive       stm32f4xx_can.o
    0x08000f66   0x00000126   Code   RO         3682    i.CAN_Transmit      stm32f4xx_can.o
    0x0800108c   0x000000a0   Code   RO         3683    i.CAN_TransmitStatus  stm32f4xx_can.o
    0x0800112c   0x0000000c   Code   RO         4057    i.CPU_Init          cpu_core.o
    0x08001138   0x00000030   Code   RO         4058    i.CPU_NameClr       cpu_core.o
    0x08001168   0x00000008   Code   RO         4060    i.CPU_NameInit      cpu_core.o
    0x08001170   0x00000014   Code   RO         4064    i.CPU_TS_Init       cpu_core.o
    0x08001184   0x0000000c   Code   RO         4066    i.CPU_TS_TmrFreqSet  cpu_core.o
    0x08001190   0x00000034   Code   RO         3964    i.CPU_TS_TmrInit    bsp.o
    0x080011c4   0x0000000c   Code   RO         3965    i.CPU_TS_TmrRd      bsp.o
    0x080011d0   0x0000003a   Code   RO         1030    i.CalcCrc           modbus_slave.o
    0x0800120a   0x00000002   PAD
    0x0800120c   0x0000012c   Code   RO         1317    i.CanSend_data      function.o
    0x08001338   0x00000024   Code   RO         1489    i.ClearStationToHmi  route.o
    0x0800135c   0x00000018   Code   RO         1490    i.ClearStepToHmi    route.o
    0x08001374   0x0000082e   Code   RO            4    i.Control_task      main.o
    0x08001ba2   0x00000018   Code   RO            5    i.DEMO1_task        main.o
    0x08001bba   0x00000020   Code   RO            6    i.DEMO2_task        main.o
    0x08001bda   0x00000010   Code   RO            7    i.DEMO_task         main.o
    0x08001bea   0x00000002   PAD
    0x08001bec   0x00000028   Code   RO          373    i.DMA1_Stream3_IRQHandler  stm32f4xx_it.o
    0x08001c14   0x00000038   Code   RO          374    i.DMA1_Stream4_IRQHandler  stm32f4xx_it.o
    0x08001c4c   0x00000028   Code   RO          375    i.DMA1_Stream6_IRQHandler  stm32f4xx_it.o
    0x08001c74   0x0000006c   Code   RO          376    i.DMA2_Stream0_IRQHandler  stm32f4xx_it.o
    0x08001ce0   0x00000030   Code   RO          377    i.DMA2_Stream7_IRQHandler  stm32f4xx_it.o
    0x08001d10   0x00000034   Code   RO         2677    i.DMA_ClearITPendingBit  stm32f4xx_dma.o
    0x08001d44   0x00000016   Code   RO         2678    i.DMA_Cmd           stm32f4xx_dma.o
    0x08001d5a   0x00000002   PAD
    0x08001d5c   0x00000158   Code   RO         2679    i.DMA_DeInit        stm32f4xx_dma.o
    0x08001eb4   0x00000008   Code   RO         2684    i.DMA_GetCurrDataCounter  stm32f4xx_dma.o
    0x08001ebc   0x00000064   Code   RO         2688    i.DMA_GetITStatus   stm32f4xx_dma.o
    0x08001f20   0x0000003a   Code   RO         2689    i.DMA_ITConfig      stm32f4xx_dma.o
    0x08001f5a   0x00000002   PAD
    0x08001f5c   0x00000058   Code   RO         2690    i.DMA_Init          stm32f4xx_dma.o
    0x08001fb4   0x00000004   Code   RO         2693    i.DMA_SetCurrDataCounter  stm32f4xx_dma.o
    0x08001fb8   0x00000108   Code   RO          585    i.DMA_Uart2_Init    dma.o
    0x080020c0   0x00000108   Code   RO          586    i.DMA_Uart3_Init    dma.o
    0x080021c8   0x00000108   Code   RO          587    i.DMA_Uart4_Init    dma.o
    0x080022d0   0x00000108   Code   RO          588    i.DMA_Uart6_Init    dma.o
    0x080023d8   0x0000009c   Code   RO          589    i.DMA_adc1_Init     dma.o
    0x08002474   0x00000002   Code   RO          378    i.DebugMon_Handler  stm32f4xx_it.o
    0x08002476   0x00000002   PAD
    0x08002478   0x0000012c   Code   RO         1491    i.DeleteProcessData  route.o
    0x080025a4   0x00000090   Code   RO         1759    i.GPIO_Init         stm32f4xx_gpio.o
    0x08002634   0x00000046   Code   RO         1760    i.GPIO_PinAFConfig  stm32f4xx_gpio.o
    0x0800267a   0x00000004   Code   RO         1766    i.GPIO_ResetBits    stm32f4xx_gpio.o
    0x0800267e   0x00000004   Code   RO         1767    i.GPIO_SetBits      stm32f4xx_gpio.o
    0x08002682   0x00000002   PAD
    0x08002684   0x000000ec   Code   RO         1494    i.GetProcessData    route.o
    0x08002770   0x000000d8   Code   RO         1495    i.GetProcessDataFrom  route.o
    0x08002848   0x00000028   Code   RO         1496    i.GetProcessStepNum  route.o
    0x08002870   0x00000054   Code   RO         1497    i.GetRouteData      route.o
    0x080028c4   0x0000003c   Code   RO         1498    i.GetRouteStationNum  route.o
    0x08002900   0x00000004   Code   RO          379    i.HardFault_Handler  stm32f4xx_it.o
    0x08002904   0x00000044   Code   RO         1499    i.HmiAutoReload     route.o
    0x08002948   0x00000010   Code   RO         3824    i.IWDG_Enable       stm32f4xx_iwdg.o
    0x08002958   0x00000008   Code   RO         1642    i.IWDG_Feed         iwdg.o
    0x08002960   0x00000024   Code   RO         1643    i.IWDG_Init         iwdg.o
    0x08002984   0x00000010   Code   RO         3826    i.IWDG_ReloadCounter  stm32f4xx_iwdg.o
    0x08002994   0x0000000c   Code   RO         3827    i.IWDG_SetPrescaler  stm32f4xx_iwdg.o
    0x080029a0   0x0000000c   Code   RO         3828    i.IWDG_SetReload    stm32f4xx_iwdg.o
    0x080029ac   0x0000000c   Code   RO         3829    i.IWDG_WriteAccessCmd  stm32f4xx_iwdg.o
    0x080029b8   0x00000108   Code   RO         1500    i.InsertProcessData  route.o
    0x08002ac0   0x0000029c   Code   RO          545    i.LED_Init          led.o
    0x08002d5c   0x00000380   Code   RO            8    i.Manual_task       main.o
    0x080030dc   0x00000004   Code   RO          380    i.MemManage_Handler  stm32f4xx_it.o
    0x080030e0   0x00000012   Code   RO         4325    i.Mem_Clr           lib_mem.o
    0x080030f2   0x00000054   Code   RO         4341    i.Mem_Set           lib_mem.o
    0x08003146   0x00000002   PAD
    0x08003148   0x000000a8   Code   RO         1325    i.MotoStop          function.o
    0x080031f0   0x00000074   Code   RO         1326    i.Motor_Fzhuan      function.o
    0x08003264   0x00000074   Code   RO         1328    i.Motor_Zzhuan      function.o
    0x080032d8   0x00000002   Code   RO          381    i.NMI_Handler       stm32f4xx_it.o
    0x080032da   0x00000002   PAD
    0x080032dc   0x00000078   Code   RO         1714    i.NVIC_Init         misc.o
    0x08003354   0x00000014   Code   RO         1715    i.NVIC_PriorityGroupConfig  misc.o
    0x08003368   0x000000fc   Code   RO         4594    i.OSCfg_Init        os_cfg_app.o
    0x08003464   0x00000014   Code   RO         5711    i.OSIdleTaskHook    os_cpu_c.o
    0x08003478   0x0000018c   Code   RO         4617    i.OSInit            os_core.o
    0x08003604   0x00000028   Code   RO         5712    i.OSInitHook        os_cpu_c.o
    0x0800362c   0x0000002c   Code   RO         4618    i.OSIntEnter        os_core.o
    0x08003658   0x000000dc   Code   RO         4619    i.OSIntExit         os_core.o
    0x08003734   0x000000a0   Code   RO         4620    i.OSSched           os_core.o
    0x080037d4   0x00000074   Code   RO         4621    i.OSSchedLock       os_core.o
    0x08003848   0x00000064   Code   RO         4622    i.OSSchedRoundRobinCfg  os_core.o
    0x080038ac   0x00000094   Code   RO         4624    i.OSSchedUnlock     os_core.o
    0x08003940   0x00000068   Code   RO         4625    i.OSStart           os_core.o
    0x080039a8   0x00000138   Code   RO         5317    i.OSStatReset       os_stat.o
    0x08003ae0   0x000000f0   Code   RO         5318    i.OSStatTaskCPUUsageInit  os_stat.o
    0x08003bd0   0x00000014   Code   RO         5713    i.OSStatTaskHook    os_cpu_c.o
    0x08003be4   0x0000025c   Code   RO         5348    i.OSTaskCreate      os_task.o
    0x08003e40   0x00000018   Code   RO         5714    i.OSTaskCreateHook  os_cpu_c.o
    0x08003e58   0x000001c4   Code   RO         5349    i.OSTaskDel         os_task.o
    0x0800401c   0x00000018   Code   RO         5715    i.OSTaskDelHook     os_cpu_c.o
    0x08004034   0x0000007c   Code   RO         5357    i.OSTaskResume      os_task.o
    0x080040b0   0x00000018   Code   RO         5716    i.OSTaskReturnHook  os_cpu_c.o
    0x080040c8   0x00000214   Code   RO         5358    i.OSTaskSemPend     os_task.o
    0x080042dc   0x000000d4   Code   RO         5362    i.OSTaskStkChk      os_task.o
    0x080043b0   0x0000025c   Code   RO         5717    i.OSTaskStkInit     os_cpu_c.o
    0x0800460c   0x00000060   Code   RO         5363    i.OSTaskSuspend     os_task.o
    0x0800466c   0x00000088   Code   RO         5718    i.OSTaskSwHook      os_cpu_c.o
    0x080046f4   0x00000118   Code   RO         5563    i.OSTimeDly         os_time.o
    0x0800480c   0x000001f0   Code   RO         5564    i.OSTimeDlyHMSM     os_time.o
    0x080049fc   0x00000044   Code   RO         5568    i.OSTimeTick        os_time.o
    0x08004a40   0x00000014   Code   RO         5719    i.OSTimeTickHook    os_cpu_c.o
    0x08004a54   0x000001b0   Code   RO         4863    i.OS_Dbg_Init       os_dbg.o
    0x08004c04   0x00000018   Code   RO         4888    i.OS_FlagInit       os_flag.o
    0x08004c1c   0x00000230   Code   RO         4889    i.OS_FlagPost       os_flag.o
    0x08004e4c   0x00000056   Code   RO         4890    i.OS_FlagTaskRdy    os_flag.o
    0x08004ea2   0x00000002   PAD
    0x08004ea4   0x00000044   Code   RO         4627    i.OS_IdleTask       os_core.o
    0x08004ee8   0x00000070   Code   RO         4628    i.OS_IdleTaskInit   os_core.o
    0x08004f58   0x000000fc   Code   RO         4962    i.OS_IntQPost       os_int.o
    0x08005054   0x000001a4   Code   RO         4963    i.OS_IntQRePost     os_int.o
    0x080051f8   0x000000b4   Code   RO         4964    i.OS_IntQTask       os_int.o
    0x080052ac   0x00000128   Code   RO         4965    i.OS_IntQTaskInit   os_int.o
    0x080053d4   0x00000018   Code   RO         4996    i.OS_MemInit        os_mem.o
    0x080053ec   0x00000036   Code   RO         5028    i.OS_MsgPoolCreate  os_msg.o
    0x08005422   0x00000002   PAD
    0x08005424   0x00000054   Code   RO         5029    i.OS_MsgPoolInit    os_msg.o
    0x08005478   0x00000044   Code   RO         5030    i.OS_MsgQFreeAll    os_msg.o
    0x080054bc   0x0000000e   Code   RO         5032    i.OS_MsgQInit       os_msg.o
    0x080054ca   0x00000002   PAD
    0x080054cc   0x000000fc   Code   RO         5033    i.OS_MsgQPut        os_msg.o
    0x080055c8   0x00000018   Code   RO         5078    i.OS_MutexInit      os_mutex.o
    0x080055e0   0x00000068   Code   RO         4629    i.OS_Pend           os_core.o
    0x08005648   0x00000026   Code   RO         4632    i.OS_PendDataInit   os_core.o
    0x0800566e   0x00000002   PAD
    0x08005670   0x0000005c   Code   RO         4633    i.OS_PendDbgNameAdd  os_core.o
    0x080056cc   0x00000024   Code   RO         4634    i.OS_PendDbgNameRemove  os_core.o
    0x080056f0   0x00000066   Code   RO         4638    i.OS_PendListInsertPrio  os_core.o
    0x08005756   0x00000030   Code   RO         4639    i.OS_PendListRemove  os_core.o
    0x08005786   0x00000042   Code   RO         4640    i.OS_PendListRemove1  os_core.o
    0x080057c8   0x000000c0   Code   RO         4643    i.OS_Post           os_core.o
    0x08005888   0x0000002a   Code   RO         4644    i.OS_Post1          os_core.o
    0x080058b2   0x00000002   PAD
    0x080058b4   0x00000028   Code   RO         5136    i.OS_PrioGetHighest  os_prio.o
    0x080058dc   0x00000018   Code   RO         5137    i.OS_PrioInit       os_prio.o
    0x080058f4   0x00000024   Code   RO         5138    i.OS_PrioInsert     os_prio.o
    0x08005918   0x00000024   Code   RO         5139    i.OS_PrioRemove     os_prio.o
    0x0800593c   0x00000018   Code   RO         5182    i.OS_QInit          os_q.o
    0x08005954   0x0000014c   Code   RO         5183    i.OS_QPost          os_q.o
    0x08005aa0   0x00000024   Code   RO         4645    i.OS_RdyListInit    os_core.o
    0x08005ac4   0x0000002c   Code   RO         4646    i.OS_RdyListInsert  os_core.o
    0x08005af0   0x00000040   Code   RO         4647    i.OS_RdyListInsertHead  os_core.o
    0x08005b30   0x0000003c   Code   RO         4648    i.OS_RdyListInsertTail  os_core.o
    0x08005b6c   0x00000044   Code   RO         4649    i.OS_RdyListMoveHeadToTail  os_core.o
    0x08005bb0   0x0000005c   Code   RO         4650    i.OS_RdyListRemove  os_core.o
    0x08005c0c   0x00000054   Code   RO         4651    i.OS_Sched0         os_core.o
    0x08005c60   0x0000001c   Code   RO         4652    i.OS_SchedLockTimeMeasStart  os_core.o
    0x08005c7c   0x0000003c   Code   RO         4653    i.OS_SchedLockTimeMeasStop  os_core.o
    0x08005cb8   0x000000d0   Code   RO         4654    i.OS_SchedRoundRobin  os_core.o
    0x08005d88   0x00000018   Code   RO         5254    i.OS_SemInit        os_sem.o
    0x08005da0   0x00000164   Code   RO         5255    i.OS_SemPost        os_sem.o
    0x08005f04   0x0000035c   Code   RO         5319    i.OS_StatTask       os_stat.o
    0x08006260   0x000000cc   Code   RO         5320    i.OS_StatTaskInit   os_stat.o
    0x0800632c   0x00000038   Code   RO         4655    i.OS_TaskBlock      os_core.o
    0x08006364   0x00000030   Code   RO         5365    i.OS_TaskDbgListAdd  os_task.o
    0x08006394   0x00000044   Code   RO         5366    i.OS_TaskDbgListRemove  os_task.o
    0x080063d8   0x00000020   Code   RO         5367    i.OS_TaskInit       os_task.o
    0x080063f8   0x000000c8   Code   RO         5368    i.OS_TaskInitTCB    os_task.o
    0x080064c0   0x0000020c   Code   RO         5369    i.OS_TaskQPost      os_task.o
    0x080066cc   0x0000001c   Code   RO         4656    i.OS_TaskRdy        os_core.o
    0x080066e8   0x00000140   Code   RO         5370    i.OS_TaskResume     os_task.o
    0x08006828   0x00000018   Code   RO         5371    i.OS_TaskReturn     os_task.o
    0x08006840   0x000004c4   Code   RO         5372    i.OS_TaskSemPost    os_task.o
    0x08006d04   0x00000150   Code   RO         5373    i.OS_TaskSuspend    os_task.o
    0x08006e54   0x00000028   Code   RO         5515    i.OS_TickListInit   os_tick.o
    0x08006e7c   0x000001bc   Code   RO         5516    i.OS_TickListInsert  os_tick.o
    0x08007038   0x00000038   Code   RO         5517    i.OS_TickListRemove  os_tick.o
    0x08007070   0x00000024   Code   RO         5518    i.OS_TickListResetPeak  os_tick.o
    0x08007094   0x000001f8   Code   RO         5519    i.OS_TickListUpdate  os_tick.o
    0x0800728c   0x0000002c   Code   RO         5520    i.OS_TickTask       os_tick.o
    0x080072b8   0x000000b8   Code   RO         5521    i.OS_TickTaskInit   os_tick.o
    0x08007370   0x00000128   Code   RO         5614    i.OS_TmrInit        os_tmr.o
    0x08007498   0x000000d0   Code   RO         5615    i.OS_TmrLink        os_tmr.o
    0x08007568   0x00000024   Code   RO         5616    i.OS_TmrResetPeak   os_tmr.o
    0x0800758c   0x000000c0   Code   RO         5617    i.OS_TmrTask        os_tmr.o
    0x0800764c   0x00000050   Code   RO         5618    i.OS_TmrUnlink      os_tmr.o
    0x0800769c   0x00000018   Code   RO            9    i.PID_task          main.o
    0x080076b4   0x00000020   Code   RO         1856    i.RCC_AHB1PeriphClockCmd  stm32f4xx_rcc.o
    0x080076d4   0x00000020   Code   RO         1865    i.RCC_APB1PeriphClockCmd  stm32f4xx_rcc.o
    0x080076f4   0x00000020   Code   RO         1868    i.RCC_APB2PeriphClockCmd  stm32f4xx_rcc.o
    0x08007714   0x000000e8   Code   RO         1877    i.RCC_GetClocksFreq  stm32f4xx_rcc.o
    0x080077fc   0x000000fc   Code   RO         1031    i.Recirve_01        modbus_slave.o
    0x080078f8   0x0000013c   Code   RO         1032    i.Recirve_02        modbus_slave.o
    0x08007a34   0x000000bc   Code   RO         1033    i.Recirve_03        modbus_slave.o
    0x08007af0   0x000000f8   Code   RO         1034    i.Recirve_04        modbus_slave.o
    0x08007be8   0x00000088   Code   RO         1035    i.Recirve_05        modbus_slave.o
    0x08007c70   0x0000009c   Code   RO         1036    i.Recirve_06        modbus_slave.o
    0x08007d0c   0x000000b8   Code   RO         1037    i.Recirve_10        modbus_slave.o
    0x08007dc4   0x00000054   Code   RO          793    i.SPI2_ReadWriteByte  spi.o
    0x08007e18   0x00000012   Code   RO         3511    i.SPI_I2S_GetFlagStatus  stm32f4xx_spi.o
    0x08007e2a   0x00000006   Code   RO         3514    i.SPI_I2S_ReceiveData  stm32f4xx_spi.o
    0x08007e30   0x00000004   Code   RO         3515    i.SPI_I2S_SendData  stm32f4xx_spi.o
    0x08007e34   0x00000002   Code   RO          382    i.SVC_Handler       stm32f4xx_it.o
    0x08007e36   0x00000002   PAD
    0x08007e38   0x00000bd4   Code   RO           10    i.Screen_task       main.o
    0x08008a0c   0x00000014   Code   RO         1501    i.SetAllParameterToSystem  route.o
    0x08008a20   0x00000014   Code   RO         1504    i.SetOneParameterToSystem  route.o
    0x08008a34   0x000000c8   Code   RO         1505    i.SetProcessData    route.o
    0x08008afc   0x00000070   Code   RO         1506    i.SetRouteData      route.o
    0x08008b6c   0x00000060   Code   RO         1507    i.SetStationData    route.o
    0x08008bcc   0x000000ec   Code   RO          486    i.SetSysClock       system_stm32f4xx.o
    0x08008cb8   0x00000028   Code   RO         1718    i.SysTick_CLKSourceConfig  misc.o
    0x08008ce0   0x0000001c   Code   RO         3874    i.SysTick_Handler   delay.o
    0x08008cfc   0x00000068   Code   RO          488    i.SystemInit        system_stm32f4xx.o
    0x08008d64   0x00000048   Code   RO          964    i.TIM1_BRK_TIM9_IRQHandler  capcount9.o
    0x08008dac   0x0000006c   Code   RO          824    i.TIM2_IRQHandler   timer2.o
    0x08008e18   0x00000048   Code   RO          933    i.TIM3_IRQHandler   capcount3.o
    0x08008e60   0x00000006   Code   RO         2946    i.TIM_ClearITPendingBit  stm32f4xx_tim.o
    0x08008e66   0x00000022   Code   RO         2972    i.TIM_GetITStatus   stm32f4xx_tim.o
    0x08008e88   0x00000004   Code   RO         3013    i.TIM_SetCompare1   stm32f4xx_tim.o
    0x08008e8c   0x00000004   Code   RO         3014    i.TIM_SetCompare2   stm32f4xx_tim.o
    0x08008e90   0x00000004   Code   RO         3015    i.TIM_SetCompare3   stm32f4xx_tim.o
    0x08008e94   0x00000004   Code   RO         3016    i.TIM_SetCompare4   stm32f4xx_tim.o
    0x08008e98   0x00000084   Code   RO         1154    i.TLC5620_Init      tlc5620.o
    0x08008f1c   0x00000150   Code   RO         1156    i.TLC5620_OUTnum    tlc5620.o
    0x0800906c   0x00000012   Code   RO           11    i.Task5_task        main.o
    0x0800907e   0x00000002   PAD
    0x08009080   0x0000001c   Code   RO           12    i.Transducer_task   main.o
    0x0800909c   0x000000c0   Code   RO          383    i.UART4_IRQHandler  stm32f4xx_it.o
    0x0800915c   0x0000008c   Code   RO         1186    i.USART1_Configuration  usart.o
    0x080091e8   0x000000c8   Code   RO         1187    i.USART2_Configuration  usart.o
    0x080092b0   0x000000f0   Code   RO          384    i.USART2_IRQHandler  stm32f4xx_it.o
    0x080093a0   0x000000d0   Code   RO         1188    i.USART3_Configuration  usart.o
    0x08009470   0x000000c4   Code   RO          385    i.USART3_IRQHandler  stm32f4xx_it.o
    0x08009534   0x000000ec   Code   RO         1189    i.USART4_Configuration  usart.o
    0x08009620   0x000000c8   Code   RO         1190    i.USART6_Configuration  usart.o
    0x080096e8   0x0000005c   Code   RO          386    i.USART6_IRQHandler  stm32f4xx_it.o
    0x08009744   0x00000012   Code   RO         2246    i.USART_ClearFlag   stm32f4xx_usart.o
    0x08009756   0x0000001e   Code   RO         2247    i.USART_ClearITPendingBit  stm32f4xx_usart.o
    0x08009774   0x00000018   Code   RO         2250    i.USART_Cmd         stm32f4xx_usart.o
    0x0800978c   0x00000012   Code   RO         2251    i.USART_DMACmd      stm32f4xx_usart.o
    0x0800979e   0x00000054   Code   RO         2254    i.USART_GetITStatus  stm32f4xx_usart.o
    0x080097f2   0x0000004a   Code   RO         2256    i.USART_ITConfig    stm32f4xx_usart.o
    0x0800983c   0x000000d4   Code   RO         2257    i.USART_Init        stm32f4xx_usart.o
    0x08009910   0x0000001c   Code   RO          590    i.Uart3_Start_DMA_Tx  dma.o
    0x0800992c   0x00000028   Code   RO          591    i.Uart4_Start_DMA_Tx  dma.o
    0x08009954   0x00000058   Code   RO         1508    i.UpdataProcessToHmi  route.o
    0x080099ac   0x000000d4   Code   RO         1509    i.UpdataStationToHmi  route.o
    0x08009a80   0x000000b0   Code   RO         1510    i.UpdataStationToNow  route.o
    0x08009b30   0x00000004   Code   RO          387    i.UsageFault_Handler  stm32f4xx_it.o
    0x08009b34   0x00000048   Code   RO          682    i.W25QXX_Erase_Sector  w25qxx.o
    0x08009b7c   0x00000050   Code   RO          684    i.W25QXX_Read       w25qxx.o
    0x08009bcc   0x0000002c   Code   RO          686    i.W25QXX_ReadSR     w25qxx.o
    0x08009bf8   0x00000048   Code   RO          687    i.W25QXX_Read_16    w25qxx.o
    0x08009c40   0x00000012   Code   RO          688    i.W25QXX_Wait_Busy  w25qxx.o
    0x08009c52   0x00000002   PAD
    0x08009c54   0x000000b8   Code   RO          689    i.W25QXX_Write      w25qxx.o
    0x08009d0c   0x0000004c   Code   RO          690    i.W25QXX_Write_16   w25qxx.o
    0x08009d58   0x00000020   Code   RO          692    i.W25QXX_Write_Enable  w25qxx.o
    0x08009d78   0x00000046   Code   RO          693    i.W25QXX_Write_NoCheck  w25qxx.o
    0x08009dbe   0x00000002   PAD
    0x08009dc0   0x00000054   Code   RO          694    i.W25QXX_Write_Page  w25qxx.o
    0x08009e14   0x00000010   Code   RO           13    i.WIFI_task         main.o
    0x08009e24   0x00000004   Code   RO         1191    i._sys_exit         usart.o
    0x08009e28   0x00000020   Code   RO         1337    i.delay             function.o
    0x08009e48   0x00000070   Code   RO         3875    i.delay_init        delay.o
    0x08009eb8   0x0000000a   Code   RO         3877    i.delay_osschedlock  delay.o
    0x08009ec2   0x0000000a   Code   RO         3878    i.delay_osschedunlock  delay.o
    0x08009ecc   0x00000058   Code   RO         3880    i.delay_us          delay.o
    0x08009f24   0x00000094   Code   RO         1038    i.errorsend         modbus_slave.o
    0x08009fb8   0x00000068   Code   RO           14    i.float_task        main.o
    0x0800a020   0x00000190   Code   RO           15    i.main              main.o
    0x0800a1b0   0x00000018   Code   RO         3881    i.osdelay_ms        delay.o
    0x0800a1c8   0x00000010   Code   RO         1039    i.send_comm         modbus_slave.o
    0x0800a1d8   0x00000428   Code   RO           16    i.start_task        main.o
    0x0800a600   0x0000002e   Code   RO         5897    x$fpl$dflt          fz_wm.l(dflt_clz.o)
    0x0800a62e   0x0000000a   Code   RO         6170    x$fpl$fpinit        fz_wm.l(fpinit.o)
    0x0800a638   0x00000000   Code   RO         6008    x$fpl$usenofp       fz_wm.l(usenofp.o)
    0x0800a638   0x000000a4   Data   RO         4596    .constdata          os_cfg_app.o
    0x0800a6dc   0x0000016c   Data   RO         4864    .constdata          os_dbg.o
    0x0800a848   0x00000020   Data   RO         6223    Region$$Table       anon$$obj.o


    Execution Region RW_IRAM1 (Base: 0x20000000, Size: 0x0000e1c8, Max: 0x00020000, ABSOLUTE, COMPRESSED[0x00000034])

    Base Addr    Size         Type   Attr      Idx    E Section Name        Object

    0x20000000   0x00000001   Data   RW           18    .data               main.o
    0x20000001   0x00000004   Data   RW          594    .data               dma.o
    0x20000005   0x00000003   PAD
    0x20000008   0x00000010   Data   RW          826    .data               timer2.o
    0x20000018   0x0000001c   Data   RW          866    .data               can.o
    0x20000034   0x00000008   Data   RW          934    .data               capcount3.o
    0x2000003c   0x00000008   Data   RW          966    .data               capcount9.o
    0x20000044   0x00000004   Data   RW         1041    .data               modbus_slave.o
    0x20000048   0x0000003c   Data   RW         1342    .data               function.o
    0x20000084   0x00000008   Data   RW         1512    .data               route.o
    0x2000008c   0x0000001c   Data   RW         1672    .data               read.o
    0x200000a8   0x00000010   Data   RW         1909    .data               stm32f4xx_rcc.o
    0x200000b8   0x00000004   Data   RW         3883    .data               delay.o
    0x200000bc   0x00000004   Data   RW         4070    .data               cpu_core.o
    0x200000c0   0x00000008   Data   RW         5140    .data               os_prio.o
    0x200000c8   0x000000c8   Data   RW         5696    .data               os_var.o
    0x20000190   0x00000004   Data   RW         5722    .data               os_cpu_c.o
    0x20000194   0x000071f4   Zero   RW           17    .bss                main.o
    0x20007388   0x000007b0   Zero   RW          593    .bss                dma.o
    0x20007b38   0x00001fa0   Zero   RW          696    .bss                w25qxx.o
    0x20009ad8   0x00000020   Zero   RW          865    .bss                can.o
    0x20009af8   0x000001c0   Zero   RW         1040    .bss                modbus_slave.o
    0x20009cb8   0x00000071   Zero   RW         1341    .bss                function.o
    0x20009d29   0x00000001   PAD
    0x20009d2a   0x00001aba   Zero   RW         1511    .bss                route.o
    0x2000b7e4   0x00000010   Zero   RW         4068    .bss                cpu_core.o
    0x2000b7f4   0x00001490   Zero   RW         4595    .bss                os_cfg_app.o
    0x2000cc84   0x000006e0   Zero   RW         5695    .bss                os_var.o
    0x2000d364   0x00000060   Zero   RW         6097    .bss                c_w.l(libspace.o)
    0x2000d3c4   0x00000004   PAD
    0x2000d3c8   0x00000200   Zero   RW         1706    HEAP                startup_stm32f40_41xxx.o
    0x2000d5c8   0x00000c00   Zero   RW         1705    STACK               startup_stm32f40_41xxx.o


==============================================================================

Image component sizes


      Code (inc. data)   RO Data    RW Data    ZI Data      Debug   Object Name

       176          8          0          0          0        705   adc.o
        78         14          0          0          0       1618   bsp.o
      1228         78          0         28         32       6515   can.o
        72         12          0          8          0        812   capcount3.o
        72         12          0          8          0        833   capcount9.o
        52          0          0          0          0        340   cpu_a.o
       100         18          0          4         16      12297   cpu_core.o
       272         26          0          4          0       3569   delay.o
      1280         92          0          4       1968       6025   dma.o
       732         36          0         60        113       5422   function.o
        44          0          0          0          0       1064   iwdg.o
       668         86          0          0          0        951   led.o
       102          0          0          0          0       1808   lib_mem.o
      7762        570          0          1      29172     377407   main.o
       180         24          0          0          0       2329   misc.o
      1966        180          0          4        448      10283   modbus_slave.o
       252        166        164          0       5264      20946   os_cfg_app.o
      3016        412          0          0          0      21400   os_core.o
       172         32          0          0          0        408   os_cpu_a.o
       912         56          0          4          0       7232   os_cpu_c.o
       432        286        364          0          0       4797   os_dbg.o
       670         26          0          0          0       3049   os_flag.o
      1148        204          0          0          0       3522   os_int.o
        24         10          0          0          0        897   os_mem.o
       472         26          0          0          0       3840   os_msg.o
        24         10          0          0          0        899   os_mutex.o
       136         16          0          8          0       2946   os_prio.o
       356         18          0          0          0       2174   os_q.o
       380         16          0          0          0       2198   os_sem.o
      1616        208          0          0          0       4011   os_stat.o
      4792        256          0          0          0      13432   os_task.o
      1308        124          0          0          0       5605   os_tick.o
       844         44          0          0          0       3041   os_time.o
       812        134          0          0          0       4268   os_tmr.o
         0          0          0        200       1760      19357   os_var.o
         0          0          0         28          0       1350   read.o
      2252        214          0          8       6842      11271   route.o
        84          6          0          0          0        689   spi.o
        64         26        392          0       3584        848   startup_stm32f40_41xxx.o
       392         24          0          0          0       5943   stm32f4xx_adc.o
      1252         28          0          0          0       5545   stm32f4xx_can.o
       676         58          0          0          0       6817   stm32f4xx_dma.o
       222          0          0          0          0       3175   stm32f4xx_gpio.o
      1034        164          0          0          0      34719   stm32f4xx_it.o
        68         30          0          0          0       2850   stm32f4xx_iwdg.o
       328         36          0         16          0       4951   stm32f4xx_rcc.o
        28          0          0          0          0       2561   stm32f4xx_spi.o
        56          0          0          0          0       4474   stm32f4xx_tim.o
       460          8          0          0          0       5969   stm32f4xx_usart.o
       340         32          0          0          0       1485   system_stm32f4xx.o
       108         34          0         16          0        912   timer2.o
       468         40          0          0          0       1452   tlc5620.o
       988         48          0          0          0       4335   usart.o
       732         52          0          0       8096       7307   w25qxx.o

    ----------------------------------------------------------------------
     41740       4000        952        404      57296     662653   Object Totals
         0          0         32          0          0          0   (incl. Generated)
        38          0          0          3          1          0   (incl. Padding)

    ----------------------------------------------------------------------

      Code (inc. data)   RO Data    RW Data    ZI Data      Debug   Library Member Name

        90          0          0          0          0          0   __dczerorl2.o
         8          0          0          0          0         68   __main.o
         0          0          0          0          0          0   __rtentry.o
        12          0          0          0          0          0   __rtentry2.o
         6          0          0          0          0          0   __rtentry4.o
        52          8          0          0          0          0   __scatter.o
        28          0          0          0          0          0   __scatter_zi.o
        12          0          0          0          0         72   exit.o
         6          0          0          0          0        152   heapauxi.o
         2          0          0          0          0          0   libinit.o
         6          0          0          0          0          0   libinit2.o
         2          0          0          0          0          0   libshutdown.o
         2          0          0          0          0          0   libshutdown2.o
         8          4          0          0         96         68   libspace.o
         2          0          0          0          0          0   rtexit.o
        10          0          0          0          0          0   rtexit2.o
        36          0          0          0          0         80   strstr.o
        74          0          0          0          0         80   sys_stackheap_outer.o
         2          0          0          0          0         68   use_no_semi.o
         2          0          0          0          0         68   use_no_semi_2.o
        46          0          0          0          0        116   dflt_clz.o
        10          0          0          0          0        116   fpinit.o
         0          0          0          0          0          0   usenofp.o

    ----------------------------------------------------------------------
       420         12          0          0        100        888   Library Totals
         4          0          0          0          4          0   (incl. Padding)

    ----------------------------------------------------------------------

      Code (inc. data)   RO Data    RW Data    ZI Data      Debug   Library Name

       360         12          0          0         96        656   c_w.l
        56          0          0          0          0        232   fz_wm.l

    ----------------------------------------------------------------------
       420         12          0          0        100        888   Library Totals

    ----------------------------------------------------------------------

==============================================================================


      Code (inc. data)   RO Data    RW Data    ZI Data      Debug   

     42160       4012        952        404      57396     636633   Grand Totals
     42160       4012        952         52      57396     636633   ELF Image Totals (compressed)
     42160       4012        952         52          0          0   ROM Totals

==============================================================================

    Total RO  Size (Code + RO Data)                43112 (  42.10kB)
    Total RW  Size (RW Data + ZI Data)             57800 (  56.45kB)
    Total ROM Size (Code + RO Data + RW Data)      43164 (  42.15kB)

==============================================================================

